--------- beginning of main
02-24 16:37:11.933  4432  4432 E adbd    : failed to connect to socket 'tcp:6666': Connection refused
02-24 16:37:12.075 17066 17066 D ProcessState: Binder ioctl to enable oneway spam detection failed: Invalid argument
--------- beginning of system
02-24 16:37:12.079  1770 14770 I ActivityTaskManager: START u0 {flg=0x10000000 cmp=com.TwoBricksGamingCompany.HexAdventure/com.epicgames.ue4.SplashActivity} from uid 2000
02-24 16:37:12.085  1155  5303 E ANDR-PERF-LM: ThreadHelper: thread_callback() 145: More than one pending updates!!! This should not happen. MeterMgr should avoid this case.
02-24 16:37:12.086  1770 14770 E ANDR-PERF-JNI: com_qualcomm_qtiperformance_native_perf_io_prefetch_start
02-24 16:37:12.086  1155  1284 E ANDR-PERF-LM: MetaMeter: handleAsync() 166: AdaptLaunch Invalid Async
02-24 16:37:12.087  1155  1284 E ANDR-PERF-LM: MetaMeter: handleAsync() 166: AdaptLaunch Invalid Async
02-24 16:37:12.087  1155  1284 E ANDR-PERF-LM: MetaMeter: handleAsync() 166: AdaptLaunch Invalid Async
02-24 16:37:12.088  1770 14770 W ActivityTaskManager: Can't find TaskDisplayArea to determine support for multi window. Task id=2108 attached=false
02-24 16:37:12.096  1770 14770 D CompatibilityChangeReporter: Compat change id reported: 174042980; UID 10341; state: DISABLED
02-24 16:37:12.097  1770 14770 D CompatibilityChangeReporter: Compat change id reported: 184838306; UID 10341; state: DISABLED
02-24 16:37:12.098  1770 14770 D CompatibilityChangeReporter: Compat change id reported: 185004937; UID 10341; state: DISABLED
02-24 16:37:12.099  1770 14770 D CompatibilityChangeReporter: Compat change id reported: 181136395; UID 10341; state: DISABLED
02-24 16:37:12.099  1770 14770 D CompatibilityChangeReporter: Compat change id reported: 174042936; UID 10341; state: DISABLED
02-24 16:37:12.104  1770 14770 D CompatibilityInfo: mCompatibilityFlags - 0
02-24 16:37:12.104  1770 14770 D CompatibilityInfo: applicationDensity - 400
02-24 16:37:12.104  1770 14770 D CompatibilityInfo: applicationScale - 1.0
02-24 16:37:12.106  1770 14770 D ActivityTrigger: ActivityTrigger activityPauseTrigger 
02-24 16:37:12.133  1770  2265 D CompatibilityChangeReporter: Compat change id reported: 135634846; UID 10341; state: DISABLED
02-24 16:37:12.134  1770  2312 D CompatibilityChangeReporter: Compat change id reported: 143937733; UID 10341; state: DISABLED
02-24 16:37:12.142   975   975 D Zygote  : Forked child process 17079
02-24 16:37:12.145  1155  1284 E ANDR-PERF-LM: MetaMeter: handleAsync() 166: AdaptLaunch Invalid Async
02-24 16:37:12.145  1770  2312 I ActivityManager: Start proc 17079:com.TwoBricksGamingCompany.HexAdventure/u0a341 for pre-top-activity {com.TwoBricksGamingCompany.HexAdventure/com.epicgames.ue4.SplashActivity}
02-24 16:37:12.144  1155  5303 E ANDR-PERF-LM: ThreadHelper: thread_callback() 145: More than one pending updates!!! This should not happen. MeterMgr should avoid this case.
02-24 16:37:12.147  1770 17080 W ContextImpl: Calling a method in the system process without a qualified user: android.app.ContextImpl.sendBroadcast:1173 com.qualcomm.qti.Performance$SendGameLaunchBroadcast.run:217 java.lang.Thread.run:1012 <bottom of call stack> <bottom of call stack> 
02-24 16:37:12.150  7205 13506 W SQLiteLog: (28) double-quoted string literal: "com.TwoBricksGamingCompany.HexAdventure"
02-24 16:37:12.166   807 21295 I OpenGLRenderer: Davey! duration=9222272884350ms; Flags=1, FrameTimelineVsyncId=19690088, IntendedVsync=1099152499240332, Vsync=1099152499240332, InputEventId=0, HandleInputStart=1099152502900340, AnimationStart=1099152502902476, PerformTraversalsStart=1099152503019819, DrawStart=1099152514070080, FrameDeadline=1099152515906998, FrameInterval=1099152502894142, FrameStartTime=16666666, SyncQueued=1099152514374559, SyncStart=1099152519527684, IssueDrawCommandsStart=1099152519680653, SwapBuffers=1099152528229090, FrameCompleted=9223372036854775807, DequeueBufferDuration=6302709, QueueBufferDuration=1472552, GpuCompleted=9223372036854775807, SwapBuffersCompleted=1099152530426330, DisplayPresentTime=0, 
02-24 16:37:12.167 17079 17079 I ny.HexAdventur: Late-enabling -Xcheck:jni
02-24 16:37:12.199 17079 17079 W ny.HexAdventur: Using default instruction set features for ARM CPU variant (cortex-a9) using conservative defaults
02-24 16:37:12.202  4432  4438 I adbd    : jdwp connection from 17079
02-24 16:37:12.203 17079 17079 D ProcessState: Binder ioctl to enable oneway spam detection failed: Invalid argument
02-24 16:37:12.208  1155  1284 E ANDR-PERF-LM: MetaMeter: handleAsync() 166: AdaptLaunch Invalid Async
02-24 16:37:12.209  1770 14770 D CompatibilityInfo: mCompatibilityFlags - 0
02-24 16:37:12.209  1770 14770 D CompatibilityInfo: applicationDensity - 400
02-24 16:37:12.209  1770 14770 D CompatibilityInfo: applicationScale - 1.0
02-24 16:37:12.211  1770 14770 D CompatibilityInfo: mCompatibilityFlags - 0
02-24 16:37:12.211  1770 14770 D CompatibilityInfo: applicationDensity - 400
02-24 16:37:12.211  1770 14770 D CompatibilityInfo: applicationScale - 1.0
02-24 16:37:12.216 17079 17079 D CompatibilityChangeReporter: Compat change id reported: 171979766; UID 10341; state: DISABLED
02-24 16:37:12.217  7082  7566 D iris@ForegroundUtils: onForegroundActivitiesChanged: pid = 17079, uid = 10341, foregroundActivities = true
02-24 16:37:12.218  7082 26334 I iris@ForegroundUtils: onTaskStackChanged
02-24 16:37:12.222   814   814 I GsaVoiceInteractionSrv: Handling ACTION_STOP_HOTWORD
02-24 16:37:12.223   814   860 I HwDetectorWithState: (REDACTED) a: %d
02-24 16:37:12.223 17079 17079 D ApplicationLoaders: Returning zygote-cached class loader: /system/framework/android.test.base.jar
02-24 16:37:12.223 17079 17079 W ziparchive: Unable to open '/data/app/~~jpXzGe4_OJ_qp5sE-4j0Dg==/com.TwoBricksGamingCompany.HexAdventure-byCPKghSytH_SB3Sn8guQQ==/base.dm': No such file or directory
02-24 16:37:12.223 17079 17079 W ziparchive: Unable to open '/data/app/~~jpXzGe4_OJ_qp5sE-4j0Dg==/com.TwoBricksGamingCompany.HexAdventure-byCPKghSytH_SB3Sn8guQQ==/base.dm': No such file or directory
02-24 16:37:12.225  7082  7566 D iris@ForegroundUtils: Id: 17079 ProcessName: com.TwoBricksGamingCompany.HexAdventure  Label: HexAdventure
02-24 16:37:12.225  7082  7566 D iris@ForegroundUtils: dispatchActivityChanged: pkg = com.TwoBricksGamingCompany.HexAdventure
02-24 16:37:12.226  7082  7566 D iris@ForegroundUtils: dispatchActivityChanged: 1234, pkg = com.TwoBricksGamingCompany.HexAdventure
02-24 16:37:12.226  7082  7566 D iris@ForegroundUtils: dispatchActivityChanged: 2222
02-24 16:37:12.226  7082  7566 D nxt@AbsFeatrueService: onUidToForeground2() called with: pkg = [com.TwoBricksGamingCompany.HexAdventure], cls = [], activityType = [-1]
02-24 16:37:12.226  7082  7566 D Iris3EnhanceService: doCheckSdr2Hdr() called with: pkg = [com.TwoBricksGamingCompany.HexAdventure], cls = [], activityType = [-1]
02-24 16:37:12.227  7082  7566 D Iris3EnhanceService: doCheckSdr2Hdr() called with: pkg = [com.TwoBricksGamingCompany.HexAdventure], cls = [], activityType = [-11]
02-24 16:37:12.227  7082  7566 D nxt@BaseService: onCheckSdrTohdrDecoding() called with: currentPkg = [com.TwoBricksGamingCompany.HexAdventure] isDecoding = false mDecodingPkg: null
02-24 16:37:12.227  7082  7566 W nxt@Iris6CmdUtil: SET A IRIS6 CMD from last setp closeMultimediaEnhancementInternal to closeReadingmode
02-24 16:37:12.227  7082  7566 D nxt@BaseService: checkNotification() called with: pkg = [com.TwoBricksGamingCompany.HexAdventure]
02-24 16:37:12.227  1150  1398 I IRIS_LOG_SERV: irisConfigureSet(162, 1, 0)
02-24 16:37:12.288 17079 17079 I Perf    : Connecting to perf service.
02-24 16:37:12.294 17079 17079 V GraphicsEnvironment: ANGLE Developer option for 'com.TwoBricksGamingCompany.HexAdventure' set to: 'default'
02-24 16:37:12.294 17079 17079 V GraphicsEnvironment: ANGLE GameManagerService for com.TwoBricksGamingCompany.HexAdventure: false
02-24 16:37:12.294 17079 17079 V GraphicsEnvironment: Updatable production driver is not supported on the device.
02-24 16:37:12.296 17079 17079 D NetworkSecurityConfig: No Network Security Config specified, using platform default
02-24 16:37:12.296 17079 17079 D NetworkSecurityConfig: No Network Security Config specified, using platform default
02-24 16:37:12.308 17079 17098 V UE4     : [NetworkChangedManager] Network Available: 682
02-24 16:37:12.309 17079 17098 V UE4     : [NetworkChangedManager] No network state set yet, setting naive network state checking connection fully.
02-24 16:37:12.309 17079 17098 V UE4     : [NetworkChangedManager] Network connectivity changed. New connectivity state: CONNECTION_AVAILABLE
02-24 16:37:12.310 17079 17098 V UE4     : [NetworkChangedManager] Network Capabilities changed, has Internet: true
02-24 16:37:12.311  1770  4104 D ConnectivityService: NetReassign [no changes] [c 0] [a 1] [i 3]
02-24 16:37:12.311 17079 17099 V UE4     : [NetworkChangedManager] Verifying internet connection with host: https://example.com/
02-24 16:37:12.347  1770  7475 I ActivityTaskManager: START u0 {flg=0x10000 cmp=com.TwoBricksGamingCompany.HexAdventure/com.epicgames.ue4.GameActivity (has extras)} from uid 10341
02-24 16:37:12.349  1155  5303 E ANDR-PERF-LM: ThreadHelper: thread_callback() 145: More than one pending updates!!! This should not happen. MeterMgr should avoid this case.
02-24 16:37:12.349  1770  7475 E ANDR-PERF-JNI: com_qualcomm_qtiperformance_native_perf_io_prefetch_start
02-24 16:37:12.351  1155  1284 E ANDR-PERF-LM: MetaMeter: handleAsync() 166: AdaptLaunch Invalid Async
02-24 16:37:12.352  1155  1284 E ANDR-PERF-LM: MetaMeter: handleAsync() 166: AdaptLaunch Invalid Async
02-24 16:37:12.352  1770  7475 D CompatibilityInfo: mCompatibilityFlags - 0
02-24 16:37:12.352  1770  7475 D CompatibilityInfo: applicationDensity - 400
02-24 16:37:12.352  1770  7475 D CompatibilityInfo: applicationScale - 1.0
02-24 16:37:12.352  1155  1284 E ANDR-PERF-LM: MetaMeter: handleAsync() 166: AdaptLaunch Invalid Async
02-24 16:37:12.353  1770  7475 D ActivityTrigger: ActivityTrigger activityPauseTrigger 
02-24 16:37:12.353  1155  1284 E ANDR-PERF-LM: MetaMeter: handleAsync() 166: AdaptLaunch Invalid Async
02-24 16:37:12.359  1155  1284 W ANDR-PERF-LM: MetaMeter: handleAsync() 171: GameOptimization Invalid state for appName com.TwoBricksGamingCompany.HexAdventure 
02-24 16:37:12.362  1770  7475 I ActivityTaskManager: The Process com.TwoBricksGamingCompany.HexAdventure Already Exists in BG. So sending its PID: 17079
02-24 16:37:12.362  1770  7475 W ActivityTaskManager: Tried to set launchTime (0) < mLastActivityLaunchTime (1099152582)
02-24 16:37:12.364  1770  7475 D CompatibilityInfo: mCompatibilityFlags - 0
02-24 16:37:12.364  1770  7475 D CompatibilityInfo: applicationDensity - 400
02-24 16:37:12.364  1770  7475 D CompatibilityInfo: applicationScale - 1.0
02-24 16:37:12.364  1155  1284 W ANDR-PERF-LM: FeatureState: writeState() 188: GameOptimization: State transition not allowed
02-24 16:37:12.364  1155  1284 E ANDR-PERF-LM: MetaMeter: handleAsync() 166: AdaptLaunch Invalid Async
02-24 16:37:12.400 17079 17079 D UE4     : dlopen failed: library "libheapprofd_standalone_client.so" not found
02-24 16:37:12.401 17079 17079 D UE4     : Used memory before allocating anything was 98.32MB
02-24 16:37:12.428  7082  7566 I nxt@Iris6CmdUtil: ON  irisConfigureSetOneParm TYPE =162parm = 0result = 0
02-24 16:37:12.428  7082  7566 D nxt@Iris6CmdUtil: openVideoOrGameEnhanceForWhiteList: pkg=com.TwoBricksGamingCompany.HexAdventurefalsefalsefalse
02-24 16:37:12.428  7082  7566 W nxt@Iris6CmdUtil: SET A IRIS6 CMD from last setp closeReadingmode to closeEnforceSDRToHDR: isDecoding = false
02-24 16:37:12.428  7082  7566 W nxt@Iris6CmdUtil: SET A IRIS6 CMD from last setp closeEnforceSDRToHDR: isDecoding = false to closeMultimediaEnhancementInternal
02-24 16:37:12.458  1770  2265 I ActivityTaskManager: Config changes=20000480 {1.0 302mcc220mnc [en_GB] ldltr sw432dp w855dp h408dp 400dpi nrml long hdr land night finger -keyb/v/h -nav/h winConfig={ mBounds=Rect(0, 0 - 2340, 1080) mAppBounds=Rect(81, 0 - 2220, 1080) mMaxBounds=Rect(0, 0 - 2340, 1080) mWindowingMode=fullscreen mDisplayWindowingMode=fullscreen mActivityType=undefined mAlwaysOnTop=undefined mRotation=ROTATION_90} s.4508 fontWeightAdjustment=0}
02-24 16:37:12.466  1770  2265 I WindowManager: Override config changes=20000480 {1.0 302mcc220mnc [en_GB] ldltr sw432dp w855dp h408dp 400dpi nrml long hdr land night finger -keyb/v/h -nav/h winConfig={ mBounds=Rect(0, 0 - 2340, 1080) mAppBounds=Rect(81, 0 - 2220, 1080) mMaxBounds=Rect(0, 0 - 2340, 1080) mWindowingMode=fullscreen mDisplayWindowingMode=fullscreen mActivityType=undefined mAlwaysOnTop=undefined mRotation=ROTATION_90} s.4508 fontWeightAdjustment=0} for displayId=0
02-24 16:37:12.478 29270 29270 I DeviceModeUtil: DeviceModeUtil.getDeviceMode():123 Get device mode phone by ui mode:1 and smallestScreenWidthDp:432
02-24 16:37:12.480 29270 29270 W GoogleInputMethodService: GoogleInputMethodService.onConfigurationChanged():1591 onConfigurationChanged() : NewConfig = {1.0 302mcc220mnc [en_GB] ldltr sw432dp w855dp h408dp 400dpi nrml long hdr land night finger -keyb/v/h -nav/h winConfig={ mBounds=Rect(0, 0 - 2340, 1080) mAppBounds=Rect(81, 0 - 2220, 1080) mMaxBounds=Rect(0, 0 - 2340, 1080) mWindowingMode=fullscreen mDisplayWindowingMode=fullscreen mActivityType=undefined mAlwaysOnTop=undefined mRotation=ROTATION_90} s.4578 fontWeightAdjustment=0}
02-24 16:37:12.484  1770  2265 I InputManager-JNI: Viewport [0] to add: local:4630947175487691137, isActive: true
02-24 16:37:12.486   807   807 D StatusBar: disable<e i a s b h r c s > disable2<q i n >
02-24 16:37:12.491  1770  2693 I InputReader: Reconfiguring input devices, changes=DISPLAY_INFO | 
02-24 16:37:12.491  1770  2693 I InputReader: Device reconfigured: id=3, name='himax-touchscreen', size 1080x2340, orientation 1, mode 1, display id 0
02-24 16:37:12.496  4547  4602 D TelephonyProvider: subIdString = 3 subId = 3
02-24 16:37:12.496  4547  4602 D TelephonyProvider: subIdString = 3 subId = 3
02-24 16:37:12.498  7082  7566 I iris@ForegroundUtils: onTaskStackChanged
02-24 16:37:12.499 29270 29270 I GoogleInputMethodService: GoogleInputMethodService.onConfigurationChanged():1608 changedMask : 20000480
02-24 16:37:12.501 13198 13289 I BtGatt.ScanManager: msg.what = 8
02-24 16:37:12.501 29270 29270 I AbstractOpenableExtension: AbstractOpenableExtension.maybeDestroyExistingKeyboardGroupManager():512 Destroy existing keyboard group manager in edo
02-24 16:37:12.501 13198 13289 I BtGatt.ScanManager: msg.what = 5
02-24 16:37:12.502 29270 29270 I AbstractOpenableExtension: AbstractOpenableExtension.createKeyboardGroupManagerListenableFuture():124 Create keyboard group manager listenable future in edo
02-24 16:37:12.502 29270 29270 I AbstractOpenableExtension: AbstractOpenableExtension.maybeDestroyExistingKeyboardGroupManager():512 Destroy existing keyboard group manager in cti
02-24 16:37:12.503 29270 29270 I AbstractOpenableExtension: AbstractOpenableExtension.createKeyboardGroupManagerListenableFuture():124 Create keyboard group manager listenable future in cti
02-24 16:37:12.503 29270 29270 I AbstractOpenableExtension: AbstractOpenableExtension.maybeDestroyExistingKeyboardGroupManager():512 Destroy existing keyboard group manager in ecg
02-24 16:37:12.503 29270 29270 I AbstractOpenableExtension: AbstractOpenableExtension.createKeyboardGroupManagerListenableFuture():124 Create keyboard group manager listenable future in ecg
02-24 16:37:12.504  4547  4602 D CarrierConfigLoader: getConfigForSubIdWithFeature subid: 3 phoneid: 1 callingPackage: com.google.android.networkstack.tethering
02-24 16:37:12.504 29270 29270 I AbstractOpenableExtension: AbstractOpenableExtension.maybeDestroyExistingKeyboardGroupManager():512 Destroy existing keyboard group manager in efq
02-24 16:37:12.504 29270 29270 I AbstractOpenableExtension: AbstractOpenableExtension.createKeyboardGroupManagerListenableFuture():124 Create keyboard group manager listenable future in efq
02-24 16:37:12.505  7293  7293 I A       : (REDACTED) onApplyWindowInsets: systemWindowInsets=%s
02-24 16:37:12.506  7293  7293 I A       : (REDACTED) onApplyWindowInsets: systemWindowInsets=%s
02-24 16:37:12.506 29270 29270 I DeviceModeUtil: DeviceModeUtil.getDeviceMode():123 Get device mode phone by ui mode:1 and smallestScreenWidthDp:432
02-24 16:37:12.510 29270 29270 I KeyboardModeManager: KeyboardModeManager.setInputView():372 setInputView() : supportsOneHandedMode=false
02-24 16:37:12.510 29270 17115 I KeyboardGroupDefParser: KeyboardGroupDefParser.parseKeyboardGroupDef():88 parseKeyboardGroupDef() 2132214024 -> 0_resource_name_obfuscated : WaitTime = 2 ms : RunTime = 6 ms
02-24 16:37:12.510 29270 29270 I NormalModeController: NormalModeController.getKeyboardBodyViewHolderPaddingBottom():116 currentPrimeKeyboardType:SOFT systemPaddingBottom:-1
02-24 16:37:12.511 29270 17116 I KeyboardGroupDefParser: KeyboardGroupDefParser.parseKeyboardGroupDef():88 parseKeyboardGroupDef() 2132214030 -> 0_resource_name_obfuscated : WaitTime = 1 ms : RunTime = 7 ms
02-24 16:37:12.511 29270 29270 I KeyboardModeManager: KeyboardModeManager.setInputView():364 setInputView() : entry=hyt{languageTag=en-GB, variant=qwerty, hasLocalizedResources=true, conditionCacheKey=_device=phone_device_size=default_enable_adaptive_text_editing=true_enable_inline_suggestions_on_client_side=true_enable_large_tablet_batch_1=false_enable_large_tablet_batch_2=false_enable_more_candidates_view_for_multilingual=false_enable_nav_redesign=false_enable_navbar_motion=false_enable_number_row=true_enable_preemptive_decode=true_enable_secondary_symbols=false_expressions=normal_four_or_more_letter_rows=false_keyboard_mode=normal_language=en-GB_orientation=portrait_physical_keyboard=nokeys_show_secondary_digits=false_show_suggestions=true_split_with_duplicate_keys=true_variant=qwerty, imeDef.stringId=ime_english_great_britain, imeDef.className=com.google.android.apps.inputmethod.libs.latin5.LatinIme, imeDef.languageTag=en-GB}
02-24 16:37:12.512 29270 17117 I KeyboardGroupDefParser: KeyboardGroupDefParser.parseKeyboardGroupDef():88 parseKeyboardGroupDef() 2132214021 -> 0_resource_name_obfuscated : WaitTime = 4 ms : RunTime = 5 ms
02-24 16:37:12.514 29270 17118 I KeyboardGroupDefParser: KeyboardGroupDefParser.parseKeyboardGroupDef():88 parseKeyboardGroupDef() 2132214031 -> 0_resource_name_obfuscated : WaitTime = 6 ms : RunTime = 0 ms
02-24 16:37:12.516   807   807 D KeyguardUpdateMonitor: slot id:0 subId:2
02-24 16:37:12.516   807   807 D KeyguardUpdateMonitor: is emergency: falsevoice state: 0
02-24 16:37:12.516   807   807 D KeyguardUpdateMonitor: slot id:1 subId:3
02-24 16:37:12.516   807   807 D KeyguardUpdateMonitor: is emergency: falsevoice state: 0
02-24 16:37:12.517 29270 29270 I StyledKeyboardTheme: StyledKeyboardTheme.<init>():88 Pref: [], themeName: [silk:], darkMode: [true], cacheKey: [overlay_builtin_dynamic_color_dark_base.binarypb:dynamic-dark-ff191c1e-ffc1e8ff-d37f700cc2277d22bc655ff7b157d21a]
02-24 16:37:12.519 29270 29270 I DeviceModeUtil: DeviceModeUtil.getDeviceMode():123 Get device mode phone by ui mode:1 and smallestScreenWidthDp:432
02-24 16:37:12.519 29270 29270 I DeviceModeUtil: DeviceModeUtil.getDeviceMode():123 Get device mode phone by ui mode:1 and smallestScreenWidthDp:432
02-24 16:37:12.520 29270 29270 I DeviceModeUtil: DeviceModeUtil.getDeviceMode():123 Get device mode phone by ui mode:1 and smallestScreenWidthDp:432
02-24 16:37:12.521 29270 29270 I DeviceModeUtil: DeviceModeUtil.getDeviceMode():123 Get device mode phone by ui mode:1 and smallestScreenWidthDp:432
02-24 16:37:12.521 29270 29270 I GoogleInputMethodService: GoogleInputMethodService.initializeKeyboardTheme():1372 Apply keyboard theme: theme_border_stylesheet_noshadow_gsans_pillkey_silkpopup_refinedkp_phone_400_overlay_builtin_dynamic_color_dark_base.binarypb:dynamic-dark-ff191c1e-ffc1e8ff-d37f700cc2277d22bc655ff7b157d21a_land
02-24 16:37:12.534 29270 29270 I DeviceModeUtil: DeviceModeUtil.getDeviceMode():123 Get device mode phone by ui mode:1 and smallestScreenWidthDp:432
02-24 16:37:12.534 29270 29270 I NormalModeController: NormalModeController.getKeyboardBodyViewHolderPaddingBottom():116 currentPrimeKeyboardType:SOFT systemPaddingBottom:-1
02-24 16:37:12.539 29270 29270 I InputMethodEntryManager: InputMethodEntryManager.startLoadingInputMethodEntrySettings():743 Start loading input method entry settings: [LanguageTagVariantTuple{languageTag=en-GB, variant=qwerty}, LanguageTagVariantTuple{languageTag=sv-SE, variant=nordic}, LanguageTagVariantTuple{languageTag=ja-JP, variant=japanese_12keys_toggleflick}]
02-24 16:37:12.542 29270 29270 I InputMethodEntryManager: InputMethodEntryManager.updateInputMethodEntrySettingsLoadingTask():830 update loading task with resetImplicitlyEnabledEntries is false
02-24 16:37:12.543  2251  2269 E QMI_FW  : FEATURE_CACHE_QMI_HANDLE, cache user handle for client : 3
02-24 16:37:12.550  2251  2269 E QMI_FW  : FEATURE_CACHE_QMI_HANDLE, cache user handle for client : 3
02-24 16:37:12.550 29270 29270 I KeyboardViewUtil: KeyboardViewUtil.getKeyboardHeightRatio():189 systemKeyboardHeightRatio:1.000000; userKeyboardHeightRatio:1.000000.
02-24 16:37:12.564 29270 29270 W StyleResolver: StyleResolver.resolveValue():233 Invalid variable: color_silk_surface_background
02-24 16:37:12.568 29270 29270 I GoogleInputMethodService: GoogleInputMethodService.onStartInput():1930 onStartInput(EditorInfo{inputType=0x0(NULL) imeOptions=0x0 privateImeOptions=null actionName=UNSPECIFIED actionLabel=null actionId=0 initialSelStart=-1 initialSelEnd=-1 initialCapsMode=0x0 hintText=null label=null packageName=com.android.launcher3 fieldId=-1 fieldName=null extras=null}, true)
02-24 16:37:12.568 29270 29270 I GoogleInputMethodService: GoogleInputMethodService.shouldHideHeaderOnInitialState():4116 ShouldHideHeaderOnInitialState = false
02-24 16:37:12.569 29270 29270 I GoogleInputMethodService: GoogleInputMethodService.updateDeviceLockedStatus():2152 repeatCheckTimes = 2, unlocked = true
02-24 16:37:12.569 29270 29270 W SessionManager: SessionManager.beginSession():53 Try to begin an already begun session [INPUT_SESSION], end it first
02-24 16:37:12.574 29270 29270 I AbstractOpenableExtension: AbstractOpenableExtension$3.onSuccess():525 KeyboardGroupManager destroyed in edo.
02-24 16:37:12.574 29270 29270 I AbstractOpenableExtension: AbstractOpenableExtension$3.onSuccess():525 KeyboardGroupManager destroyed in cti.
02-24 16:37:12.574 29270 29270 I AbstractOpenableExtension: AbstractOpenableExtension$3.onSuccess():525 KeyboardGroupManager destroyed in ecg.
02-24 16:37:12.575 29270 29270 I AbstractOpenableExtension: AbstractOpenableExtension$3.onSuccess():525 KeyboardGroupManager destroyed in efq.
02-24 16:37:12.580 29270 29270 I GoogleInputMethodService: GoogleInputMethodService.lambda$setDecorViewApplyWindowInsetsListener$10():1184 update screenHeightWithoutNaviBar to: 1080
02-24 16:37:12.582 29270 29270 I GoogleInputMethodService: GoogleInputMethodService.lambda$setDecorViewApplyWindowInsetsListener$10():1190 update max height when insets changes
02-24 16:37:12.590 29270 29270 I InputMethodEntryManager: InputMethodEntryManager$5.onSuccess():849 Success load entries: [LanguageTagVariantTuple{languageTag=en-GB, variant=qwerty}, LanguageTagVariantTuple{languageTag=sv-SE, variant=nordic}, LanguageTagVariantTuple{languageTag=ja-JP, variant=japanese_12keys_toggleflick}], resetImplicitlyEnabledEntries=false
02-24 16:37:12.594 29270 29324 I SP      : Registering emoticon_content_description.2022081613, url: https://www.gstatic.com/android/keyboard/emoticon_content_desc/202208161305/superpacks_manifest.json, constraints: W:*:*:*, flags: bg, requested: 2022081613, current: 2022081613
02-24 16:37:12.598 29270 29270 I DictionarySuperpacksManager: DictionarySuperpacksManager$1.onEnabledInputMethodEntriesChanged():61 onEnabledInputMethodEntriesChanged
02-24 16:37:12.599 29270 29324 I SP      : Registering content_cache.2022112214, url: https://www.gstatic.com/android/keyboard/modelpack/contentcache/202211221443/superpacks_manifest.json, constraints: W:*:*:*, flags: bg, requested: 2022112214, current: 2022112214
02-24 16:37:12.600 29270 29270 I AbstractOpenableExtension: AbstractOpenableExtension.maybeDestroyExistingKeyboardGroupManager():512 Destroy existing keyboard group manager in edo
02-24 16:37:12.600 29270 29270 I AbstractOpenableExtension: AbstractOpenableExtension.createKeyboardGroupManagerListenableFuture():124 Create keyboard group manager listenable future in edo
02-24 16:37:12.600 29270 29270 I AbstractOpenableExtension: AbstractOpenableExtension.maybeDestroyExistingKeyboardGroupManager():512 Destroy existing keyboard group manager in cti
02-24 16:37:12.600 29270 29270 I AbstractOpenableExtension: AbstractOpenableExtension.createKeyboardGroupManagerListenableFuture():124 Create keyboard group manager listenable future in cti
02-24 16:37:12.601 29270 29270 I AbstractOpenableExtension: AbstractOpenableExtension.maybeDestroyExistingKeyboardGroupManager():512 Destroy existing keyboard group manager in ecg
02-24 16:37:12.601 29270 29270 I AbstractOpenableExtension: AbstractOpenableExtension.createKeyboardGroupManagerListenableFuture():124 Create keyboard group manager listenable future in ecg
02-24 16:37:12.601 29270 29270 I AbstractOpenableExtension: AbstractOpenableExtension.maybeDestroyExistingKeyboardGroupManager():512 Destroy existing keyboard group manager in efq
02-24 16:37:12.601 29270 29270 I AbstractOpenableExtension: AbstractOpenableExtension.createKeyboardGroupManagerListenableFuture():124 Create keyboard group manager listenable future in efq
02-24 16:37:12.602 29270 29270 I DeviceModeUtil: DeviceModeUtil.getDeviceMode():123 Get device mode phone by ui mode:1 and smallestScreenWidthDp:432
02-24 16:37:12.602 29270 17117 I KeyboardGroupDefParser: KeyboardGroupDefParser.parseKeyboardGroupDef():88 parseKeyboardGroupDef() 2132214024 -> 0_resource_name_obfuscated : WaitTime = 0 ms : RunTime = 1 ms
02-24 16:37:12.603 29270 17115 I KeyboardGroupDefParser: KeyboardGroupDefParser.parseKeyboardGroupDef():88 parseKeyboardGroupDef() 2132214021 -> 0_resource_name_obfuscated : WaitTime = 0 ms : RunTime = 2 ms
02-24 16:37:12.604 29270 17116 I KeyboardGroupDefParser: KeyboardGroupDefParser.parseKeyboardGroupDef():88 parseKeyboardGroupDef() 2132214031 -> 0_resource_name_obfuscated : WaitTime = 0 ms : RunTime = 2 ms
02-24 16:37:12.604 29270 29324 I SP      : Syncing emoticon_content_description (2022081613) with slices: [7a635888cb828dfa2fc744b7b9b50f04, 82203eaeaa17c7345d29b18e337a6f27, 6a2f0ebc2bb432d81ecb1b91a0d69752, 73ddbc26c0b22f61d2081a97a6bd94cc], metadata: false
02-24 16:37:12.605 29270 29270 I StyledKeyboardTheme: StyledKeyboardTheme.<init>():88 Pref: [], themeName: [silk:], darkMode: [true], cacheKey: [overlay_builtin_dynamic_color_dark_base.binarypb:dynamic-dark-ff191c1e-ffc1e8ff-d37f700cc2277d22bc655ff7b157d21a]
02-24 16:37:12.605 29270 29270 I DeviceModeUtil: DeviceModeUtil.getDeviceMode():123 Get device mode phone by ui mode:1 and smallestScreenWidthDp:432
02-24 16:37:12.606 29270 29270 I DeviceModeUtil: DeviceModeUtil.getDeviceMode():123 Get device mode phone by ui mode:1 and smallestScreenWidthDp:432
02-24 16:37:12.606 29270 29270 I DeviceModeUtil: DeviceModeUtil.getDeviceMode():123 Get device mode phone by ui mode:1 and smallestScreenWidthDp:432
02-24 16:37:12.606 29270 17118 I KeyboardGroupDefParser: KeyboardGroupDefParser.parseKeyboardGroupDef():88 parseKeyboardGroupDef() 2132214030 -> 0_resource_name_obfuscated : WaitTime = 0 ms : RunTime = 2 ms
02-24 16:37:12.607 29270 29270 I DeviceModeUtil: DeviceModeUtil.getDeviceMode():123 Get device mode phone by ui mode:1 and smallestScreenWidthDp:432
02-24 16:37:12.607 29270 29270 I GoogleInputMethodService: GoogleInputMethodService.initializeKeyboardTheme():1372 Apply keyboard theme: theme_border_stylesheet_noshadow_gsans_pillkey_silkpopup_refinedkp_phone_400_overlay_builtin_dynamic_color_dark_base.binarypb:dynamic-dark-ff191c1e-ffc1e8ff-d37f700cc2277d22bc655ff7b157d21a_land
02-24 16:37:12.616 29270 29270 I KeyboardDefManager: KeyboardDefManager$LoadKeyboardDefTask$1.onFailure():188 Task to load keyboard def was canceled.
02-24 16:37:12.616 29270 29270 I KeyboardDefManager: java.util.concurrent.CancellationException: Task was cancelled.
02-24 16:37:12.616 29270 29270 I KeyboardDefManager: 	at muy.s(PG:3)
02-24 16:37:12.616 29270 29270 I KeyboardDefManager: 	at muy.get(PG:4)
02-24 16:37:12.616 29270 29270 I KeyboardDefManager: 	at mjb.P(PG:1)
02-24 16:37:12.616 29270 29270 I KeyboardDefManager: 	at mjb.ai(PG:2)
02-24 16:37:12.616 29270 29270 I KeyboardDefManager: 	at mwp.run(PG:4)
02-24 16:37:12.616 29270 29270 I KeyboardDefManager: 	at android.os.Handler.handleCallback(Handler.java:938)
02-24 16:37:12.616 29270 29270 I KeyboardDefManager: 	at android.os.Handler.dispatchMessage(Handler.java:99)
02-24 16:37:12.616 29270 29270 I KeyboardDefManager: 	at android.os.Looper.loopOnce(Looper.java:201)
02-24 16:37:12.616 29270 29270 I KeyboardDefManager: 	at android.os.Looper.loop(Looper.java:288)
02-24 16:37:12.616 29270 29270 I KeyboardDefManager: 	at android.app.ActivityThread.main(ActivityThread.java:7894)
02-24 16:37:12.616 29270 29270 I KeyboardDefManager: 	at java.lang.reflect.Method.invoke(Native Method)
02-24 16:37:12.616 29270 29270 I KeyboardDefManager: 	at com.android.internal.os.RuntimeInit$MethodAndArgsCaller.run(RuntimeInit.java:548)
02-24 16:37:12.616 29270 29270 I KeyboardDefManager: 	at com.android.internal.os.ZygoteInit.main(ZygoteInit.java:1009)
02-24 16:37:12.616 29270 29270 I AbstractOpenableExtension: AbstractOpenableExtension$3.onSuccess():525 KeyboardGroupManager destroyed in edo.
02-24 16:37:12.617 29270 29270 I AbstractOpenableExtension: AbstractOpenableExtension$3.onSuccess():525 KeyboardGroupManager destroyed in cti.
02-24 16:37:12.617 29270 29270 I AbstractOpenableExtension: AbstractOpenableExtension$3.onSuccess():525 KeyboardGroupManager destroyed in ecg.
02-24 16:37:12.617 29270 29270 I AbstractOpenableExtension: AbstractOpenableExtension$3.onSuccess():525 KeyboardGroupManager destroyed in efq.
02-24 16:37:12.657   807   851 I NetworkController.MobileSignalController(3): isVowifiAvailable,mVoWiFiSettingEnabled = false mMMtelVowifi = false getDataNetworkType() = 13 mCurrentState.voiceCapable = false mCurrentState.imsRegistered = false, regTech = -1
02-24 16:37:12.663   807   851 I NetworkController.MobileSignalController(3): isVowifiAvailable,mVoWiFiSettingEnabled = false mMMtelVowifi = false getDataNetworkType() = 13 mCurrentState.voiceCapable = false mCurrentState.imsRegistered = false, regTech = -1
02-24 16:37:12.671 29270 29324 I SP      : Syncing content_cache (2022112214) with slices: [e9a5a2de48a4f8b9a658b411bcfb375d, 8722425f4121ffdea802b1066df73991, fa1da98da1212aad6fb9a8efaff48148], metadata: true
02-24 16:37:12.714   807   820 W System  : A resource failed to call release. 
02-24 16:37:12.716 17079 17079 D UE4     : In the JNI_OnLoad function
02-24 16:37:12.717 17079 17079 D UE4     : [JNI] - Failed to determine if app purchasing is enabled!
02-24 16:37:12.717   807   820 W System  : A resource failed to call release. 
02-24 16:37:12.719 17079 17079 D UE4     : Path found as '/storage/emulated/0'
02-24 16:37:12.719 17079 17079 D UE4     : Font Path found as '/system/fonts/'
02-24 16:37:12.719 17079 17079 D UE4     : In the JNI_OnLoad function 5
02-24 16:37:12.721 17079 17079 D OVRPlugin: JNI_OnLoad
02-24 16:37:12.729 17079 17099 V UE4     : [NetworkChangedManager] Connectivity hasn't changed. Current state: CONNECTION_AVAILABLE
02-24 16:37:12.729 17079 17099 V UE4     : [NetworkChangedManager] Full network check complete. State: CONNECTION_AVAILABLE
02-24 16:37:12.761 17079 17127 D UE4     : Entering native app glue main function
02-24 16:37:12.761 17079 17127 D UE4     : Created event thread
02-24 16:37:12.761 17079 17127 D UE4     : Entered AndroidMain()
02-24 16:37:12.761 17079 17128 D UE4     : Entering event processing thread engine entry point
02-24 16:37:12.762 17079 17128 D UE4     : Prepared looper for event thread
02-24 16:37:12.762 17079 17128 D UE4     : Passed callback initialization
02-24 16:37:12.762 17079 17128 D UE4     : Passed sensor initialization
02-24 16:37:12.762 17079 17127 D UE4     : Controller interface supported
02-24 16:37:12.763  1770  6635 W ServiceManager: Permission failure: android.permission.HIGH_SAMPLING_RATE_SENSORS from uid=10341 pid=17079
02-24 16:37:12.776 29270 29324 I SP      : Sync for emoticon_content_description succeeded in 176 ms: no changes
02-24 16:37:12.777 29270 29324 I SP      : GC for 'emoticon_content_description' (10) with ttl of 0 ms took 0 ms (0/0/0)
02-24 16:37:12.785  1770  6656 W WindowManager: Failed looking up window session=Session{af85d4a 17079:u0a10341} callers=com.android.server.wm.WindowManagerService.windowForClientLocked:5631 com.android.server.wm.Session.insetsModified:629 android.view.IWindowSession$Stub.onTransact:1151 
02-24 16:37:12.785 29270 17119 I KeyboardDefManager: KeyboardDefManager.lambda$loadKeyboardDef$2():382 parsing keyboard def from xml failed or task was canceled.
02-24 16:37:12.791 17079 17079 D UE4     : [GameActivity] Target SDK is 28.  This may cause issues if permissions are denied by the user.
02-24 16:37:12.792 29270 29324 I SP      : Sync for content_cache succeeded in 126 ms: no changes
02-24 16:37:12.792 17079 17079 E PermissionHelper: GVRTransition2DActivity.getActivity() failed. Trying to get GameActivity.
02-24 16:37:12.792 17079 17079 D PermissionHelper: checkPermission: android.permission.WRITE_EXTERNAL_STORAGE has granted
02-24 16:37:12.793 29270 29324 I SP      : GC for 'content_cache' (10) with ttl of 0 ms took 0 ms (0/0/0)
02-24 16:37:12.903 17079 17079 D UE4     : [GameActivity] Vulkan version: 1.1.0
02-24 16:37:12.903 17079 17079 D UE4     : [GameActivity] Vulkan level: 1
02-24 16:37:12.903 17079 17079 D UE4     : [GameActivity] Found DepthBufferPreference = 0
02-24 16:37:12.903 17079 17079 D UE4     : [GameActivity] Found bPackageDataInsideApk = 0
02-24 16:37:12.903 17079 17079 D UE4     : [GameActivity] Found ProjectName = HexAdventure
02-24 16:37:12.903 17079 17079 D UE4     : [GameActivity] Found AppType = 
02-24 16:37:12.903 17079 17079 D UE4     : [GameActivity] Found bHasOBBFiles = 0
02-24 16:37:12.904 17079 17079 D UE4     : [GameActivity] Found bVerifyOBBOnStartUp = false
02-24 16:37:12.904 17079 17079 D UE4     : [GameActivity] UI hiding set to true
02-24 16:37:12.904 17079 17079 D UE4     : [GameActivity] BuildConfiguration set to Development
02-24 16:37:12.904 17079 17079 D UE4     : [GameActivity] UseExternalFilesDir set to false
02-24 16:37:12.904 17079 17079 D UE4     : [GameActivity] PublicLogFiles set to false
02-24 16:37:12.904 17079 17079 D UE4     : [GameActivity] AllowIMU set to false
02-24 16:37:12.904 17079 17079 D UE4     : [GameActivity] SupportsVulkan set to false
02-24 16:37:12.904 17079 17130 D UE4     : [GameActivity] [MemoryAdvisor] Significant amount of memory is available for allocation. Estimate is 2458 MB
02-24 16:37:12.905 17079 17079 D UE4     : [GameActivity] No Oculus Mobile mode detected.
02-24 16:37:12.907  1770  7438 D CompatibilityChangeReporter: Compat change id reported: 149924527; UID 10341; state: ENABLED
02-24 16:37:12.907  1770  7438 D CompatibilityChangeReporter: Compat change id reported: 132649864; UID 10341; state: DISABLED
02-24 16:37:12.909 17079 17079 D UE4     : [GameActivity] Using commandline from: /storage/emulated/0/UE4Game/HexAdventure/UE4CommandLine.txt
02-24 16:37:12.909 17079 17079 D UE4     : [GameActivity] Parsing commandline: ../../../HexAdventure/HexAdventure.uproject  /Game/Maps/MainMenu -Messaging -SessionId=084DBA584544CC95C6C6E3A70C2EC94B -SessionOwner="carlt" -SessionName="Launch On Device" -iterative
02-24 16:37:12.910 17079 17079 I AdrenoGLES-0: QUALCOMM build                   : 5ac347592d, I5b26abddf4
02-24 16:37:12.910 17079 17079 I AdrenoGLES-0: Build Date                       : 12/24/21
02-24 16:37:12.910 17079 17079 I AdrenoGLES-0: OpenGL ES Shader Compiler Version: EV031.32.02.17
02-24 16:37:12.910 17079 17079 I AdrenoGLES-0: Local Branch                     : 
02-24 16:37:12.910 17079 17079 I AdrenoGLES-0: Remote Branch                    : 
02-24 16:37:12.910 17079 17079 I AdrenoGLES-0: Remote Branch                    : 
02-24 16:37:12.910 17079 17079 I AdrenoGLES-0: Reconstruct Branch               : 
02-24 16:37:12.910 17079 17079 I AdrenoGLES-0: Build Config                     : S P 10.0.7 AArch32
02-24 16:37:12.910 17079 17079 I AdrenoGLES-0: Driver Path                      : /vendor/lib/egl/libGLESv2_adreno.so
02-24 16:37:12.914 17079 17079 I AdrenoGLES-0: PFP: 0x016ee197, ME: 0x00000000
02-24 16:37:12.930 17079 17079 D UE4     : [GameActivity] ro.hardware: qcom
02-24 16:37:12.930 17079 17079 W libc    : Access denied finding property "ro.hardware.chipname"
02-24 16:37:12.930 17079 17079 D UE4     : [GameActivity] ro.hardware.chipname: 
02-24 16:37:12.930 17079 17079 D UE4     : [GameActivity] Hardware: Qualcomm Technologies, Inc LAGOON
02-24 16:37:12.931 17079 17079 D UE4     : [GameActivity] Memory: 7503 MB
02-24 16:37:12.934 17079 17079 D UE4     : [GameActivity] UseAffinity: false
02-24 16:37:12.934 17079 17079 D UE4     : [GameActivity] BigCoreMask: 0xffff
02-24 16:37:12.934 17079 17079 D UE4     : [GameActivity] LittleCoreMask: 0x0
02-24 16:37:12.934 17079 17079 D UE4     : [GameActivity] APK path: /data/app/~~jpXzGe4_OJ_qp5sE-4j0Dg==/com.TwoBricksGamingCompany.HexAdventure-byCPKghSytH_SB3Sn8guQQ==/base.apk
02-24 16:37:12.935 17079 17079 D UE4     : [GameActivity] OBB in APK: false
02-24 16:37:12.936 17079 17079 D UE4     : InternalFilePath found as '/data/user/0/com.TwoBricksGamingCompany.HexAdventure/files'
02-24 16:37:12.936 17079 17079 D UE4     : ExternalFilePath found as '/storage/emulated/0/Android/data/com.TwoBricksGamingCompany.HexAdventure/files'
02-24 16:37:12.936 17079 17079 D UE4     : App is running in Landscape
02-24 16:37:12.936 17079 17079 D UE4     : [GameActivity] Android version is 12
02-24 16:37:12.936 17079 17079 D UE4     : [GameActivity] Android manufacturer is Fairphone
02-24 16:37:12.936 17079 17079 D UE4     : [GameActivity] Android model is FP4
02-24 16:37:12.936 17079 17079 D UE4     : [GameActivity] Android build number is FP4.SP1Y.B.041.20230109
02-24 16:37:12.936 17079 17079 D UE4     : [GameActivity] OS language is set to en_GB
02-24 16:37:12.936 17079 17079 D UE4     : [GameActivity] Debugger attached is false
02-24 16:37:12.992 17079 17079 W PopupManager: You have not specified a View to use as content view for popups. Falling back to the Activity content view. Note that this may not work as expected in multi-screen environments
02-24 16:37:12.994 17079 17079 D UE4     : [GameActivity] googleClient is valid
02-24 16:37:12.995 17079 17079 D UE4     : [GameActivity] ==============> GameActive.onCreate complete!
02-24 16:37:12.996 17079 17079 D UE4     : [GameActivity] Creating console command broadcast listener
02-24 16:37:12.996 17079 17128 D UE4     : LogAndroidEvents::EnqueueAppEvent : 9, [width=-1, height=-1], tid = 17128, APP_EVENT_STATE_ON_START
02-24 16:37:12.997 17079 17079 D UE4     : [GameActivity] ==================================> Inside onStart function in GameActivity
02-24 16:37:12.998 17079 17079 V UE4     : [GameApp] App in foreground
02-24 16:37:12.999 17079 17128 D UE4     : Case APP_CMD_RESUME
02-24 16:37:12.999 17079 17079 D UE4     : [GameActivity] === Restoring Transparent Bars ===
02-24 16:37:12.999 17079 17128 D UE4     : LogAndroidEvents::EnqueueAppEvent : 7, [width=-1, height=-1], tid = 17128, APP_EVENT_STATE_ON_RESUME
02-24 16:37:13.000 17079 17079 D UE4     : [GameActivity] ==============> [JAVA] AndroidThunkJava_KeepScreenOn(false) - Enabled screen saver
02-24 16:37:13.000 17079 17079 D UE4     : [GameActivity] ==============> [JAVA] AndroidThunkJava_DisableScreenCapture(false) - Enabled screen captures
02-24 16:37:13.000 17079 17079 D UE4     : App is running in Landscape
02-24 16:37:13.000 17079 17079 D UE4     : [GameActivity] === Restoring Transparent Bars ===
02-24 16:37:13.000 17079 17079 D UE4     : [GameActivity] ==============> Resuming main init
02-24 16:37:13.006 17079 17127 D UE4     : APK Commandline: ../../../HexAdventure/HexAdventure.uproject  /Game/Maps/MainMenu -Messaging -SessionId=084DBA584544CC95C6C6E3A70C2EC94B -SessionOwner="carlt" -SessionName="Launch On Device" -iterative
02-24 16:37:13.008 17079 17127 D UE4     : Override Commandline: ../../../HexAdventure/HexAdventure.uproject  /Game/Maps/MainMenu -Messaging -SessionId=084DBA584544CC95C6C6E3A70C2EC94B -SessionOwner="carlt" -SessionName="Launch On Device" -iterative
02-24 16:37:13.008 17079 17127 D UE4     : Final commandline: ../../../HexAdventure/HexAdventure.uproject  /Game/Maps/MainMenu -Messaging -SessionId=084DBA584544CC95C6C6E3A70C2EC94B -SessionOwner="carlt" -SessionName="Launch On Device" -iterative
02-24 16:37:13.008 17079 17127 D UE4     : Created sync event
02-24 16:37:13.011 17079 17079 D UE4     : [GameActivity] ==============> GameActive.onResume complete!
02-24 16:37:13.016  1770  6656 W WindowManager: Failed looking up window session=Session{af85d4a 17079:u0a10341} callers=com.android.server.wm.WindowManagerService.windowForClientLocked:5631 com.android.server.wm.Session.insetsModified:629 android.view.IWindowSession$Stub.onTransact:1151 
02-24 16:37:13.026  1190  4140 W ServiceManager: Permission failure: android.permission.ACCESS_SURFACE_FLINGER from uid=10341 pid=17079
02-24 16:37:13.027  1190  4140 D PermissionCache: checking android.permission.ACCESS_SURFACE_FLINGER for uid=10341 => denied (462 us)
02-24 16:37:13.027  1190  4140 W ServiceManager: Permission failure: android.permission.ROTATE_SURFACE_FLINGER from uid=10341 pid=17079
02-24 16:37:13.027  1190  4140 D PermissionCache: checking android.permission.ROTATE_SURFACE_FLINGER for uid=10341 => denied (173 us)
02-24 16:37:13.030 17079 17100 I AdrenoGLES-0: QUALCOMM build                   : 5ac347592d, I5b26abddf4
02-24 16:37:13.030 17079 17100 I AdrenoGLES-0: Build Date                       : 12/24/21
02-24 16:37:13.030 17079 17100 I AdrenoGLES-0: OpenGL ES Shader Compiler Version: EV031.32.02.17
02-24 16:37:13.030 17079 17100 I AdrenoGLES-0: Local Branch                     : 
02-24 16:37:13.030 17079 17100 I AdrenoGLES-0: Remote Branch                    : 
02-24 16:37:13.030 17079 17100 I AdrenoGLES-0: Remote Branch                    : 
02-24 16:37:13.030 17079 17100 I AdrenoGLES-0: Reconstruct Branch               : 
02-24 16:37:13.030 17079 17100 I AdrenoGLES-0: Build Config                     : S P 10.0.7 AArch32
02-24 16:37:13.030 17079 17100 I AdrenoGLES-0: Driver Path                      : /vendor/lib/egl/libGLESv2_adreno.so
02-24 16:37:13.033 17079 17100 I AdrenoGLES-0: PFP: 0x016ee197, ME: 0x00000000
02-24 16:37:13.045  1150  1398 I SDM     : HWCDisplay::GetColorModeCount: Supported color mode count = 1
02-24 16:37:13.045  1150  1398 I SDM     : HWCDisplay::GetColorModes: Color mode = 0 is supported
02-24 16:37:13.046 17079 17100 D hw-ProcessState: Binder ioctl to enable oneway spam detection failed: Invalid argument
02-24 16:37:13.068 17079 17094 I OpenGLRenderer: Davey! duration=9222272883686ms; Flags=1, FrameTimelineVsyncId=19690193, IntendedVsync=1099153167853799, Vsync=1099153384520457, InputEventId=0, HandleInputStart=1099153392338100, AnimationStart=1099153392343152, PerformTraversalsStart=1099153392344871, DrawStart=1099153417845027, FrameDeadline=1099153184520465, FrameInterval=1099153392294767, FrameStartTime=16666666, SyncQueued=1099153418674246, SyncStart=1099153418790757, IssueDrawCommandsStart=1099153419060704, SwapBuffers=1099153433520392, FrameCompleted=9223372036854775807, DequeueBufferDuration=2684687, QueueBufferDuration=1026146, GpuCompleted=9223372036854775807, SwapBuffersCompleted=1099153435021434, DisplayPresentTime=8027435908366280487, 
02-24 16:37:13.089 17079 17128 D UE4     : Case APP_CMD_INIT_WINDOW
02-24 16:37:13.089 17079 17128 D UE4     : LogAndroidEvents::EnqueueAppEvent : 0, [width=2259, height=1080], tid = 17128, APP_EVENT_STATE_WINDOW_CREATED
02-24 16:37:13.095 17079 17079 D UE4     : [GameActivity] === Thermal status changed to 0
02-24 16:37:13.096 17079 17079 D UE4     : [GameActivity] === Restoring Transparent Bars due to Visibility Change ===
02-24 16:37:13.096 17079 17079 D UE4     : [GameActivity] === Restoring Transparent Bars ===
02-24 16:37:13.101  1155  5303 E ANDR-PERF-LM: ThreadHelper: thread_callback() 145: More than one pending updates!!! This should not happen. MeterMgr should avoid this case.
02-24 16:37:13.102  1770  2254 W ziparchive: Unable to open '/data/app/~~jpXzGe4_OJ_qp5sE-4j0Dg==/com.TwoBricksGamingCompany.HexAdventure-byCPKghSytH_SB3Sn8guQQ==/base.dm': No such file or directory
02-24 16:37:13.105  1770  2254 I ActivityTaskManager: Displayed com.TwoBricksGamingCompany.HexAdventure/com.epicgames.ue4.GameActivity: +1s21ms
02-24 16:37:13.106  1155  5303 E ANDR-PERF-LM: ThreadHelper: thread_callback() 145: More than one pending updates!!! This should not happen. MeterMgr should avoid this case.
02-24 16:37:13.112  1770 14592 W InputManager-JNI: Input channel object 'Letterbox_left_ActivityRecord{5532485 u0 com.TwoBricksGamingCompany.HexAdventure/com.epicgames.ue4.SplashActivity t2108} (client)' was disposed without first being removed with the input manager!
02-24 16:37:13.112  1770 14592 W InputManager-JNI: Input channel object 'Letterbox_top_ActivityRecord{5532485 u0 com.TwoBricksGamingCompany.HexAdventure/com.epicgames.ue4.SplashActivity t2108} (client)' was disposed without first being removed with the input manager!
02-24 16:37:13.112  1770 14592 W InputManager-JNI: Input channel object 'Letterbox_right_ActivityRecord{5532485 u0 com.TwoBricksGamingCompany.HexAdventure/com.epicgames.ue4.SplashActivity t2108} (client)' was disposed without first being removed with the input manager!
02-24 16:37:13.112  1770 14592 W InputManager-JNI: Input channel object 'Letterbox_bottom_ActivityRecord{5532485 u0 com.TwoBricksGamingCompany.HexAdventure/com.epicgames.ue4.SplashActivity t2108} (client)' was disposed without first being removed with the input manager!
02-24 16:37:13.116  1770  6656 W InputDispatcher: Letterbox_left_ActivityRecord{5532485 u0 com.TwoBricksGamingCompany.HexAdventure/com.epicgames.ue4.SplashActivity t2108} has FLAG_SLIPPERY. Please report this in b/157929241
02-24 16:37:13.117  1770  6656 D CompatibilityChangeReporter: Compat change id reported: 157929241; UID 1000; state: LOGGED
02-24 16:37:13.118 17079 17128 D UE4     : LogAndroidEvents::EnqueueAppEvent : 11, [width=-1, height=-1], tid = 17128, APP_EVENT_STATE_WINDOW_GAINED_FOCUS
02-24 16:37:13.118 17079 17128 D UE4     : LogAndroidEvents::EnqueueAppEvent : 14, [width=-1, height=-1], tid = 17128, APP_EVENT_STATE_APP_ACTIVATED
02-24 16:37:13.118 17079 17128 D UE4     : LogAndroidEvents::EnqueueAppEvent : 15, [width=-1, height=-1], tid = 17128, APP_EVENT_RUN_CALLBACK
02-24 16:37:13.127 29270 29270 I GoogleInputMethodService: GoogleInputMethodService.onFinishInput():3302 
02-24 16:37:13.129 29270 29270 I GoogleInputMethodService: GoogleInputMethodService.updateDeviceLockedStatus():2152 repeatCheckTimes = 0, unlocked = true
02-24 16:37:13.130 29270 29270 I GoogleInputMethodService: GoogleInputMethodService.onStartInput():1930 onStartInput(EditorInfo{inputType=0x0(NULL) imeOptions=0x0 privateImeOptions=null actionName=UNSPECIFIED actionLabel=null actionId=0 initialSelStart=-1 initialSelEnd=-1 initialCapsMode=0x0 hintText=null label=null packageName=com.TwoBricksGamingCompany.HexAdventure fieldId=-1 fieldName=null extras=null}, false)
02-24 16:37:13.130 29270 29270 I GoogleInputMethodService: GoogleInputMethodService.shouldHideHeaderOnInitialState():4116 ShouldHideHeaderOnInitialState = false
02-24 16:37:13.131 29270 29270 I GoogleInputMethodService: GoogleInputMethodService.updateDeviceLockedStatus():2152 repeatCheckTimes = 2, unlocked = true
02-24 16:37:13.142  7082  7566 D iris@ForegroundUtils: onForegroundActivitiesChanged: pid = 27726, uid = 10177, foregroundActivities = false
02-24 16:37:13.274 28971 28989 I QcrilOemhookMsgTunnel: [1]processOemHookIndication length=21
02-24 16:37:13.275 28971 28971 D QcrilMsgTunnelIfaceManager: handleMessage what = 0
02-24 16:37:13.279 28971 28971 D QC_RIL_OEM_HOOK: Received Broadcast Intent ACTION_UNSOL_RESPONSE_OEM_HOOK_RAW
02-24 16:37:13.279 28971 28971 D QC_RIL_OEM_HOOK: Oem ID in QCRILHOOK UNSOL RESP is QOEMHOOK
02-24 16:37:13.281  4547  4547 D QC_RIL_OEM_HOOK: Received Broadcast Intent ACTION_UNSOL_RESPONSE_OEM_HOOK_RAW
02-24 16:37:13.281  4547  4547 D QC_RIL_OEM_HOOK: Oem ID in QCRILHOOK UNSOL RESP is QOEMHOOK
02-24 16:37:13.281  4547  4547 D QC_RIL_OEM_HOOK: Received Broadcast Intent ACTION_UNSOL_RESPONSE_OEM_HOOK_RAW
02-24 16:37:13.281  4547  4547 D QC_RIL_OEM_HOOK: Oem ID in QCRILHOOK UNSOL RESP is QOEMHOOK
02-24 16:37:13.281  4547  4547 D QC_RIL_OEM_HOOK: Received Broadcast Intent ACTION_UNSOL_RESPONSE_OEM_HOOK_RAW
02-24 16:37:13.281  4547  4547 D QC_RIL_OEM_HOOK: Oem ID in QCRILHOOK UNSOL RESP is QOEMHOOK
02-24 16:37:13.281  4547  4547 D QC_RIL_OEM_HOOK: Received Broadcast Intent ACTION_UNSOL_RESPONSE_OEM_HOOK_RAW
02-24 16:37:13.281  4547  4547 D QC_RIL_OEM_HOOK: Oem ID in QCRILHOOK UNSOL RESP is QOEMHOOK
02-24 16:37:13.285  4547  4547 D CarrierConfigLoader: getConfigForSubIdWithFeature subid: 3 phoneid: 1 callingPackage: com.android.phone
02-24 16:37:13.289 28971 28989 D QtiRadiohidlIndication: onNrIconTypeChange: slotId = 1NrIconType = 0
02-24 16:37:13.289 28971 28989 D QtiRadioProxy: onNrIconType slotId = 1 NrIconType = NrIconType: 0
02-24 16:37:13.290 28971 28990 D QtiRadioProxyHandler: : handleMessage msg.what = 1
