02-24 16:37:15.208 17079 17127 D UE4     : [2023.02.25-00.37.15:208][  0]LogAndroid: Display: Passed PreInit()
02-24 16:37:15.209 17079 17127 D UE4     : [2023.02.25-00.37.15:209][  0]LogEngine: Initializing Engine...
02-24 16:37:15.209 17079 17127 D UE4     : [2023.02.25-00.37.15:209][  0]LogHMD: Failed to load openxr_loader.dll
02-24 16:37:15.209 17079 17127 D UE4     : [2023.02.25-00.37.15:209][  0]LogHMD: Failed to initialize core functions. Please check that you have a valid OpenXR runtime installed.
02-24 16:37:15.212 17079 17127 D UE4     : [2023.02.25-00.37.15:212][  0]LogStats: UGameplayTagsManager::InitializeManager -  0.001 s
02-24 16:37:15.266 17079 17127 D UE4     : [2023.02.25-00.37.15:266][  0]LogInit: Initializing FReadOnlyCVARCache
02-24 16:37:15.266 17079 17127 D UE4     : [2023.02.25-00.37.15:266][  0]LogAudio: Display: Initializing Audio Device Manager...
02-24 16:37:15.266 17079 17127 D UE4     : [2023.02.25-00.37.15:266][  0]LogAudio: Display: Loading Default Audio Settings Objects...
02-24 16:37:15.269 17079 17127 D UE4     : [2023.02.25-00.37.15:269][  0]LogAudio: Display: No default SoundConcurrencyObject specified (or failed to load).
02-24 16:37:15.269 17079 17127 D UE4     : [2023.02.25-00.37.15:269][  0]LogAudio: Display: Audio Device Manager Initialized
02-24 16:37:15.269 17079 17127 D UE4     : [2023.02.25-00.37.15:269][  0]LogAudio: Display: Creating Audio Device:                 Id: 1, Scope: Shared, Realtime: True
02-24 16:37:15.270 17079 17127 D UE4     : [GameActivity] [JAVA] audiomanager.framesPerBuffer = 192
02-24 16:37:15.270 17079 17127 D UE4     : [2023.02.25-00.37.15:270][  0]LogAudioMixer: Display: Audio Mixer Platform Settings:
02-24 16:37:15.270 17079 17127 D UE4     : [2023.02.25-00.37.15:270][  0]LogAudioMixer: Display: 	Sample Rate:						  48000
02-24 16:37:15.270 17079 17127 D UE4     : [2023.02.25-00.37.15:270][  0]LogAudioMixer: Display: 	Callback Buffer Frame Size Requested: 1152
02-24 16:37:15.270 17079 17127 D UE4     : [2023.02.25-00.37.15:270][  0]LogAudioMixer: Display: 	Callback Buffer Frame Size To Use:	  1152
02-24 16:37:15.270 17079 17127 D UE4     : [2023.02.25-00.37.15:270][  0]LogAudioMixer: Display: 	Number of buffers to queue:			  2
02-24 16:37:15.270 17079 17127 D UE4     : [2023.02.25-00.37.15:270][  0]LogAudioMixer: Display: 	Max Channels (voices):				  12
02-24 16:37:15.270 17079 17127 D UE4     : [2023.02.25-00.37.15:270][  0]LogAudioMixer: Display: 	Number of Async Source Workers:		  0
02-24 16:37:15.270 17079 17127 D UE4     : [2023.02.25-00.37.15:270][  0]LogAudio: Display: AudioDevice MaxSources: 12
02-24 16:37:15.271 17079 17127 D UE4     : [2023.02.25-00.37.15:271][  0]LogAudio: Display: Audio Spatialization Plugin: None (built-in).
02-24 16:37:15.271 17079 17127 D UE4     : [2023.02.25-00.37.15:271][  0]LogAudio: Display: Audio Reverb Plugin: None (built-in).
02-24 16:37:15.271 17079 17127 D UE4     : [2023.02.25-00.37.15:271][  0]LogAudio: Display: Audio Occlusion Plugin: None (built-in).
02-24 16:37:15.271 17079 17127 D UE4     : [2023.02.25-00.37.15:271][  0]LogAudioMixer: Display: Initializing audio mixer.
02-24 16:37:15.272 17079 17127 D UE4     : [GameActivity] [JAVA] audiomanager.optimalSampleRate = 48000
02-24 16:37:15.272 17079 17127 D UE4     : [GameActivity] [JAVA] audiomanager.framesPerBuffer = 192
02-24 16:37:15.272 17079 17127 D ny.HexAdventur: PlayerBase::PlayerBase()
02-24 16:37:15.272 17079 17127 D ny.HexAdventur: TrackPlayerBase::TrackPlayerBase()
02-24 16:37:15.272 17079 17127 I libOpenSLES: Emulating old channel mask behavior (ignoring positional mask 0x3, using default mask 0x3 based on channel count of 2)
02-24 16:37:15.276  1113 23355 D audio_hw_primary: adev_get_parameters:vr_audio_mode_on
02-24 16:37:15.276  1113 23355 I audio_hw_primary: getting vr mode to 0
02-24 16:37:15.276  1113 23355 D audio_hw_primary: adev_get_parameters: exit: returns - vr_audio_mode_on=false
02-24 16:37:15.277  1186  8001 I hash_map_utils: system/bt/osi/src/hash_map_utils.cc:81 hash_map_utils_dump_string_keys_string_values: key: 'vr_audio_mode_on' value: ''
02-24 16:37:15.278  1186  8001 W AudioFlinger: createTrack_l(): mismatch between requested flags (00000104) and output flags (00000006)
02-24 16:37:15.278  1186  8001 D AudioFlinger: Client defaulted notificationFrames to 192 for frameCount 192
02-24 16:37:15.281  1186  8001 D AF::TrackHandle: OpPlayAudio: track:2381 usage:1 not muted
02-24 16:37:15.287 17079 17127 I AudioTrack: createTrack_l(0): AUDIO_OUTPUT_FLAG_FAST successful; frameCount 0 -> 192
02-24 16:37:15.291 17079 17127 D UE4     : [2023.02.25-00.37.15:291][  0]LogAudioMixer: Display: Using Audio Device Android Audio Device
02-24 16:37:15.292 17079 17127 D UE4     : [2023.02.25-00.37.15:292][  0]LogAudioMixer: Display: Initializing Sound Submixes...
02-24 16:37:15.303 17079 17127 D UE4     : [2023.02.25-00.37.15:303][  0]LogAudioMixer: Display: Creating Master Submix 'MasterSubmixDefault'
02-24 16:37:15.303 17079 17127 D UE4     : [2023.02.25-00.37.15:303][  0]LogAudioMixer: Display: Creating Master Submix 'MasterReverbSubmixDefault'
02-24 16:37:15.305 17079 17127 D UE4     : [2023.02.25-00.37.15:305][  0]LogAudioMixer: Display: Creating Master Submix 'MasterEQSubmixDefault'
02-24 16:37:15.305 17079 17127 D UE4     : [2023.02.25-00.37.15:305][  0]LogAudioMixer: Display: Output buffers initialized: Frames=1152, Channels=2, Samples=2304
02-24 16:37:15.306 17079 17203 D UE4     : [2023.02.25-00.37.15:306][  0]LogAudioMixer: Display: Starting AudioMixerPlatformInterface::RunInternal()
02-24 16:37:15.308 13198 13398 D Avrcp_ext: AudioManager Player: AudioPlaybackConfiguration piid:343 deviceId:0 type:android.media.SoundPool u/pid:1000/1770 state:idle attr:AudioAttributes: usage=USAGE_ASSISTANCE_SONIFICATION content=CONTENT_TYPE_SONIFICATION flags=0x800 tags= bundle=null sessionId:0
02-24 16:37:15.308 13198 13398 D Avrcp_ext: AudioManager Player: AudioPlaybackConfiguration piid:359 deviceId:0 type:android.media.SoundPool u/pid:1027/7100 state:idle attr:AudioAttributes: usage=USAGE_ASSISTANCE_SONIFICATION content=CONTENT_TYPE_SONIFICATION flags=0x800 tags= bundle=null sessionId:0
02-24 16:37:15.308 13198 13398 D Avrcp_ext: AudioManager Player: AudioPlaybackConfiguration piid:20343 deviceId:0 type:android.media.MediaPlayer u/pid:10137/5374 state:idle attr:AudioAttributes: usage=USAGE_UNKNOWN content=CONTENT_TYPE_UNKNOWN flags=0x800 tags= bundle=null sessionId:0
02-24 16:37:15.308 13198 13398 D Avrcp_ext: AudioManager Player: AudioPlaybackConfiguration piid:20407 deviceId:3 type:OpenSL ES AudioPlayer (Buffer Queue) u/pid:10341/17079 state:started attr:AudioAttributes: usage=USAGE_MEDIA content=CONTENT_TYPE_UNKNOWN flags=0x0 tags= bundle=null sessionId:16761
02-24 16:37:15.310 13198 13398 D Avrcp_ext: AudioManager Player in started state: com.TwoBricksGamingCompany.HexAdventure
02-24 16:37:15.310 13198 13398 D Avrcp_ext: AudioManager Active Player: com.TwoBricksGamingCompany.HexAdventure
02-24 16:37:15.310 13198 13398 D Avrcp_ext: AudioManager Player: AudioPlaybackConfiguration piid:19823 deviceId:0 type:android.media.SoundPool u/pid:10180/807 state:idle attr:AudioAttributes: usage=USAGE_ASSISTANCE_SONIFICATION content=CONTENT_TYPE_SONIFICATION flags=0x800 tags= bundle=null sessionId:0
02-24 16:37:15.310 13198 13398 D Avrcp_ext: AudioManager Player: AudioPlaybackConfiguration piid:20207 deviceId:0 type:android.media.SoundPool u/pid:10225/30369 state:idle attr:AudioAttributes: usage=USAGE_ASSISTANCE_SONIFICATION content=CONTENT_TYPE_SONIFICATION flags=0x801 tags= bundle=null sessionId:0
02-24 16:37:15.310 13198 13398 D Avrcp_ext: AudioManager Player: AudioPlaybackConfiguration piid:20399 deviceId:0 type:android.media.MediaPlayer u/pid:10341/17079 state:idle attr:AudioAttributes: usage=USAGE_UNKNOWN content=CONTENT_TYPE_UNKNOWN flags=0x800 tags= bundle=null sessionId:0
02-24 16:37:15.310 13198 13398 D Avrcp_ext: AudioManager isPlaying: true, mAudioPlaybackIsActive = false
02-24 16:37:15.311 13198 13398 V Avrcp_ext: updateCurrentMediaState: mMediaController: null
02-24 16:37:15.311 13198 13398 W Avrcp_ext: isMusicActive: false getBluetoothPlayState: 2 A2dp State: 11 mAudioPlaybackIsActive: true
02-24 16:37:15.311 13198 13398 W Avrcp_ext: updateCurrentMediaState: isPlaying = false
02-24 16:37:15.311 13198 13398 V Avrcp_ext: Media update: id -1-1? [MediaAttributes: none] : [MediaAttributes: none]
02-24 16:37:15.311 13198 13398 D Avrcp_ext: isPackageNameValid: browsedPackage = isValid = false
02-24 16:37:15.311 13198 13398 V Avrcp_ext: updatePlaybackState, state: PlaybackState {state=2, position=-1, buffered position=0, speed=0.0, updated=1834229474, actions=0, custom actions=[], active item id=-1, error=null} device: null
02-24 16:37:15.311 13198 13398 V Avrcp_ext: Device: no name: 
02-24 16:37:15.311 13198 13398 V Avrcp_ext: Device: no name: 
02-24 16:37:15.311 13198 13398 V Avrcp_ext: Device: no name: 
02-24 16:37:15.311 13198 13398 V Avrcp_ext: Device: no name: 
02-24 16:37:15.311 13198 13398 V Avrcp_ext: Device: no name: 
02-24 16:37:15.311 13198 13398 V Avrcp_ext: updatePlayerStateAndPosition, old=PlaybackState {state=2, position=-1, buffered position=0, speed=0.0, updated=1834147360, actions=0, custom actions=[], active item id=-1, error=null}, state=PlaybackState {state=2, position=-1, buffered position=0, speed=0.0, updated=1834229474, actions=0, custom actions=[], active item id=-1, error=null}
02-24 16:37:15.311 13198 13398 V Avrcp_ext: old state = PlaybackState {state=2, position=-1, buffered position=0, speed=0.0, updated=1834147360, actions=0, custom actions=[], active item id=-1, error=null}, new state= PlaybackState {state=2, position=-1, buffered position=0, speed=0.0, updated=1834229474, actions=0, custom actions=[], active item id=-1, error=null}
02-24 16:37:15.311 13198 13398 D HeadsetService: getHeadsetService(): returning com.android.bluetooth.hfp.HeadsetService@2760f2f
02-24 16:37:15.311 13198 13398 E HeadsetStateMachine: returning mCurrentState as Disconnected
02-24 16:37:15.311 13198 13398 E HeadsetStateMachine: returning mCurrentState as Disconnected
02-24 16:37:15.311 13198 13398 D HeadsetService:  isAudioOn: The number of audio connected devices 0
02-24 16:37:15.311 13198 13398 D HeadsetService: isScoOrCallActive(): Call Active:falseCall is Ringing:falseSCO is Active:false
02-24 16:37:15.311 13198 13398 E HeadsetStateMachine: returning mCurrentState as Disconnected
02-24 16:37:15.312 13198 13398 E HeadsetStateMachine: returning mCurrentState as Disconnected
02-24 16:37:15.312 13198 13398 D HeadsetService:  isAudioOn: The number of audio connected devices 0
02-24 16:37:15.312 13198 13398 I Avrcp_ext: updatePlayStatusForDevice: device: null
02-24 16:37:15.312 13198 13398 V Avrcp_ext: updatePlaybackState (1): old=PlaybackState {state=2, position=-1, buffered position=0, speed=0.0, updated=1834147360, actions=0, custom actions=[], active item id=-1, error=null}(2), new=PlaybackState {state=2, position=-1, buffered position=0, speed=0.0, updated=1834229474, actions=0, custom actions=[], active item id=-1, error=null}(2)
02-24 16:37:15.312 13198 13398 I Avrcp_ext: Exit updatePlayStatusForDevice
02-24 16:37:15.312 13198 13398 E HeadsetStateMachine: returning mCurrentState as Disconnected
02-24 16:37:15.312 13198 13398 E HeadsetStateMachine: returning mCurrentState as Disconnected
02-24 16:37:15.312 13198 13398 D HeadsetService:  isAudioOn: The number of audio connected devices 0
02-24 16:37:15.312 13198 13398 D HeadsetService: isScoOrCallActive(): Call Active:falseCall is Ringing:falseSCO is Active:false
02-24 16:37:15.312 13198 13398 E HeadsetStateMachine: returning mCurrentState as Disconnected
02-24 16:37:15.312 13198 13398 E HeadsetStateMachine: returning mCurrentState as Disconnected
02-24 16:37:15.312 13198 13398 D HeadsetService:  isAudioOn: The number of audio connected devices 0
02-24 16:37:15.312  1113  1223 I EffectsFactory: EffectCreate() create_effect
02-24 16:37:15.312 13198 13398 I Avrcp_ext: updatePlayStatusForDevice: device: null
02-24 16:37:15.312 13198 13398 V Avrcp_ext: updatePlaybackState (1): old=PlaybackState {state=2, position=-1, buffered position=0, speed=0.0, updated=1834147360, actions=0, custom actions=[], active item id=-1, error=null}(2), new=PlaybackState {state=2, position=-1, buffered position=0, speed=0.0, updated=1834229474, actions=0, custom actions=[], active item id=-1, error=null}(2)
02-24 16:37:15.312 13198 13398 I Avrcp_ext: Exit updatePlayStatusForDevice
02-24 16:37:15.312 13198 13398 E HeadsetStateMachine: returning mCurrentState as Disconnected
02-24 16:37:15.312 13198 13398 E HeadsetStateMachine: returning mCurrentState as Disconnected
02-24 16:37:15.312 13198 13398 D HeadsetService:  isAudioOn: The number of audio connected devices 0
02-24 16:37:15.312 13198 13398 D HeadsetService: isScoOrCallActive(): Call Active:falseCall is Ringing:falseSCO is Active:false
02-24 16:37:15.312 13198 13398 E HeadsetStateMachine: returning mCurrentState as Disconnected
02-24 16:37:15.312 13198 13398 E HeadsetStateMachine: returning mCurrentState as Disconnected
02-24 16:37:15.312 13198 13398 D HeadsetService:  isAudioOn: The number of audio connected devices 0
02-24 16:37:15.312 13198 13398 I Avrcp_ext: updatePlayStatusForDevice: device: null
02-24 16:37:15.312 13198 13398 V Avrcp_ext: updatePlaybackState (1): old=PlaybackState {state=2, position=-1, buffered position=0, speed=0.0, updated=1834147360, actions=0, custom actions=[], active item id=-1, error=null}(2), new=PlaybackState {state=2, position=-1, buffered position=0, speed=0.0, updated=1834229474, actions=0, custom actions=[], active item id=-1, error=null}(2)
02-24 16:37:15.312 13198 13398 I Avrcp_ext: Exit updatePlayStatusForDevice
02-24 16:37:15.312 13198 13398 E HeadsetStateMachine: returning mCurrentState as Disconnected
02-24 16:37:15.312 13198 13398 E HeadsetStateMachine: returning mCurrentState as Disconnected
02-24 16:37:15.313 13198 13398 D HeadsetService:  isAudioOn: The number of audio connected devices 0
02-24 16:37:15.313 13198 13398 D HeadsetService: isScoOrCallActive(): Call Active:falseCall is Ringing:falseSCO is Active:false
02-24 16:37:15.313 13198 13398 E HeadsetStateMachine: returning mCurrentState as Disconnected
02-24 16:37:15.313 13198 13398 E HeadsetStateMachine: returning mCurrentState as Disconnected
02-24 16:37:15.313 13198 13398 D HeadsetService:  isAudioOn: The number of audio connected devices 0
02-24 16:37:15.313 13198 13398 I Avrcp_ext: updatePlayStatusForDevice: device: null
02-24 16:37:15.313 13198 13398 V Avrcp_ext: updatePlaybackState (1): old=PlaybackState {state=2, position=-1, buffered position=0, speed=0.0, updated=1834147360, actions=0, custom actions=[], active item id=-1, error=null}(2), new=PlaybackState {state=2, position=-1, buffered position=0, speed=0.0, updated=1834229474, actions=0, custom actions=[], active item id=-1, error=null}(2)
02-24 16:37:15.313 13198 13398 I Avrcp_ext: Exit updatePlayStatusForDevice
02-24 16:37:15.313 13198 13398 E HeadsetStateMachine: returning mCurrentState as Disconnected
02-24 16:37:15.313 13198 13398 E HeadsetStateMachine: returning mCurrentState as Disconnected
02-24 16:37:15.313 13198 13398 D HeadsetService:  isAudioOn: The number of audio connected devices 0
02-24 16:37:15.313 13198 13398 D HeadsetService: isScoOrCallActive(): Call Active:falseCall is Ringing:falseSCO is Active:false
02-24 16:37:15.313 13198 13398 E HeadsetStateMachine: returning mCurrentState as Disconnected
02-24 16:37:15.313 13198 13398 E HeadsetStateMachine: returning mCurrentState as Disconnected
02-24 16:37:15.313 13198 13398 D HeadsetService:  isAudioOn: The number of audio connected devices 0
02-24 16:37:15.313 13198 13398 I Avrcp_ext: updatePlayStatusForDevice: device: null
02-24 16:37:15.313 13198 13398 V Avrcp_ext: updatePlaybackState (1): old=PlaybackState {state=2, position=-1, buffered position=0, speed=0.0, updated=1834147360, actions=0, custom actions=[], active item id=-1, error=null}(2), new=PlaybackState {state=2, position=-1, buffered position=0, speed=0.0, updated=1834229474, actions=0, custom actions=[], active item id=-1, error=null}(2)
02-24 16:37:15.313 13198 13398 I Avrcp_ext: Exit updatePlayStatusForDevice
02-24 16:37:15.313 13198 13398 D Avrcp_ext: Enter sendPlayPosNotificationRsp
02-24 16:37:15.313 13198 13398 D Avrcp_ext: sendPlayPosNotificationRsp: Not registered or requesting.
02-24 16:37:15.313 13198 13398 D Avrcp_ext: Enter sendPlayPosNotificationRsp
02-24 16:37:15.313 13198 13398 D Avrcp_ext: sendPlayPosNotificationRsp: Not registered or requesting.
02-24 16:37:15.313 13198 13398 D Avrcp_ext: Enter sendPlayPosNotificationRsp
02-24 16:37:15.313 13198 13398 D Avrcp_ext: sendPlayPosNotificationRsp: Not registered or requesting.
02-24 16:37:15.313 13198 13398 D Avrcp_ext: Enter sendPlayPosNotificationRsp
02-24 16:37:15.313 13198 13398 D Avrcp_ext: sendPlayPosNotificationRsp: Not registered or requesting.
02-24 16:37:15.313 13198 13398 D Avrcp_ext: Enter sendPlayPosNotificationRsp
02-24 16:37:15.313 13198 13398 D Avrcp_ext: sendPlayPosNotificationRsp: Not registered or requesting.
02-24 16:37:15.313 13198 13398 V Avrcp_ext: Exit updatePlayerStateAndPosition
02-24 16:37:15.319 17079 17127 D UE4     : [2023.02.25-00.37.15:319][  0]LogInit: FAudioDevice initialized.
02-24 16:37:15.319  1113  1223 E volume_listener: check_and_set_gain_dep_cal: Failed to set gain dep cal level
02-24 16:37:15.319 17079 17127 D UE4     : [2023.02.25-00.37.15:319][  0]LogAudio: Warning: Can't increase MaxChannels past MaxSources
02-24 16:37:15.319  1113 19299 D audio_hw_primary: start_output_stream: enter: stream(0xed740010)usecase(1: low-latency-playback) devices(0x2) is_haptic_usecase(0)
02-24 16:37:15.320 17079 17127 D UE4     : [2023.02.25-00.37.15:320][  0]LogNetVersion: Set ProjectVersion to 1.0.0.0. Version Checksum will be recalculated on next use.
02-24 16:37:15.320 17079 17127 D UE4     : [2023.02.25-00.37.15:320][  0]LogInit: Texture streaming: Enabled
02-24 16:37:15.321  1113 19299 D audio_hw_primary: select_devices for use case (low-latency-playback)
02-24 16:37:15.321  1113 19299 D msm8974_platform: [platform_get_output_snd_device] vendor.audio.mmi.id is set 0 
02-24 16:37:15.321  1113 19299 I msm8974_platform: platform_check_and_set_codec_backend_cfg:becf: afe: bitwidth 16, samplerate 48000 channels 2, backend_idx 0 usecase = 1 device (speaker)
02-24 16:37:15.321  1113 19299 D msm8974_platform: platform_split_snd_device: snd_device(2) num devices(1) new_snd_devices(0)
02-24 16:37:15.321  1113 19299 I msm8974_platform: platform_check_and_set_codec_backend_cfg: new_snd_devices[0] is 2
02-24 16:37:15.321  1113 19299 I msm8974_platform: platform_check_codec_backend_cfg:becf: afe: bitwidth 16, samplerate 48000 channels 2, backend_idx 0 usecase = 1 device (speaker)
02-24 16:37:15.322  1113 19299 D audio_hw_extn: audio_extn_enable_hifi_filter: mixer_value set 0
02-24 16:37:15.323  1113 19299 D msm8974_platform: platform_check_codec_backend_cfg:becf: updated afe: bitwidth 16, samplerate 48000 channels 2,backend_idx 0 usecase = 1 device (speaker)
02-24 16:37:15.323  1113 19299 D msm8974_platform: platform_check_codec_backend_cfg:becf: afe: playback on codec device not supporting native playback set default Sample Rate(48k)
02-24 16:37:15.323  1113 19299 I msm8974_platform: platform_check_codec_backend_cfg:becf: afe: Codec selected backend: 0 updated bit width: 16 and sample rate: 48000
02-24 16:37:15.323  1113 19299 D audio_hw_primary: check_usecases_codec_backend:becf: force routing 0
02-24 16:37:15.323  1113 19299 E msm8974_platform: platform_check_backends_match: Invalid snd_device = 
02-24 16:37:15.323  1113 19299 D audio_hw_primary: check_usecases_codec_backend:becf: (78) check_usecases curr device: speaker, usecase device: backends match 0
02-24 16:37:15.323  1113 19299 D audio_hw_primary: check_usecases_codec_backend:becf: check_usecases num.of Usecases to switch 0
02-24 16:37:15.323  1113 19299 D hardware_info: hw_info_append_hw_type : device_name = speaker
02-24 16:37:15.323  1113 19299 D msm8974_platform: platform_split_snd_device: snd_device(2) num devices(0) new_snd_devices(0)
02-24 16:37:15.323  1113 19299 D audio_hw_primary: enable_snd_device: snd_device(2: speaker)
02-24 16:37:15.323  1113 19299 D msm8974_platform: platform_get_island_cfg_on_device:island cfg status on snd_device = (speaker 0)
02-24 16:37:15.323  1113 19299 I soundtrigger: audio_extn_sound_trigger_update_device_status: device 0x2 of type 0 for Event 1, with Raise=0
02-24 16:37:15.323  1113 19299 D audio_route: Apply path: speaker
02-24 16:37:15.326  1113 19299 E audio_hw_awinic_feedback: audio_extn_aw882xx_start_feedback: [Awinic] Entry
02-24 16:37:15.326  1113 19299 E audio_hw_awinic_feedback: is_supported_feedback_on_device [Awinic] 2
02-24 16:37:15.326  1113 19299 E audio_hw_awinic_feedback: is_supported_feedback_on_device [Awinic] snd_device_out id 2 is supported iv feedback or not(1)
02-24 16:37:15.326  1113 19299 D hardware_info: hw_info_append_hw_type : device_name = vi-feedback
02-24 16:37:15.326  1113 19299 D msm8974_platform: platform_split_snd_device: snd_device(218) num devices(0) new_snd_devices(0)
02-24 16:37:15.326  1113 19299 D audio_hw_primary: enable_snd_device: snd_device(218: vi-feedback)
02-24 16:37:15.326  1113 19299 D msm8974_platform: platform_get_island_cfg_on_device:island cfg status on snd_device = (vi-feedback 0)
02-24 16:37:15.326  1113 19299 I soundtrigger: audio_extn_sound_trigger_update_device_status: device 0xda of type 1 for Event 1, with Raise=0
02-24 16:37:15.327  1113 19299 D audio_route: Apply path: vi-feedback
02-24 16:37:15.327  1113 19299 E audio_hw_awinic_feedback: audio_extn_aw882xx_start_feedback: [Awinic] Entry
02-24 16:37:15.327  1113 19299 E audio_hw_awinic_feedback: is_supported_feedback_on_device [Awinic] 218
02-24 16:37:15.327  1113 19299 E audio_hw_awinic_feedback: is_supported_feedback_on_device [Awinic] snd_device_out id 218 is supported iv feedback or not(0)
02-24 16:37:15.327  1113 19299 D soundtrigger: audio_extn_sound_trigger_update_stream_status: uc_info->id 53 of type 1 for Event 3, with Raise=0
02-24 16:37:15.327  1113 19299 D audio_hw_utils: audio_extn_utils_send_app_type_cfg: usecase->in_snd_device vi-feedback
02-24 16:37:15.327  1113 19299 E voice   : voice_is_in_call_rec_stream: input stream is NULL
02-24 16:37:15.327  1113 19299 D msm8974_platform: platform_split_snd_device: snd_device(218) num devices(0) new_snd_devices(0)
02-24 16:37:15.327  1113 19299 E audio_hw_utils: send_app_type_cfg_for_device: Could not get ctl for mixer cmd - Audio Stream Capture 41 App Type Cfg
02-24 16:37:15.327  1113 19299 D msm8974_platform: platform_split_snd_device: snd_device(218) num devices(1) new_snd_devices(0)
02-24 16:37:15.327  1113 19299 D ACDB-LOADER: ACDB -> send_audio_cal, acdb_id = 102, path = 1, app id = 0x11132, sample rate = 8000, afe_sample_rate = 8000
02-24 16:37:15.327  1113 19299 D ACDB-LOADER: ACDB -> send_asm_topology
02-24 16:37:15.327  1113 19299 D ACDB-LOADER: ACDB -> ACDB_CMD_GET_AUDPROC_STREAM_TOPOLOGY_ID
02-24 16:37:15.327  1113 19299 D ACDB-LOADER: ACDB -> send_adm_topology
02-24 16:37:15.327  1113 19299 D ACDB-LOADER: ACDB -> ACDB_CMD_GET_AUDPROC_COMMON_TOPOLOGY_ID
02-24 16:37:15.327  1113 19299 D ACDB-LOADER: ACDB -> send_audtable
02-24 16:37:15.327  1113 19299 D ACDB-LOADER: ACDB -> ACDB_CMD_GET_AUDPROC_INSTANCE_COMMON_TABLE_SIZE
02-24 16:37:15.327  1113 19299 D ACDB-LOADER: ACDB -> ACDB_CMD_GET_AUDPROC_INSTANCE_COMMON_TABLE
02-24 16:37:15.327  1113 19299 D ACDB-LOADER: ACDB -> AUDIO_SET_AUDPROC_CAL cal_type[11] acdb_id[102] app_type[69938]
02-24 16:37:15.327  1113 19299 D ACDB-LOADER: ACDB -> ACDB_CMD_GET_PERSISTENT_AUDPROC_INSTANCE_COMMON_TABLE_SIZE
02-24 16:37:15.327  1113 19299 D android.hardware.audio.service: [Data Manager]-> No data found
02-24 16:37:15.327  1113 19299 D ACDB-LOADER: Error: ACDB_CMD_GET_PERSISTENT_AUDPROC_INSTANCE_COMMON_TABLE_SIZE returned -18
02-24 16:37:15.327  1113 19299 D ACDB-LOADER: ACDB -> send_audproc_persist_table -18 
02-24 16:37:15.327  1113 19299 D ACDB-LOADER: Error: Invalid Audproc persist size = -18
02-24 16:37:15.327  1113 19299 D ACDB-LOADER: ACDB -> ACDB_CMD_GET_AUDPROC_INSTANCE_STREAM_TABLE_SIZE
02-24 16:37:15.327  1113 19299 D ACDB-LOADER: ACDB -> send_audstrmtable
02-24 16:37:15.327  1113 19299 D ACDB-LOADER: ACDB -> ACDB_CMD_GET_AUDPROC_INSTANCE_STREAM_TABLE
02-24 16:37:15.327  1113 19299 D ACDB-LOADER: ACDB -> audstrm_cal->cal_type.cal_data.cal_size = 20
02-24 16:37:15.327  1113 19299 D ACDB-LOADER: ACDB -> send_afe_topology
02-24 16:37:15.327  1113 19299 D ACDB-LOADER: ACDB -> ACDB_CMD_GET_AFE_TOPOLOGY_ID
02-24 16:37:15.327  1113 19299 D ACDB-LOADER: ACDB -> GET_AFE_TOPOLOGY_ID for adcd_id 102, Topology Id 1000ff00
02-24 16:37:15.327  1113 19299 D ACDB-LOADER: ACDB -> send_afe_cal
02-24 16:37:15.327  1113 19299 D ACDB-LOADER: ACDB -> ACDB_CMD_GET_AFE_INSTANCE_COMMON_TABLE_SIZE
02-24 16:37:15.327  1113 19299 D ACDB-LOADER: ACDB -> ACDB_CMD_GET_AFE_INSTANCE_COMMON_TABLE
02-24 16:37:15.327  1113 19299 D ACDB-LOADER: ACDB -> AUDIO_SET_AFE_CAL cal_type[17] acdb_id[102]
02-24 16:37:15.327  1113 19299 D ACDB-LOADER: ACDB -> send_hw_delay : acdb_id = 102 path = 1
02-24 16:37:15.327  1113 19299 D ACDB-LOADER: ACDB -> ACDB_AVSYNC_INFO: ACDB_CMD_GET_DEVICE_PROPERTY
02-24 16:37:15.327  1113 19299 D audio_hw_primary: enable_audio_route: apply mixer and update path: spkr-vi-record
02-24 16:37:15.328  1113 19299 D audio_route: Apply path: spkr-vi-record
02-24 16:37:15.329  1113 19299 D audio_hw_awinic_feedback: audio_extn_aw882xx_start_feedback:[Awinic] the pcm id uc_info->id = 53, tx_pcm_id = 41
02-24 16:37:15.338  6988 17004 I MediaProvider: Deleted 1 0 0 0 0 0 0 items on external_primary due to com.TwoBricksGamingCompany.HexAdventure
02-24 16:37:15.345  1113 19299 I audio_hw_utils: audio_extn_utils_update_stream_output_app_type_cfg Allowing 24 and above bits playback on speaker ONLY at default sampling rate
02-24 16:37:15.345  1113 19299 E soundtrigger: audio_extn_sound_trigger_update_stream_status: invalid input device 0x0, for event 3
02-24 16:37:15.345  1113 19299 D soundtrigger: audio_extn_sound_trigger_update_stream_status: uc_info->id 1 of type 0 for Event 3, with Raise=0
02-24 16:37:15.345  1113 19299 D audio_hw_utils: audio_extn_utils_send_app_type_cfg: usecase->out_snd_device speaker
02-24 16:37:15.345  1113 19299 D msm8974_platform: platform_split_snd_device: snd_device(2) num devices(0) new_snd_devices(0)
02-24 16:37:15.345  1113 19299 D audio_hw_utils: audio_extn_btsco_get_sample_rate:Not a BT SCO device, need not update sampling rate
02-24 16:37:15.345  1113 19299 I audio_hw_utils: send_app_type_cfg_for_device PLAYBACK app_type 69937, acdb_dev_id 15, sample_rate 48000, snd_device_be_idx 52
02-24 16:37:15.346  1113 19299 D msm8974_platform: platform_split_snd_device: snd_device(2) num devices(1) new_snd_devices(0)
02-24 16:37:15.346  1113 19299 D audio_hw_utils: audio_extn_btsco_get_sample_rate:Not a BT SCO device, need not update sampling rate
02-24 16:37:15.346  1113 19299 D ACDB-LOADER: ACDB -> send_audio_cal, acdb_id = 15, path = 0, app id = 0x11131, sample rate = 48000, afe_sample_rate = 48000
02-24 16:37:15.346  1113 19299 D ACDB-LOADER: ACDB -> send_asm_topology
02-24 16:37:15.346  1113 19299 D ACDB-LOADER: ACDB -> ACDB_CMD_GET_AUDPROC_STREAM_TOPOLOGY_ID
02-24 16:37:15.346  1113 19299 D ACDB-LOADER: ACDB -> send_adm_topology
02-24 16:37:15.346  1113 19299 D ACDB-LOADER: ACDB -> ACDB_CMD_GET_AUDPROC_COMMON_TOPOLOGY_ID
02-24 16:37:15.346  1113 19299 D ACDB-LOADER: ACDB -> send_audtable
02-24 16:37:15.346  1113 19299 D ACDB-LOADER: ACDB -> ACDB_CMD_GET_AUDPROC_INSTANCE_COMMON_TABLE_SIZE
02-24 16:37:15.346  1113 19299 D ACDB-LOADER: ACDB -> ACDB_CMD_GET_AUDPROC_INSTANCE_COMMON_TABLE
02-24 16:37:15.346  1113 19299 D ACDB-LOADER: ACDB -> AUDIO_SET_AUDPROC_CAL cal_type[11] acdb_id[15] app_type[69937]
02-24 16:37:15.346  1113 19299 D ACDB-LOADER: ACDB -> send_audvoltable
02-24 16:37:15.346  1113 19299 D ACDB-LOADER: ACDB -> ACDB_CMD_GET_AUDPROC_INSTANCE_GAIN_DEP_STEP_TABLE_SIZE
02-24 16:37:15.346  1113 19299 D ACDB-LOADER: ACDB -> ACDB_CMD_GET_AUDPROC_INSTANCE_GAIN_DEP_STEP_TABLE, vol index 0
02-24 16:37:15.346  1113 19299 D ACDB-LOADER: ACDB -> AUDIO_SET_VOL_CAL cal type = 12
02-24 16:37:15.346  1113 19299 D ACDB-LOADER: ACDB -> ACDB_CMD_GET_AUDPROC_INSTANCE_STREAM_TABLE_SIZE
02-24 16:37:15.346  1113 19299 D ACDB-LOADER: ACDB -> send_audstrmtable
02-24 16:37:15.346  1113 19299 D ACDB-LOADER: ACDB -> ACDB_CMD_GET_AUDPROC_INSTANCE_STREAM_TABLE
02-24 16:37:15.346  1113 19299 D ACDB-LOADER: ACDB -> audstrm_cal->cal_type.cal_data.cal_size = 20
02-24 16:37:15.346  1113 19299 D ACDB-LOADER: ACDB -> send_afe_topology
02-24 16:37:15.346  1113 19299 D ACDB-LOADER: ACDB -> ACDB_CMD_GET_AFE_TOPOLOGY_ID
02-24 16:37:15.346  1113 19299 D ACDB-LOADER: ACDB -> GET_AFE_TOPOLOGY_ID for adcd_id 15, Topology Id 1000ff01
02-24 16:37:15.346  1113 19299 D ACDB-LOADER: ACDB -> send_afe_cal
02-24 16:37:15.346  1113 19299 D ACDB-LOADER: ACDB -> ACDB_CMD_GET_AFE_INSTANCE_COMMON_TABLE_SIZE
02-24 16:37:15.346  1113 19299 D ACDB-LOADER: ACDB -> ACDB_CMD_GET_AFE_INSTANCE_COMMON_TABLE
02-24 16:37:15.346  1113 19299 D ACDB-LOADER: ACDB -> AUDIO_SET_AFE_CAL cal_type[16] acdb_id[15]
02-24 16:37:15.346  1113 19299 D ACDB-LOADER: ACDB -> send_hw_delay : acdb_id = 15 path = 0
02-24 16:37:15.346  1113 19299 D ACDB-LOADER: ACDB -> ACDB_AVSYNC_INFO: ACDB_CMD_GET_DEVICE_PROPERTY
02-24 16:37:15.346  1113 19299 D msm8974_platform: platform_split_snd_device: snd_device(2) num devices(0) new_snd_devices(0)
02-24 16:37:15.346  1113 19299 I msm8974_platform: platform_get_custom_mtmx_params: no matching param with id 0 ip_ch 2 op_ch 2 uc_id 1 snd_dev 2
02-24 16:37:15.346  1113 19299 D audio_hw_primary: enable_audio_route: apply mixer and update path: low-latency-playback
02-24 16:37:15.346  1113 19299 D audio_route: Apply path: low-latency-playback
02-24 16:37:15.348  1113 19299 D audio_hw_primary: select_devices: done
02-24 16:37:15.349  6988 11492 W MediaProvider: isAppCloneUserPair failed. Users: 0 and 0
02-24 16:37:15.349  6988 11492 W MediaProvider: isAppCloneUserPair for user 0: false
02-24 16:37:15.351  6988 11492 V MediaProvider: Inserted id:1000008602 less than next row id backup:1000009001.
02-24 16:37:15.353 17079 17127 D UE4     : [2023.02.25-00.37.15:353][  0]LogAudio: Warning: Can't increase MaxChannels past MaxSources
02-24 16:37:15.368  1770 15348 D CompatibilityInfo: mCompatibilityFlags - 0
02-24 16:37:15.368  1770 15348 D CompatibilityInfo: applicationDensity - 400
02-24 16:37:15.368  1770 15348 D CompatibilityInfo: applicationScale - 1.0
02-24 16:37:15.368 17079 17127 D UE4     : [2023.02.25-00.37.15:368][  0]LogAudio: Display: Audio Device (ID: 1) registered with world 'Untitled'.
02-24 16:37:15.369 17079 17127 D UE4     : [2023.02.25-00.37.15:369][  0]LogSlate: Updating window title bar state: overlay mode, drag disabled, window buttons hidden, title bar hidden
02-24 16:37:15.369 17079 17127 D UE4     : [2023.02.25-00.37.15:369][  0]LogInit: Display: Game Engine Initialized.
02-24 16:37:15.371 17079 17127 D UE4     : [2023.02.25-00.37.15:371][  0]LogInit: Display: Starting Game.
02-24 16:37:15.371 17079 17127 D UE4     : [2023.02.25-00.37.15:371][  0]LogNet: Browse: /Game/Maps/MainMenu?Name=Player
02-24 16:37:15.371 17079 17127 D UE4     : [2023.02.25-00.37.15:371][  0]LogLoad: LoadMap: /Game/Maps/MainMenu?Name=Player
02-24 16:37:15.371 17079 17127 D UE4     : [2023.02.25-00.37.15:371][  0]LogWorld: BeginTearingDown for /Temp/Untitled_0
02-24 16:37:15.375 26054 13992 I NetworkScheduler.Stats: Task com.google.android.gms/com.google.android.gms.ipa.base.IpaGcmTaskService started execution. cause:9 exec_start_elapsed_seconds: 1834229 [CONTEXT service_id=218 ]
02-24 16:37:15.378 17079 17127 D UE4     : [2023.02.25-00.37.15:378][  0]LogWorld: UWorld::CleanupWorld for Untitled, bSessionEnded=true, bCleanupResources=true
02-24 16:37:15.378 17079 17127 D UE4     : [2023.02.25-00.37.15:378][  0]LogSlate: InvalidateAllWidgets triggered.  All widgets were invalidated
02-24 16:37:15.380 26054 11971 I NetworkScheduler.Stats: Task com.google.android.gms/com.google.android.gms.ipa.base.IpaGcmTaskService finished executing. cause:9 result: 1 elapsed_millis: 27 uptime_millis: 27 exec_start_elapsed_seconds: 1834229 [CONTEXT service_id=218 ]
02-24 16:37:15.382 17079 17127 D UE4     : [2023.02.25-00.37.15:382][  0]LogAudio: Display: Audio Device unregistered from world 'None'.
02-24 16:37:15.392 17079 17127 D UE4     : [2023.02.25-00.37.15:392][  0]LogUObjectHash: Compacting FUObjectHashTables data took   0.50ms
02-24 16:37:15.427 17079 17127 D UE4     : [2023.02.25-00.37.15:427][  0]LogAudio: Display: Audio Device (ID: 1) registered with world 'MainMenu'.
02-24 16:37:15.428 17079 17127 D UE4     : [2023.02.25-00.37.15:428][  0]LogAIModule: Creating AISystem for world MainMenu
02-24 16:37:15.429 17079 17127 D UE4     : [2023.02.25-00.37.15:429][  0]LogLoad: Game class is 'MainMenuGameMode_C'
02-24 16:37:15.430 17079 17127 D UE4     : [2023.02.25-00.37.15:430][  0]LogWorld: Bringing World /Game/Maps/MainMenu.MainMenu up for play (max tick rate 0) at 2023.02.24-16.37.15
02-24 16:37:15.431 17079 17127 D UE4     : [2023.02.25-00.37.15:431][  0]LogWorld: Bringing up level for play took: 0.000734
02-24 16:37:15.431 17079 17127 D UE4     : [2023.02.25-00.37.15:431][  0]LogOnline: OSS: Creating online subsystem instance for: GooglePlay
02-24 16:37:15.431 17079 17127 D UE4     : [2023.02.25-00.37.15:431][  0]LogOnline: Warning: OSS: FOnlineSubsystemGooglePlayModule was disabled
02-24 16:37:15.432 17079 17127 D UE4     : [2023.02.25-00.37.15:432][  0]LogGameMode: FindPlayerStart: PATHS NOT DEFINED or NO PLAYERSTART with positive rating
02-24 16:37:15.435 17079 17127 D UE4     : [2023.02.25-00.37.15:435][  0]LogPlayerController: Error: InputMode:UIOnly - Attempting to focus Non-Focusable widget SObjectWidget [Widget.cpp(799)]!
02-24 16:37:15.435 17079 17127 D UE4     : [2023.02.25-00.37.15:435][  0]LogViewport: Display: Viewport MouseLockMode Changed, LockOnCapture -> DoNotLock
02-24 16:37:15.435 17079 17127 D UE4     : [2023.02.25-00.37.15:435][  0]LogViewport: Display: Viewport MouseCaptureMode Changed, CapturePermanently_IncludingInitialMouseDown -> NoCapture
02-24 16:37:15.436 17079 17127 D UE4     : [2023.02.25-00.37.15:436][  0]LogStreaming: Warning: Failed to read file '../../../HexAdventure/Saved/SaveGames/AdventureSaveGames.sav' error.
02-24 16:37:15.436 17079 17127 D UE4     : [2023.02.25-00.37.15:436][  0]LogBlueprintUserMessages: [MainMenuGameMode_C_2147482561] Failed to cast object to SaveGamesList whilst loading list of save games.
02-24 16:37:15.436 17079 17127 D UE4     : [2023.02.25-00.37.15:436][  0]LogLoad: Took 0.064568 seconds to LoadMap(/Game/Maps/MainMenu)
02-24 16:37:15.437 17079 17127 D UE4     : [2023.02.25-00.37.15:437][  0]LogSlate: Took 0.001084 seconds to synchronously load lazily loaded font '../../../Engine/Content/EngineFonts/Faces/RobotoBold.ufont' (160K)
02-24 16:37:15.444 17079 17178 D UE4     : AndroidEGL::  ReleaseContextOwnership,  thread releasing rendering context tid: 17178
02-24 16:37:15.444 17079 17178 D UE4     : AndroidEGL::ResetDisplay()
02-24 16:37:15.448  1113 19299 D msm8974_platform: platform_set_channel_map mixer_ctl_name:Playback Channel Map9
02-24 16:37:15.448  1113 19299 D msm8974_platform: platform_set_channel_map: set mapping(1 2 0 0 0 0 0 0) for channel:2
02-24 16:37:15.450  1113 19299 D audio_hw_primary: start_output_stream: exit
02-24 16:37:15.450  1113 19299 D audio_hw_primary: out_write: retry previous failed cal level set
02-24 16:37:15.450  1113 19299 D msm8974_platform: platform_split_snd_device: snd_device(2) num devices(1) new_snd_devices(0)
02-24 16:37:15.450  1113 19299 D ACDB-LOADER: ACDB -> send_audvoltable
02-24 16:37:15.450  1113 19299 D ACDB-LOADER: ACDB -> ACDB_CMD_GET_AUDPROC_INSTANCE_GAIN_DEP_STEP_TABLE_SIZE
02-24 16:37:15.450  1113 19299 D ACDB-LOADER: ACDB -> ACDB_CMD_GET_AUDPROC_INSTANCE_GAIN_DEP_STEP_TABLE, vol index 5
02-24 16:37:15.450  1113 19299 D ACDB-LOADER: ACDB -> AUDIO_SET_VOL_CAL cal type = 40
02-24 16:37:15.450  1113 19299 W msm8974_platform: platform_send_gain_dep_cal: Usecase list is empty
02-24 16:37:15.451 17079 17127 D UE4     : [2023.02.25-00.37.15:451][  0]LogSlate: Took 0.001485 seconds to synchronously load lazily loaded font '../../../Engine/Content/Slate/Fonts/Roboto-Regular.ttf' (155K)
02-24 16:37:15.453 17079 17206 D UE4     : [2023.02.25-00.37.15:453][  0]LogRenderer: Reallocating scene render targets to support 1504x720 Format 10 NumSamples 1 (Frame:1).
02-24 16:37:15.455 17079 17127 D UE4     : [2023.02.25-00.37.15:455][  0]LogRHI: Display: ShaderPipelineCache: Paused Batching. 1
02-24 16:37:15.455 17079 17127 D UE4     : [2023.02.25-00.37.15:455][  0]LogRHI: Display: ShaderPipelineCache: Resumed Batching. 0
02-24 16:37:15.455 17079 17127 D UE4     : [2023.02.25-00.37.15:455][  0]LogRHI: Display: ShaderPipelineCache: Batching Resumed.
02-24 16:37:15.455 17079 17127 D UE4     : [2023.02.25-00.37.15:455][  0]LogInit: Display: Engine is initialized. Leaving FEngineLoop::Init()
02-24 16:37:15.455 17079 17127 D UE4     : [2023.02.25-00.37.15:455][  0]LogAndroid: Passed GEngineLoop.Init()
02-24 16:37:15.457 17079 17127 D UE4     : [2023.02.25-00.37.15:457][  0]LogAndroidEvents: Display: LogAndroidEvents::DequeueAppEvent : 9, [width=-1, height=-1], APP_EVENT_STATE_ON_START
02-24 16:37:15.457 17079 17127 D UE4     : FAppEventManager::Tick processing, 9
02-24 16:37:15.457 17079 17127 D UE4     : [2023.02.25-00.37.15:457][  0]LogAndroidEvents: Display: LogAndroidEvents::DequeueAppEvent : 7, [width=-1, height=-1], APP_EVENT_STATE_ON_RESUME
02-24 16:37:15.457 17079 17127 D UE4     : FAppEventManager::Tick processing, 7
02-24 16:37:15.458 17079 17127 D UE4     : [2023.02.25-00.37.15:457][  0]LogAndroidEvents: Display: LogAndroidEvents::DequeueAppEvent : 0, [width=2259, height=1080], APP_EVENT_STATE_WINDOW_CREATED
02-24 16:37:15.458 17079 17127 D UE4     : FAppEventManager::Tick processing, 0
02-24 16:37:15.458 17079 17127 D UE4     : [2023.02.25-00.37.15:458][  0]LogAndroidEvents: Display: ExecWindowCreated
02-24 16:37:15.458 17079 17127 D UE4     : AndroidEGL::ReInitWindow()
02-24 16:37:15.458 17079 17127 D UE4     : [2023.02.25-00.37.15:458][  0]LogAndroid: AndroidEGL::RefreshWindowSize updating window size = 1504, 720, cached size : 0, 0 tid : 17127
02-24 16:37:15.458 17079 17127 D UE4     : [2023.02.25-00.37.15:458][  0]LogAndroid: AndroidEGL::ResizeSharedContextSurface, PImplData->Window=0xef194788, PImplData->eglWidth=8, PImplData->eglHeight=8!, CachedWidth=1504, CachedHeight=720, tid: 17127
02-24 16:37:15.458 17079 17127 D UE4     : AndroidEGL::UnBindShared()
02-24 16:37:15.458 17079 17127 D UE4     : AndroidEGL::ResetDisplay()
02-24 16:37:15.458 17079 17127 D UE4     : AndroidEGL::DestroySharedSurface()
02-24 16:37:15.458 17079 17127 D UE4     : AndroidEGL::InitSharedSurface 0
02-24 16:37:15.458 17079 17127 D UE4     : AndroidEGL::InitSharedSurface, Using CachedWindowRect, width: 1504, height 720 
02-24 16:37:15.458 17079 17127 D UE4     : AndroidEGL::InitSharedSurface, Using width: 1504, height 720 
02-24 16:37:15.458 17079 17127 D UE4     : AndroidEGL::InitSharedSurface, width: 1504, height 720 
02-24 16:37:15.459 17079 17127 D UE4     : AndroidEGL::CreateEGLSharedSurface(), auxSurface = eglCreatePbufferSurface(), 8x8
02-24 16:37:15.459 17079 17127 D UE4     : ExecWindowCreated, 0, 1, 1
02-24 16:37:15.459 17079 17127 D UE4     : [2023.02.25-00.37.15:459][  0]LogAndroidEvents: Display: LogAndroidEvents::DequeueAppEvent : 11, [width=-1, height=-1], APP_EVENT_STATE_WINDOW_GAINED_FOCUS
02-24 16:37:15.459 17079 17127 D UE4     : FAppEventManager::Tick processing, 11
02-24 16:37:15.459 17079 17127 D UE4     : [2023.02.25-00.37.15:459][  0]LogAndroidEvents: Display: LogAndroidEvents::DequeueAppEvent : 14, [width=-1, height=-1], APP_EVENT_STATE_APP_ACTIVATED
02-24 16:37:15.459 17079 17127 D UE4     : FAppEventManager::Tick processing, 14
02-24 16:37:15.459 17079 17127 D UE4     : Execution will be resumed!
02-24 16:37:15.459 17079 17127 D UE4     : [2023.02.25-00.37.15:459][  0]LogAndroidEvents: Display: LogAndroidEvents::DequeueAppEvent : 15, [width=-1, height=-1], APP_EVENT_RUN_CALLBACK
02-24 16:37:15.459 17079 17127 D UE4     : FAppEventManager::Tick processing, 15
02-24 16:37:15.459 17079 17127 D UE4     : [2023.02.25-00.37.15:459][  0]LogAndroidEvents: Display: Event thread callback running.
02-24 16:37:15.460 17079 17127 D UE4     : [2023.02.25-00.37.15:459][  0]LogAndroid: performing app foregrounding callback.
02-24 16:37:15.460 17079 17127 D UE4     : [GameActivity] Registering volume receiver
02-24 16:37:15.461  1770  7438 W InputManager-JNI: Input channel object 'a427531 com.TwoBricksGamingCompany.HexAdventure/com.epicgames.ue4.GameActivity (client)' was disposed without first being removed with the input manager!
02-24 16:37:15.464 17079 17127 D UE4     : [GameActivity] startVolumeReceiver: 8
02-24 16:37:15.464 17079 17127 D UE4     : nativeVolumeEvent(8)
02-24 16:37:15.464 17079 17127 D UE4     : [GameActivity] Registering battery receiver
02-24 16:37:15.466 17079 17127 D UE4     : [GameActivity] Registering headset receiver
02-24 16:37:15.468 17079 17127 D UE4     : [GameActivity] startHeadsetReceiver: 0
02-24 16:37:15.468 17079 17127 D UE4     : nativeHeadsetEvent(0)
02-24 16:37:15.468 17079 17127 D UE4     : [2023.02.25-00.37.15:468][  0]LogCore: Display: AppLifetime: Application has entered foreground
02-24 16:37:15.469 17079 17079 D UE4     : [GameActivity] Battery: status = 5, rawlevel = 100, scale = 100
02-24 16:37:15.470 17079 17079 D UE4     : nativeBatteryEvent(stat = 5, lvl = 100  temp = 25.00 C)
02-24 16:37:15.481 17079 17178 D UE4     : [2023.02.25-00.37.15:481][  0]LogRHI: Using OpenGL program LRU cache: 0
02-24 16:37:15.570 20881 21016 I PhenotypeProcessReaper: Memory state is: 100
02-24 16:37:15.671   807   851 I NetworkController.MobileSignalController(3): isVowifiAvailable,mVoWiFiSettingEnabled = false mMMtelVowifi = false getDataNetworkType() = 13 mCurrentState.voiceCapable = false mCurrentState.imsRegistered = false, regTech = -1
02-24 16:37:15.679   807   851 I NetworkController.MobileSignalController(3): isVowifiAvailable,mVoWiFiSettingEnabled = false mMMtelVowifi = false getDataNetworkType() = 13 mCurrentState.voiceCapable = false mCurrentState.imsRegistered = false, regTech = -1
02-24 16:37:15.709   807   936 I OpenGLRenderer: Davey! duration=9222272880796ms; Flags=0, FrameTimelineVsyncId=19690485, IntendedVsync=1099156058581939, Vsync=1099156058581939, InputEventId=0, HandleInputStart=1099156059089401, AnimationStart=1099156059092735, PerformTraversalsStart=1099156059094558, DrawStart=1099156067301068, FrameDeadline=1099156075248605, FrameInterval=1099156059081745, FrameStartTime=16666666, SyncQueued=1099156067666589, SyncStart=1099156067833256, IssueDrawCommandsStart=1099156068701433, SwapBuffers=1099156073178620, FrameCompleted=9223372036854775807, DequeueBufferDuration=47657, QueueBufferDuration=1261511, GpuCompleted=9223372036854775807, SwapBuffersCompleted=1099156075225078, DisplayPresentTime=0, 
02-24 16:37:16.054 17079 17127 D UE4     : [2023.02.25-00.37.16:054][  0]LogTcpMessaging: Initializing TcpMessaging bridge, listening on 127.0.0.1:6666
02-24 16:37:16.276 17079 17127 D UE4     : [2023.02.25-00.37.16:276][  0]LogUdpMessaging: Initializing bridge on interface 0.0.0.0:0 to multicast group 230.0.0.1:6666.
02-24 16:37:16.278 17079 17127 D UE4     : [2023.02.25-00.37.16:278][  0]LogCore: Display: AppLifetime: Application has reactivated
02-24 16:37:16.278 17079 17127 D UE4     : [2023.02.25-00.37.16:278][  0]LogTemp: Android resume audio
02-24 16:37:16.281 17079 17178 D UE4     : [2023.02.25-00.37.16:280][  0]LogAndroid: AndroidEGL::ResizeRenderContextSurface, PImplData->Window=0xef194788, PImplData->eglWidth=8, PImplData->eglHeight=8!, CachedWidth=1504, CachedHeight=720, tid: 17178
02-24 16:37:16.281 17079 17178 D UE4     : AndroidEGL::UnBindRender()
02-24 16:37:16.281 17079 17178 D UE4     : AndroidEGL::ResetDisplay()
02-24 16:37:16.282 17079 17178 D UE4     : AndroidEGL::DestroyRenderSurface()
02-24 16:37:16.291 17079 17178 D UE4     : AndroidEGL::InitRenderSurface 0, 1
02-24 16:37:16.291 17079 17178 D UE4     : AndroidEGL::InitRenderSurface, Using CachedWindowRect, width: 1504, height 720 
02-24 16:37:16.291 17079 17178 D UE4     : AndroidEGL::InitRenderSurface, Using width: 1504, height 720 
02-24 16:37:16.291 17079 17178 D UE4     : AndroidEGL::InitRenderSurface, wnd: 0xef194788, width: 1504, height 720 
02-24 16:37:16.291 17079 17178 D UE4     : AndroidEGL::CreateEGLRenderSurface() 0xf4d1cfd0
02-24 16:37:16.294 17079 17127 D UE4     : [2023.02.25-00.37.16:294][  0]LogAndroid: Display: Low Power Mode Changed: 0
02-24 16:37:16.299 17079 17127 D UE4     : [2023.02.25-00.37.16:299][  0]LogSlate: InvalidateAllWidgets triggered.  All widgets were invalidated
02-24 16:37:16.387  1190  4733 I SmoMo   : SmoMoImpl::FrameIsLate: no valid present time for layer 70685
02-24 16:37:16.388 17079 17127 D UE4     : [2023.02.25-00.37.16:388][  0]LogSlate: Slate font cache was flushed
02-24 16:37:16.389  1190  1190 I SmoMo   : SmoMoImpl::FrameIsEarly: no valid present time for layer 70685
02-24 16:37:16.404 17079 17127 D UE4     : [2023.02.25-00.37.16:404][  1]LogSlate: Took 0.002090 seconds to synchronously load lazily loaded font '../../../Engine/Content/Slate/Fonts/Roboto-Regular.ttf' (155K)
02-24 16:37:16.409 17079 17127 D UE4     : [2023.02.25-00.37.16:409][  1]LogSlate: Took 0.001325 seconds to synchronously load lazily loaded font '../../../Engine/Content/EngineFonts/Faces/RobotoBold.ufont' (160K)
02-24 16:37:16.859 20881 20900 I CarrierServices: [6708] gmv.run: delay time out, reset attempts 2 and process SIM event
02-24 16:37:16.861 20881 20900 W CarrierServices: [6708] gms.a: (Sim): process intent: android.intent.action.SIM_STATE_CHANGED
02-24 16:37:16.861  4459  4699 I BugleRcsEngine: [7243] bjde.run: delay time out, reset attempts 1 and process SIM event
02-24 16:37:16.865  4459  4699 W BugleRcsEngine: [7243] bjdb.a: (Sim): process intent: android.intent.action.SIM_STATE_CHANGED
02-24 16:37:16.892 20881 20900 I CarrierServices: [6708] gms.o: (Sim): Processing an intent
02-24 16:37:16.893 20881 20900 I CarrierServices: [6708] gms.z: (Sim): Ignoring duplicate SIM state: LOADED
02-24 16:37:16.897  4459  4699 I BugleRcsEngine: [7243] bjdb.o: (Sim): Processing an intent
02-24 16:37:16.898  4459  4699 I BugleRcsEngine: [7243] bjdb.z: (Sim): Ignoring duplicate SIM state: LOADED
02-24 16:37:16.989  1130  7756 E sensors-hal: handle_sns_std_sensor_event:298, front_handle_sns_std_sensor_event upload hal_event.u.data[0] = 10.866814 
02-24 16:37:16.989  1130  7756 E sensors-hal: handle_sns_std_sensor_event:298, front_handle_sns_std_sensor_event upload hal_event.u.data[1] = 412.209259 
02-24 16:37:16.990  1130  7756 E sensors-hal: handle_sns_std_sensor_event:298, front_handle_sns_std_sensor_event upload hal_event.u.data[2] = 234.704132 
02-24 16:37:16.990  1130  7756 E sensors-hal: handle_sns_std_sensor_event:298, front_handle_sns_std_sensor_event upload hal_event.u.data[3] = 161.035614 
02-24 16:37:16.990  1130  7756 E sensors-hal: handle_sns_std_sensor_event:298, front_handle_sns_std_sensor_event upload hal_event.u.data[4] = 135.212601 
02-24 16:37:16.990  1130  7756 E sensors-hal: handle_sns_std_sensor_event:298, front_handle_sns_std_sensor_event upload hal_event.u.data[5] = 99999.000000 
02-24 16:37:16.990  1130  7756 E sensors-hal: handle_sns_std_sensor_event:298, front_handle_sns_std_sensor_event upload hal_event.u.data[6] = 1024.000000 
02-24 16:37:16.990  1130  7756 E sensors-hal: handle_sns_std_sensor_event:298, front_handle_sns_std_sensor_event upload hal_event.u.data[7] = 6121.320312 
02-24 16:37:16.990  1130  7756 E sensors-hal: handle_sns_std_sensor_event:299, front_handle_sns_std_sensor_event upload  c_coef = 1.136000, r_coef = 1.068000, g_coef = 1.187000, b_coef = 1.128000 ,LCDbacklight offset =0.000000
02-24 16:37:17.914 17079 17127 D UE4     : EngineMemoryWarningHandler: Mem Used 311.45 MB, Texture Memory 8.31 MB, Render Target memory 74.35 MB, OS Free 3820.76 MB
02-24 16:37:18.055 17079 17219 D UE4     : [2023.02.25-00.37.18:055][104]LogTcpMessaging: Started Connection to '127.0.0.1:46923'
02-24 16:37:18.056 17079 17219 D UE4     : [2023.02.25-00.37.18:056][104]LogTcpMessaging: Discovered node 'CC460F1F4AF824ED88D07A8EF8CA8FE4' on connection '127.0.0.1:46923'...
02-24 16:37:18.467  7293  7303 W System  : A resource failed to call close. 
02-24 16:37:18.467  7293  7303 W System  : A resource failed to call close. 
02-24 16:37:18.467  7293  7303 W SQLiteConnectionPool: A SQLiteConnection object for database '/data/user/0/com.google.android.googlequicksearchbox/databases/icing-mdh.db' was leaked!  Please fix your application to end transactions in progress properly and to close the database when it is no longer needed.
02-24 16:37:18.467  7293  7303 W System  : A resource failed to call close. 
02-24 16:37:18.468  7293  7303 W System  : A resource failed to call close. 
02-24 16:37:18.468  7293  7303 W System  : A resource failed to call close. 
02-24 16:37:18.470  7293  7303 W SQLiteConnectionPool: A SQLiteConnection object for database '/data/user/0/com.google.android.googlequicksearchbox/databases/icing-mdh.db' was leaked!  Please fix your application to end transactions in progress properly and to close the database when it is no longer needed.
02-24 16:37:18.470  7293  7303 W System  : A resource failed to call close. 
02-24 16:37:19.849  1130  7756 E sensors-hal: handle_sns_std_sensor_event:298, front_handle_sns_std_sensor_event upload hal_event.u.data[0] = 28.981005 
