02-24 16:37:23.792  1718 12715 D LOWI-9.0.0.87.a: [LOWI-Scan] BSS 02:62:b8:93:be:4b FREQ: 2437, cFreq1[40:80:160] = [0:0:0] cFreq2 = 0 Country Code =    
02-24 16:37:23.792  1718 12715 D LOWI-9.0.0.87.a: [LOWI-Scan] BSS 02:62:b8:93:be:4b (wlan0) ASSO: NO AddInfo: 0x0, TSF 21, 05:30:35.634, RSSI: -162, CPL: 127, AGE: 2320,  SSID DSP-W110-BE4B, TSFDelta: 0xce094516, TXRate: 0
02-24 16:37:23.792  1718 12715 D LOWI-9.0.0.87.a: [LOWI-Scan] 
02-24 16:37:23.792  1718 12715 D LOWI-9.0.0.87.a: [LOWI-Scan] print_bss_handler: Report beacon TSF 1834235679623 as it greater than probe TSF 1834235679623
02-24 16:37:23.792  1718 12715 D LOWI-9.0.0.87.a: [LOWI-Scan] decode_rsn_wpa_ie: LOWI_ENCRYPTION_TYPE_WPA_PSK
02-24 16:37:23.792  1718 12715 D LOWI-9.0.0.87.a: [LOWI-Scan] is_qcom_ie, bss_age: 0
02-24 16:37:23.792  1718 12715 D LOWI-9.0.0.87.a: [LOWI-Scan] BSS e4:bf:fa:3e:3a:06 LOWI_PHY_MODE_11NG_HT20(5), Beacon Interval: 100, LOWI_ENCRYPTION_TYPE_WPA_PSK 11mcRanging: No, ANQP: No, LCI: No, Civic: No, capability(0x1531): ESS Privacy ShortPreamble SpectrumMgmt ShortSlotTime
02-24 16:37:23.792  1718 12715 D LOWI-9.0.0.87.a: [LOWI-Scan] BSS e4:bf:fa:3e:3a:06 FREQ: 2437, cFreq1[40:80:160] = [0:0:0] cFreq2 = 0 Country Code = CA
02-24 16:37:23.792  1718 12715 D LOWI-9.0.0.87.a: [LOWI-Scan] BSS e4:bf:fa:3e:3a:06 (wlan0) ASSO: NO AddInfo: 0x1, TSF 21, 05:30:35.679, RSSI: -116, CPL: 127, AGE: 2276,  SSID , TSFDelta: 0xa9445aca, TXRate: 0
02-24 16:37:23.792  1718 12715 D LOWI-9.0.0.87.a: [LOWI-Scan] 
02-24 16:37:23.792  1718 12715 D LOWI-9.0.0.87.a: [LOWI-Scan] print_bss_handler: Report Probe TSF 1834235397420 as it greater than Beacon TSF 1834235393044
02-24 16:37:23.792  1718 12715 D LOWI-9.0.0.87.a: [LOWI-Scan] decode_rsn_wpa_ie: LOWI_ENCRYPTION_TYPE_WPA_PSK
02-24 16:37:23.792  1718 12715 D LOWI-9.0.0.87.a: [LOWI-Scan] is_qcom_ie, bss_age: 0
02-24 16:37:23.792  1718 12715 D LOWI-9.0.0.87.a: [LOWI-Scan] BSS e0:1c:fc:1a:b0:44 LOWI_PHY_MODE_11AC_VHT20_2G(11), Beacon Interval: 100, LOWI_ENCRYPTION_TYPE_WPA_PSK 11mcRanging: No, ANQP: Yes, LCI: No, Civic: No, capability(0x1c31): ESS Privacy ShortPreamble ShortSlotTime APSD
02-24 16:37:23.792  1718 12715 D LOWI-9.0.0.87.a: [LOWI-Scan] BSS e0:1c:fc:1a:b0:44 FREQ: 2422, cFreq1[40:80:160] = [2422:0:0] cFreq2 = 0 Country Code = CA 
02-24 16:37:23.792  1718 12715 D LOWI-9.0.0.87.a: [LOWI-Scan] BSS e0:1c:fc:1a:b0:44 (wlan0) ASSO: NO AddInfo: 0x0, TSF 21, 05:30:35.397, RSSI: -94, CPL: 127, AGE: 2556,  SSID NORDIC LODGE_5ghz, TSFDelta: 0x7a4e12, TXRate: 0
02-24 16:37:23.792  1718 12715 D LOWI-9.0.0.87.a: [LOWI-Scan] 
02-24 16:37:23.792  1718 12715 D LOWI-9.0.0.87.a: [LOWI-Scan] print_bss_handler: Report beacon TSF 1834236444738 as it greater than probe TSF 1834236444738
02-24 16:37:23.792  1718 12715 D LOWI-9.0.0.87.a: [LOWI-Scan] is_qcom_ie, bss_age: 0
02-24 16:37:23.792  1718 12715 D LOWI-9.0.0.87.a: [LOWI-Scan] BSS 62:45:b8:ab:8a:ef LOWI_PHY_MODE_11A(0), Beacon Interval: 100, LOWI_ENCRYPTION_TYPE_OPEN 11mcRanging: No, ANQP: No, LCI: No, Civic: No, capability(0xc631): ESS Privacy ShortPreamble QoS ShortSlotTime
02-24 16:37:23.793  1718 12715 D LOWI-9.0.0.87.a: [LOWI-Scan] BSS 62:45:b8:ab:8a:ef FREQ: 5825, cFreq1[40:80:160] = [0:0:0] cFreq2 = 0 Country Code =    
02-24 16:37:23.793  1718 12715 D LOWI-9.0.0.87.a: [LOWI-Scan] BSS 62:45:b8:ab:8a:ef (wlan0) ASSO: NO AddInfo: 0x1, TSF 21, 05:30:36.444, RSSI: -130, CPL: 127, AGE: 1508,  SSID , TSFDelta: 0x9355ca6d, TXRate: 0
02-24 16:37:23.793  1718 12715 D LOWI-9.0.0.87.a: [LOWIDiagLog] Log: lowiMeasResult->request: invalid null argument
02-24 16:37:23.793  1718 12715 I LOWI-9.0.0.87.a: [LOWI-Scan] lowi_close_record:Scan done in 1834131383ms, 9 APs in scan results
02-24 16:37:23.793  1718 12715 D LOWI-9.0.0.87.a: [LOWI-Scan] WipsScanUsingNL: passive scan cached 0, took 278062 ms, err 0
02-24 16:37:23.793  1718 12715 D LOWI-9.0.0.87.a: [LOWI-Scan] lowi_proc_req_passive_scan_with_live_meas - No WLAN Frames to be parsed
02-24 16:37:23.793  1718 12715 D LOWI-9.0.0.87.a: [LOWIScanResultReceiver] Send scan meas to listener
02-24 16:37:23.793  1718 12715 D LOWI-9.0.0.87.a: [LOWIScanResultReceiver] Enter passive listening mode
02-24 16:37:23.793  1718 12715 D LOWI-9.0.0.87.a: [LOWIWifiDriverInterface] getMeasurements - Passive listening mode
02-24 16:37:23.793  1718 12715 D LOWI-9.0.0.87.a: [LOWI-Scan] WipsScanUsingNL:wait -1 sec for netlink message
02-24 16:37:23.793  1770  6656 D WifiNl80211Manager: Scan result ready event
02-24 16:37:23.793  1770  6656 D WifiNative: Scan result ready event
02-24 16:37:23.795  1718  1802 D LOWI-9.0.0.87.a: [LOWIEventReceiver] handleEvent:FROM:NA, TO:NA, REQ:NA, IREQ:NA, REQ_ID:0, RESP:NA, INFO:NA
02-24 16:37:23.795  1718  1802 D LOWI-9.0.0.87.a: [LOWIBackgroundScanMgr] isRspForBgScanMgr: evt(LOWI_NO_EVT) - not handled
02-24 16:37:23.795  1718  1802 D LOWI-9.0.0.87.a: [LOWIScheduler] manageMsg: NULL results or NULL request in results
02-24 16:37:23.795  1718  1802 D LOWI-9.0.0.87.a: [LOWIController] Measurements received
02-24 16:37:23.795  1718  1802 D LOWI-9.0.0.87.a: [LOWICacheManager] putInCache:Num of Meas to add: 9
02-24 16:37:23.795  1718  1802 D LOWI-9.0.0.87.a: [LOWIController] processMeasurementResults: No current Request. Cache measurements
02-24 16:37:23.795  1718  1802 D LOWI-9.0.0.87.a: [LOWIControllerExtn] sendLOWILpDiscoveryScanResponse: Not a discovery scan response
02-24 16:37:23.798  3079  3079 D BoundBrokerSvc: onUnbind: Intent { act=com.google.android.gms.common.BIND_SHARED_PREFS pkg=com.google.android.gms }
02-24 16:37:23.804 17079 17079 D InsetsController: show(ime(), fromIme=true)
02-24 16:37:23.805  1770  4096 D PasspointManager: ANQP entry not found for: e0:1c:fc:1a:b0:44:<NORDIC LODGE_5ghz>
02-24 16:37:23.807 29270 29270 I NormalModeController: NormalModeController.getKeyboardBodyViewHolderPaddingBottom():116 currentPrimeKeyboardType:SOFT systemPaddingBottom:-1
02-24 16:37:23.808 29270 29856 I Delight5Decoder: Delight5DecoderWrapper.setKeyboardLayout():458 setKeyboardLayout()
02-24 16:37:23.822 29270 29856 I Delight5Decoder: Delight5DecoderWrapper.setKeyboardLayout():458 setKeyboardLayout()
02-24 16:37:23.827 29270 29270 I AndroidIME: KeyboardViewManager.saveKeyboardBottomGap():282 realScreenHeight: 0 screenHeightInInches: 5.545024
02-24 16:37:23.827 29270 29270 I AndroidIME: keyboardHolderHeight: 618 navigationHeight: 0
02-24 16:37:23.827 29270 29270 I AndroidIME: getKeyboardBodyViewHolderPaddingBottom(): 0 getKeyboardBottomGapFromScreen(): 0
02-24 16:37:23.827 29270 29270 I AndroidIME: keyboardBottomGap: 0 bodyViewHolderBottomPadding: 0
02-24 16:37:23.827 29270 29270 I AndroidIME: decorViewStableInsetBottom: 0 updated: false
02-24 16:37:23.831  1770  6656 D CompatibilityInfo: mCompatibilityFlags - 0
02-24 16:37:23.831  1770  6656 D CompatibilityInfo: applicationDensity - 400
02-24 16:37:23.831  1770  6656 D CompatibilityInfo: applicationScale - 1.0
02-24 16:37:23.832 29270 29270 W TooltipLifecycleManager: TooltipLifecycleManager.dismissTooltips():159 Tooltip with id spell_check_add_to_dictionary not found in tooltipManager.
02-24 16:37:23.837  3079  3079 D BoundBrokerSvc: onBind: Intent { act=com.google.android.gms.common.BIND_SHARED_PREFS pkg=com.google.android.gms }
02-24 16:37:23.837  3079  3079 D BoundBrokerSvc: Loading bound service for intent: Intent { act=com.google.android.gms.common.BIND_SHARED_PREFS pkg=com.google.android.gms }
02-24 16:37:23.846  1770  4096 D WifiScoreReport: setShouldReduceNetworkScore=false mNetworkAgent is null? true
02-24 16:37:23.846  3079  3079 D BoundBrokerSvc: onUnbind: Intent { act=com.google.android.gms.common.BIND_SHARED_PREFS pkg=com.google.android.gms }
02-24 16:37:23.847  1770  4096 D WifiClientModeImpl[wlan0]: CMD_START_CONNECT  my state DisconnectedState nid=48 roam=false
02-24 16:37:23.852 29270 23532 I OpenGLRenderer: Davey! duration=9222272872659ms; Flags=0, FrameTimelineVsyncId=19691444, IntendedVsync=1099164195444387, Vsync=1099164195444387, InputEventId=0, HandleInputStart=1099164203422784, AnimationStart=1099164203424346, PerformTraversalsStart=1099164203571325, DrawStart=1099164204048461, FrameDeadline=1099164212111053, FrameInterval=1099164203419398, FrameStartTime=16666666, SyncQueued=1099164204110544, SyncStart=1099164204329450, IssueDrawCommandsStart=1099164205183617, SwapBuffers=1099164210752732, FrameCompleted=9223372036854775807, DequeueBufferDuration=71302, QueueBufferDuration=2516197, GpuCompleted=9223372036854775807, SwapBuffersCompleted=1099164214261325, DisplayPresentTime=6, 
02-24 16:37:23.856 17079 17079 D UE4     : [GameActivity] === Restoring Transparent Bars due to Visibility Change ===
02-24 16:37:23.856 17079 17079 D UE4     : [GameActivity] === Restoring Transparent Bars ===
02-24 16:37:23.881 13163 13163 E wpa_supplicant: eap_proxy: eap_proxy_notify_config
02-24 16:37:23.881 13163 13163 E wpa_supplicant: eap_proxy: eap_proxy_notify_config
02-24 16:37:23.901  1718  1798 D LOWI-9.0.0.87.a: [LOWINetlinkSocketReceiver] unpackRTMLinkMessage: RTM_NEWLINK - ifname wlan0, flags 0x1002 ()
02-24 16:37:23.902  1718  1798 D LOWI-9.0.0.87.a: [LOWINetlinkSocketReceiver] processNetlinkPacket: ifname(wlan0) status(0)
02-24 16:37:23.902  1718  1798 D LOWI-9.0.0.87.a: [LOWIController] intfStateReceived: ifname(wlan0) state(0)
02-24 16:37:23.902  1718  1802 D LOWI-9.0.0.87.a: [LOWIEventReceiver] handleEvent:FROM:NA, TO:NA, REQ:NA, IREQ:NA, REQ_ID:0, RESP:NA, INFO:INTF-STATUS-UPDATE
02-24 16:37:23.902  1718  1802 D LOWI-9.0.0.87.a: [LOWIEventReceiver] Info to [INTF-STATUS-UPDATE]
02-24 16:37:23.902  1718  1802 D LOWI-9.0.0.87.a: [LOWIController] updateIntfState: WIFI enabled 0 mNlWifiStatus 1 mWifiStateEnabled 1
02-24 16:37:23.902  1718  1802 D LOWI-9.0.0.87.a: [LOWIController] isWifiEnabled: mNlWifiStatus 0 mWifiStateEnabled 1
02-24 16:37:23.902  1718  1802 I LOWI-9.0.0.87.a: [LOWIController] isWifiEnabled: Wifi is now disabled
02-24 16:37:23.902  1718  1802 D LOWI-9.0.0.87.a: [LOWIController] terminateScanResultReceiver
02-24 16:37:23.902  1718 12715 D LOWI-9.0.0.87.a: [LOWI-Scan] wips_wait_on_nl_socket: read returned 6, Received string: Close 
02-24 16:37:23.902  1718 12715 D LOWI-9.0.0.87.a: [LOWI-Scan] do_listen_events: Select Error return - -301
02-24 16:37:23.902  1718 12715 D LOWI-9.0.0.87.a: [LOWI-Scan] No dump done. Error -301
02-24 16:37:23.902  1718 12715 D LOWI-9.0.0.87.a: [LOWI-Scan] WipsScanUsingNL: passive scan cached 0, took 109 ms, err -301
02-24 16:37:23.902  1718 12715 D LOWI-9.0.0.87.a: [LOWI-Scan] lowi_proc_req_passive_scan_with_live_meas - No WLAN Frames to be parsed
02-24 16:37:23.902  1718 12715 D LOWI-9.0.0.87.a: [LOWIWifiDriverInterface] Scan terminated for passive listening request
02-24 16:37:23.902  1718 12715 I LOWI-9.0.0.87.a: [LOWIScanResultReceiver] Thread terminate was requested
02-24 16:37:23.902  1718 12715 D LOWI-9.0.0.87.a: [LOWI-Scan] Closing the pipe
02-24 16:37:23.903  1718  1802 D LOWI-9.0.0.87.a: [LOWIScanResultReceiver] After join complete
02-24 16:37:23.903  1718  1802 D LOWI-9.0.0.87.a: [LOWI-ROME-RTT] RomeUnblockRangingThread
02-24 16:37:23.903  1770  2254 I EthernetTracker: interfaceLinkStateChanged, iface: wlan0, up: false
02-24 16:37:23.903  1718 12716 D LOWI-9.0.0.87.a: [LOWI-ROME-RTT] RomeWaitOnActivityOnSocketOrPipe: Ranging thread Received string: Close, request socket shutdown 
02-24 16:37:23.903  1718 12716 D LOWI-9.0.0.87.a: [LOWIRangingFSM] FSM: Received Terminate Thread request from Controller
02-24 16:37:23.903  1718 12716 I LOWI-9.0.0.87.a: [LOWIScanResultReceiver] Thread terminate was requested
02-24 16:37:23.903  1718 12716 D LOWI-9.0.0.87.a: [LOWI-ROME-RTT] Closing the Ranging pipe
02-24 16:37:23.903  1718  1802 D LOWI-9.0.0.87.a: [LOWIScanResultReceiver] After join complete
02-24 16:37:23.903  1718  1802 D LOWI-9.0.0.87.a: [LOWIController] terminateWifiDriver
02-24 16:37:23.903  4360 32411 D NetlinkTracker/wlan0: interfaceLinkStateChanged: wlan0 down
02-24 16:37:23.903  1718  1802 I CLD80211: lowi-server: Sent msg on exit sock to unblock poll()
02-24 16:37:23.907 13163 13163 E wpa_supplicant: eap_proxy: eap_proxy_notify_config
02-24 16:37:23.909  1718  1798 D LOWI-9.0.0.87.a: [LOWINetlinkSocketReceiver] unpackRTMLinkMessage: RTM_NEWLINK - ifname wlan0, flags 0x1002 ()
02-24 16:37:23.909  1718  1798 D LOWI-9.0.0.87.a: [LOWINetlinkSocketReceiver] processNetlinkPacket: ifname(wlan0) status(0)
02-24 16:37:23.909  1718  1798 D LOWI-9.0.0.87.a: [LOWIController] intfStateReceived: ifname(wlan0) state(0)
02-24 16:37:23.909  1718  1802 D LOWI-9.0.0.87.a: [LOWIEventReceiver] handleEvent:FROM:NA, TO:NA, REQ:NA, IREQ:NA, REQ_ID:0, RESP:NA, INFO:INTF-STATUS-UPDATE
02-24 16:37:23.909  1718  1802 D LOWI-9.0.0.87.a: [LOWIEventReceiver] Info to [INTF-STATUS-UPDATE]
02-24 16:37:23.909  1718  1802 D LOWI-9.0.0.87.a: [LOWIController] updateIntfState: WIFI enabled 0 mNlWifiStatus 0 mWifiStateEnabled 0
02-24 16:37:23.909  1718  1802 D LOWI-9.0.0.87.a: [LOWIController] isWifiEnabled: mNlWifiStatus 0 mWifiStateEnabled 0
02-24 16:37:23.910  4360 30381 D NetlinkTracker/wlan0: interfaceLinkStateChanged: wlan0 down
02-24 16:37:23.910  1133  1133 D android.hardware.wifi@1.0-service: Successfully SetMacAddress.
02-24 16:37:23.913  1718  1798 D LOWI-9.0.0.87.a: [LOWINetlinkSocketReceiver] unpackRTMLinkMessage: RTM_NEWLINK - ifname wlan0, flags 0x1003 ([UP])
02-24 16:37:23.914  1718  1798 D LOWI-9.0.0.87.a: [LOWINetlinkSocketReceiver] processNetlinkPacket: ifname(wlan0) status(1)
02-24 16:37:23.914  1718  1798 D LOWI-9.0.0.87.a: [LOWIController] intfStateReceived: ifname(wlan0) state(1)
02-24 16:37:23.914  1718  1802 D LOWI-9.0.0.87.a: [LOWIEventReceiver] handleEvent:FROM:NA, TO:NA, REQ:NA, IREQ:NA, REQ_ID:0, RESP:NA, INFO:INTF-STATUS-UPDATE
02-24 16:37:23.914  1718  1802 D LOWI-9.0.0.87.a: [LOWIEventReceiver] Info to [INTF-STATUS-UPDATE]
02-24 16:37:23.914  1718  1802 D LOWI-9.0.0.87.a: [LOWIController] updateIntfState: WIFI enabled 1 mNlWifiStatus 0 mWifiStateEnabled 0
02-24 16:37:23.914  1718  1802 D LOWI-9.0.0.87.a: [LOWIController] isWifiEnabled: mNlWifiStatus 1 mWifiStateEnabled 0
02-24 16:37:23.914  1718  1802 I LOWI-9.0.0.87.a: [LOWIController] isWifiEnabled: Wifi is now enabled
02-24 16:37:23.914  1718  1802 D LOWI-9.0.0.87.a: [LOWIController] terminateScanResultReceiver
02-24 16:37:23.915  4360 30381 D NetlinkTracker/wlan0: interfaceLinkStateChanged: wlan0 down
02-24 16:37:23.916  1770  2254 I EthernetTracker: interfaceLinkStateChanged, iface: wlan0, up: false
02-24 16:37:23.916  1770  2254 I EthernetTracker: interfaceLinkStateChanged, iface: wlan0, up: false
02-24 16:37:23.916  1770  4096 D WifiClientModeImpl[wlan0]: ConnectedMacRandomization SSID(Nordic Lodge 5ghz). setMacAddress(1a:e5:93:ee:5a:db) from 1a:35:aa:ff:8d:c4 = true
02-24 16:37:23.916  1718  1802 D LOWI-9.0.0.87.a: [LOWIWpaInterface] OpenCtrl]61 Success for mCtrl
02-24 16:37:23.916  1718  1802 D LOWI-9.0.0.87.a: [LOWI-Scan] nl80211_init:SUCCESS
02-24 16:37:23.917  1718  1802 D LOWI-9.0.0.87.a: [LOWI-Scan] nl_get_wiphy_info, done err = 0
02-24 16:37:23.917  1718  1802 I LOWI-9.0.0.87.a: [LOWI-Scan] WipsGetSupportedChannels: return err = 0 num_2g_ch = 11 num_5g_ch = 25 num_6g_ch = 0
02-24 16:37:23.917  1718  1802 I LOWI-9.0.0.87.a: [LOWIWifiDriverUtils] set the band mask from wiphy 3
02-24 16:37:23.917  1718  1802 D LOWI-9.0.0.87.a: [LOWIWifiDriverUtils] getWiFiIdentityFromIoctl: ioctl(GET_MAC_ADDR) return: 0, Mac = 1a:e5:93:ee:5a:db
02-24 16:37:23.918  1770  4096 W LastMileLogger: Failed to open free_buffer pseudo-file: /sys/kernel/debug/tracing/instances/wifi/free_buffer: open failed: ENOENT (No such file or directory)
02-24 16:37:23.918  1770  4096 W LastMileLogger: Failed to arm fail-safe.
02-24 16:37:23.918  1718  1802 I LOWI-9.0.0.87.a: [LOWI-ROME-RTT] RomeWipsOpen: libCld80211 found, load the symbols..
02-24 16:37:23.919  1718  1802 I CLD80211: lowi-server: initialized exit socket pair
02-24 16:37:23.919  1718  1802 D LOWI-9.0.0.87.a: [LOWI-ROME-RTT] cld80211InitAndRegister: Init and Registration done
02-24 16:37:23.922  1718  1802 D LOWI-9.0.0.87.a: [LOWIController] createWifiDriver: wifi driver created.
02-24 16:37:23.922  1718  1802 D LOWI-9.0.0.87.a: [LOWIController] getWifiCapabilities
02-24 16:37:23.922  1718  1802 D LOWI-9.0.0.87.a: [LOWIController] passContConfig
02-24 16:37:23.922  1718  1802 I LOWI-9.0.0.87.a: [LOWIWifiDriverUtils] return band_mask based on wiphy 3
02-24 16:37:23.922  1718  1802 D LOWI-9.0.0.87.a: [LOWIControllerExtn] createScanResultReceiver: scanbitmask(0x26)
02-24 16:37:23.922  1718  1802 D LOWI-9.0.0.87.a: [LOWIController] createScanResultReceiver: Capabilities: discovery(1), ranging(1), bgscan(0), scanbitmask(0x26)
02-24 16:37:23.922  1718  1802 D LOWI-9.0.0.87.a: [LOWIController] created scanReceiver successfully
02-24 16:37:23.923  1718  1802 D LOWI-9.0.0.87.a: [LOWIController] created scanReceiver successfully
02-24 16:37:23.923  1718 17236 D LOWI-9.0.0.87.a: [LOWI-ROME-RTT] Creating pipe to Ranging Thread
02-24 16:37:23.923  1718 17236 D LOWI-9.0.0.87.a: [LOWIScanResultReceiver] Enter passive listening mode
02-24 16:37:23.923  1718 17236 D LOWI-9.0.0.87.a: [LOWIRangingFSM] FSM: Received Event EVENT_START_THREAD, Current state: STATE_IDLE_START
02-24 16:37:23.923  1718 17235 D LOWI-9.0.0.87.a: [LOWI-Scan] Creating the pipe
02-24 16:37:23.923  1718 17235 D LOWI-9.0.0.87.a: [LOWIScanResultReceiver] Enter passive listening mode
02-24 16:37:23.923  1718 17235 D LOWI-9.0.0.87.a: [LOWIWifiDriverInterface] getMeasurements - Passive listening mode
02-24 16:37:23.923  1718 17235 D LOWI-9.0.0.87.a: [LOWI-Scan] WipsScanUsingNL:wait -1 sec for netlink message
02-24 16:37:23.923  1770  4096 I WifiClientModeImpl[wlan0]: Connecting with 1a:e5:93:ee:5a:db as the mac address
02-24 16:37:23.923  1133 13159 I WifiHAL : send_nl_data: sent cld80211 msg of len: 48 to driver
02-24 16:37:23.923  1133 13159 I WifiHAL : send oem msg of len : 40 to apps
02-24 16:37:23.923  1718 17236 D LOWI-9.0.0.87.a: [LOWI-ROME-RTT] send_cld80211_nlmsg: sent cld80211 message for pid 1718
02-24 16:37:23.924  1718 17236 D LOWI-9.0.0.87.a: [LOWIRangingFSM] FSM: New FSM state: STATE_IDLE_START
02-24 16:37:23.924  1718 17236 D LOWI-9.0.0.87.a: [LOWI-ROME-RTT] RomeWaitOnActivityOnSocketOrPipe: issue timed select: TO: 5 
02-24 16:37:23.924  1718 17236 D LOWI-9.0.0.87.a: [LOWI-ROME-RTT] RomeWaitOnActivityOnSocketOrPipe: timed select over: TO: 5 retVal: 1
02-24 16:37:23.924  1718 17236 D LOWI-9.0.0.87.a: [LOWI-ROME-RTT] event_handler: Valid data with length 11
02-24 16:37:23.924  1718 17236 D LOWI-9.0.0.87.a: [LOWI-HELIUM-RTT] RomeNLRecvMessage: The Received RomeMsgType: ROME_REG_RSP_MSG
02-24 16:37:23.924  1718 17236 D LOWI-9.0.0.87.a: [LOWIRangingFSM] FSM: Received Event EVENT_REGISTRATION_SUCCESS, Current state: STATE_IDLE_START
02-24 16:37:23.924  1718 17236 D LOWI-9.0.0.87.a: [LOWI-ROME-RTT] RomeExtractRegRsp: driver support nl packing for oem data
02-24 16:37:23.924  1718 17236 I LOWI-9.0.0.87.a: [LOWI-ROME-RTT] RomeExtractRegRsp: nl format oem data enabled
02-24 16:37:23.924  1718 17236 D LOWI-9.0.0.87.a: [LOWI-ROME-RTT] RomeExtractRegRsp: Registered with CLD, 1 vDevs. Using 0 for STA
02-24 16:37:23.924  1133 13159 I WifiHAL : send_nl_data: sent cld80211 msg of len: 32 to driver
02-24 16:37:23.924  1133 13159 I WifiHAL : send oem msg of len : 148 to apps
02-24 16:37:23.924  1718 17236 D LOWI-9.0.0.87.a: [LOWI-ROME-RTT] send_oem_nl_msg: sent cld80211 message with subcmd: 3
02-24 16:37:23.924  1718 17236 D LOWI-9.0.0.87.a: [LOWIRangingFSM] FSM: New FSM state: STATE_WAITING_OEM_CAP
02-24 16:37:23.924  1718 17236 D LOWI-9.0.0.87.a: [LOWI-ROME-RTT] RomeWaitOnActivityOnSocketOrPipe: issue timed select: TO: 5 
02-24 16:37:23.924  1718 17236 D LOWI-9.0.0.87.a: [LOWI-ROME-RTT] RomeWaitOnActivityOnSocketOrPipe: timed select over: TO: 5 retVal: 1
02-24 16:37:23.924  1718 17236 D LOWI-9.0.0.87.a: [LOWI-ROME-RTT] event_handler: Valid data with length 116
02-24 16:37:23.924  1718 17236 D LOWI-9.0.0.87.a: [LOWI-HELIUM-RTT] RomeNLRecvMessage: The Received RomeMsgType: ROME_OEM_CAP_MSG
02-24 16:37:23.924  1718 17236 D LOWI-9.0.0.87.a: [LOWIRangingFSM] FSM: Received Event EVENT_OEM_CAP_INFO, Current state: STATE_WAITING_OEM_CAP
02-24 16:37:23.924  1718 17236 D LOWI-9.0.0.87.a: [LOWI-ROME-RTT] RomeExtractOemCapabilities: oem_target_signature(QUALCOMM) oem_target_type(19)oem_fw_version(857277891) driver_version(0xa120205)
02-24 16:37:23.924  1718 17236 D LOWI-9.0.0.87.a: [LOWI-ROME-RTT] allowed_dwell_time_min(20) allowed_dwell_time_max(30)curr_dwell_time_min(0) curr_dwell_time_max(0)supported_bands(3) num_channels(0)
02-24 16:37:23.925  1133 13159 I WifiHAL : send_nl_data: sent cld80211 msg of len: 32 to driver
02-24 16:37:23.925  1133 13159 I WifiHAL : send oem msg of len : 2028 to apps
02-24 16:37:23.925  1718 17236 D LOWI-9.0.0.87.a: [LOWI-ROME-RTT] send_oem_nl_msg: sent cld80211 message with subcmd: 4
02-24 16:37:23.925  1718 17236 D LOWI-9.0.0.87.a: [LOWIRangingFSM] FSM: New FSM state: STATE_WAITING_FOR_WIPHY_INFO
02-24 16:37:23.925  1718 17236 D LOWI-9.0.0.87.a: [LOWI-ROME-RTT] RomeWaitOnActivityOnSocketOrPipe: issue timed select: TO: 5 
02-24 16:37:23.925  1718 17236 D LOWI-9.0.0.87.a: [LOWI-ROME-RTT] RomeWaitOnActivityOnSocketOrPipe: timed select over: TO: 5 retVal: 1
02-24 16:37:23.925  1718 17236 D LOWI-9.0.0.87.a: [LOWI-ROME-RTT] event_handler: Valid data with length 1996
02-24 16:37:23.925  1718 17236 D LOWI-9.0.0.87.a: [LOWI-HELIUM-RTT] RomeNLRecvMessage: The Received RomeMsgType: ROME_CHANNEL_INFO_MSG
02-24 16:37:23.925  1718 17236 D LOWI-9.0.0.87.a: [LOWIRangingFSM] FSM: Received Event EVENT_CHANNEL_INFO, Current state: STATE_WAITING_FOR_WIPHY_INFO
02-24 16:37:23.925  1718 17236 I LOWI-9.0.0.87.a: [LOWI-ROME-RTT] ExtractNLChannelInfo: NumChan = 33
02-24 16:37:23.925  1133 13159 I WifiHAL : send_nl_data: sent cld80211 msg of len: 64 to driver
02-24 16:37:23.926  1718 17236 D LOWI-9.0.0.87.a: [LOWI-ROME-RTT] send_oem_nl_msg: sent cld80211 message with subcmd: 5
02-24 16:37:23.926  1718 17236 D LOWI-9.0.0.87.a: [LOWIRangingFSM] FSM: New FSM state: STATE_WAITING_FOR_RANGING_CAP
02-24 16:37:23.926  1718 17236 D LOWI-9.0.0.87.a: [LOWI-ROME-RTT] RomeWaitOnActivityOnSocketOrPipe: issue timed select: TO: 5 
02-24 16:37:23.927  1585  1585 W wificond: Scan is not started. Ignore abort request
02-24 16:37:23.928  1770  4096 D SupplicantStaIfaceHal: connectToNetwork "Nordic Lodge 5ghz"WPA_PSK isMixedGbkUtf=false
02-24 16:37:23.928  1770  4096 D SupplicantStaIfaceHal: Network is already saved, will not trigger remove and add operation.
02-24 16:37:23.929 13163 13163 E wpa_supplicant: eap_proxy: eap_proxy_notify_config
02-24 16:37:23.929 13163 13163 I wpa_supplicant: wlan0: Trying to associate with SSID 'Nordic Lodge 5ghz'
02-24 16:37:23.934  1770  4096 D WifiCountryCode: evaluateAllCmmStateAndApplyIfAllReady: {ConcreteClientModeManager{id=1736393194 iface=wlan0 role=ROLE_CLIENT_PRIMARY}=false}
02-24 16:37:23.934  1770  4096 D WifiClientModeImpl[wlan0]: Start Connecting Watchdog 43
02-24 16:37:23.934 13163 13163 E wpa_supplicant: eap_proxy: eap_proxy_notify_config
02-24 16:37:23.934 13163 13163 E wpa_supplicant: eap_proxy: eap_proxy_allowed_method
02-24 16:37:23.937  5394  5451 D OsAgent : [wifi_supplicant_status_update][3202] [HC] =>> [HS]
02-24 16:37:23.938  1121  1121 V LocSvc_HIDL_IzatSubscription: [wifiSupplicantStatusUpdate][682] [HS] <<<<= [HC]
02-24 16:37:23.938  1133 13159 I WifiHAL : send oem msg of len : 112 to apps
02-24 16:37:23.939  1718 17236 D LOWI-9.0.0.87.a: [LOWI-ROME-RTT] RomeWaitOnActivityOnSocketOrPipe: timed select over: TO: 5 retVal: 1
02-24 16:37:23.939  1718 17236 D LOWI-9.0.0.87.a: [LOWI-ROME-RTT] event_handler: Valid data with length 80
02-24 16:37:23.939  1718 17236 D LOWI-9.0.0.87.a: [LOWI-HELIUM-RTT] storeNLFragment: new fragment group, tokenid(2), adding 72 chars @position 0
02-24 16:37:23.939  1718 17236 D LOWI-9.0.0.87.a: [LOWI-HELIUM-RTT] RomeNLRecvMessage: The Received OEMSubType: RTT_MSG_SUBTYPE_CAPABILITY_RSP
02-24 16:37:23.939  1718 17236 D LOWI-9.0.0.87.a: [LOWI-HELIUM-RTT] RomeNLRecvMessage: The Received RomeMsgType: ROME_RANGING_CAP_MSG
02-24 16:37:23.939  1718 17236 D LOWI-9.0.0.87.a: [LOWIRangingFSM] FSM: Received Event EVENT_RANGING_CAP_INFO, Current state: STATE_WAITING_FOR_RANGING_CAP
02-24 16:37:23.939  1718 17236 D LOWI-9.0.0.87.a: [LOWIWifiTlvHandler] processRspHeadTlv: reqId(1) measDone(1) rttStatus(RTT_STATUS_SUCCESS) subtype(RTT_MSG_SUBTYPE_CAPABILITY_RSP) isFrag(0) fragIdx(0) fragLen(0) tknId(0)
02-24 16:37:23.939  1718 17236 D LOWI-9.0.0.87.a: [LOWIWifiTlvHandler] checkTlvTag: Processing idx(0) received TLV: wmi_rtt_oem_rsp_head
02-24 16:37:23.939  1718 17236 D LOWI-9.0.0.87.a: [LOWIWifiTlvHandler] processIfPeerEvtHdrTag: Invalid Tag(33), not added to vector mPeerIdx(0)
02-24 16:37:23.939  1718 17236 D LOWI-9.0.0.87.a: [LOWIWifiTlvHandler] processIfPerFrmInfoTag: Invalid Tag(33) measurement not added for peer(0)
02-24 16:37:23.939  1718 17236 D LOWI-9.0.0.87.a: [LOWIWifiTlvHandler] checkTlvTag: Processing idx(1) received TLV: wmi_rtt_oem_cap_rsp_head
02-24 16:37:23.939  1718 17236 D LOWI-9.0.0.87.a: [LOWIWifiTlvHandler] processIfPeerEvtHdrTag: Invalid Tag(35), not added to vector mPeerIdx(0)
02-24 16:37:23.939  1718 17236 D LOWI-9.0.0.87.a: [LOWIWifiTlvHandler] processIfPerFrmInfoTag: Invalid Tag(35) measurement not added for peer(0)
02-24 16:37:23.939  1718 17236 D LOWI-9.0.0.87.a: [LOWIWifiTlvHandler] checkTlvTag: Processing idx(2) received TLV: wmi_rtt_oem_cap_rsp_event
02-24 16:37:23.939  1718 17236 D LOWI-9.0.0.87.a: [LOWIWifiTlvHandler] processIfPeerEvtHdrTag: Invalid Tag(36), not added to vector mPeerIdx(0)
02-24 16:37:23.939  1718 17236 D LOWI-9.0.0.87.a: [LOWIWifiTlvHandler] processIfPerFrmInfoTag: Invalid Tag(36) measurement not added for peer(0)
02-24 16:37:23.939  1718 17236 D LOWI-9.0.0.87.a: [LOWIWifiTlvHandler] printBssidInfo: No peer info from processing TLVs
02-24 16:37:23.939  1718 17236 D LOWI-9.0.0.87.a: [LOWI-HELIUM-RTT] parseRttCapabilitiesMsg: Skipping wmi_rtt_oem_rsp_head
02-24 16:37:23.939  1718 17236 D LOWI-9.0.0.87.a: [LOWI-HELIUM-RTT] parseRttCapabilitiesMsg: parsing wmi_rtt_oem_cap_rsp_head TLVversion(0x3) major(0x0) minor(0x10001) serviceBitMask[0](0x0) serviceBitMask[1](0x0) serviceBitMask[2](0x0) serviceBitMask[3](0x0)
02-24 16:37:23.939  1718 17236 D LOWI-9.0.0.87.a: [LOWI-HELIUM-RTT] parseRttCapabilitiesMsg: parsing wmi_rtt_oem_cap_rsp_event TLVrangingTypeMask(5) supportedFramesMask(11) maxDestPerReq(10) maxMeasPerDest(31) maxChannelsAllowed(1) maxBwAllowed(2) preambleSupportedMask(7) reportTypeSupportedMask(15) maxRfChains(3) facTypeMask(2) numPhys(1) fwMultiBurstSupport(1)
02-24 16:37:23.939  1718 17236 D LOWI-9.0.0.87.a: [LOWIRangingFSM] FSM: New FSM state: STATE_READY_AND_IDLE
02-24 16:37:23.939  1718 17236 D LOWI-9.0.0.87.a: [LOWI-ROME-RTT] RomeWaitOnActivityOnSocketOrPipe: issue blocking select 
02-24 16:37:23.942  5394  5451 D OsAgent : [wifi_supplicant_status_update][3202] [HC] =>> [HS]
02-24 16:37:23.942  1121  1121 V LocSvc_HIDL_IzatSubscription: [wifiSupplicantStatusUpdate][682] [HS] <<<<= [HC]
02-24 16:37:23.942 13198 13198 D BluetoothAdapterService: android.net.wifi.STATE_CHANGE
02-24 16:37:23.943  4407  5459 D QCNEJ/WlanStaInfoRelay: Received action: android.net.wifi.STATE_CHANGE
02-24 16:37:23.944 26054 26186 I NearbyDiscovery: FastPairHandler: Received action android.net.wifi.STATE_CHANGE [CONTEXT service_id=265 ]
02-24 16:37:23.945  5394  5451 D OsAgent : [wifi_supplicant_status_update][3202] [HC] =>> [HS]
02-24 16:37:23.946  1121  1121 V LocSvc_HIDL_IzatSubscription: [wifiSupplicantStatusUpdate][682] [HS] <<<<= [HC]
02-24 16:37:23.949 13198 13198 W BluetoothAdapterService: fetchWifiState - isWifiConnected =false
02-24 16:37:23.949 13198 13198 D BluetoothVendorService: setWifiState to: false
02-24 16:37:23.949 13198 13198 I BluetoothVendorJni: setWifiStateNative
02-24 16:37:23.949 13198 13198 I bt_btif_vendor: setWifiState :0
02-24 16:37:23.959  1718  1798 D LOWI-9.0.0.87.a: [LOWINetlinkSocketReceiver] unpackRTMLinkMessage: RTM_NEWLINK - ifname wlan0, flags 0x1003 ([UP])
02-24 16:37:23.959  1718  1798 D LOWI-9.0.0.87.a: [LOWINetlinkSocketReceiver] processNetlinkPacket: ifname(wlan0) status(1)
02-24 16:37:23.959  1718  1798 D LOWI-9.0.0.87.a: [LOWIController] intfStateReceived: ifname(wlan0) state(1)
02-24 16:37:23.959  1718  1802 D LOWI-9.0.0.87.a: [LOWIEventReceiver] handleEvent:FROM:NA, TO:NA, REQ:NA, IREQ:NA, REQ_ID:0, RESP:NA, INFO:INTF-STATUS-UPDATE
02-24 16:37:23.959  1718  1802 D LOWI-9.0.0.87.a: [LOWIEventReceiver] Info to [INTF-STATUS-UPDATE]
02-24 16:37:23.959  1718  1802 D LOWI-9.0.0.87.a: [LOWIController] updateIntfState: WIFI enabled 1 mNlWifiStatus 1 mWifiStateEnabled 1
02-24 16:37:23.959  1718  1802 D LOWI-9.0.0.87.a: [LOWIController] isWifiEnabled: mNlWifiStatus 1 mWifiStateEnabled 1
02-24 16:37:23.960  1770  2254 I EthernetTracker: interfaceLinkStateChanged, iface: wlan0, up: false
02-24 16:37:23.960  1718  1798 D LOWI-9.0.0.87.a: [LOWINetlinkSocketReceiver] unpackRTMLinkMessage: RTM_NEWLINK - ifname wlan0, flags 0x1003 ([UP])
02-24 16:37:23.960  1718  1798 D LOWI-9.0.0.87.a: [LOWINetlinkSocketReceiver] processNetlinkPacket: ifname(wlan0) status(1)
02-24 16:37:23.960  1718  1798 D LOWI-9.0.0.87.a: [LOWIController] intfStateReceived: ifname(wlan0) state(1)
02-24 16:37:23.960  1718  1802 D LOWI-9.0.0.87.a: [LOWIEventReceiver] handleEvent:FROM:NA, TO:NA, REQ:NA, IREQ:NA, REQ_ID:0, RESP:NA, INFO:INTF-STATUS-UPDATE
02-24 16:37:23.960  1718  1802 D LOWI-9.0.0.87.a: [LOWIEventReceiver] Info to [INTF-STATUS-UPDATE]
02-24 16:37:23.960  1718  1802 D LOWI-9.0.0.87.a: [LOWIController] updateIntfState: WIFI enabled 1 mNlWifiStatus 1 mWifiStateEnabled 1
02-24 16:37:23.960  1718  1802 D LOWI-9.0.0.87.a: [LOWIController] isWifiEnabled: mNlWifiStatus 1 mWifiStateEnabled 1
02-24 16:37:23.961  4360 30381 D NetlinkTracker/wlan0: interfaceLinkStateChanged: wlan0 down
02-24 16:37:23.961  1718  1798 D LOWI-9.0.0.87.a: [LOWINetlinkSocketReceiver] unpackRTMLinkMessage: RTM_NEWLINK - ifname wlan0, flags 0x11003 ([UP])
02-24 16:37:23.961  1718  1798 D LOWI-9.0.0.87.a: [LOWINetlinkSocketReceiver] processNetlinkPacket: ifname(wlan0) status(1)
02-24 16:37:23.961  1718  1798 D LOWI-9.0.0.87.a: [LOWIController] intfStateReceived: ifname(wlan0) state(1)
02-24 16:37:23.961  1718  1802 D LOWI-9.0.0.87.a: [LOWIEventReceiver] handleEvent:FROM:NA, TO:NA, REQ:NA, IREQ:NA, REQ_ID:0, RESP:NA, INFO:INTF-STATUS-UPDATE
02-24 16:37:23.961  1718  1802 D LOWI-9.0.0.87.a: [LOWIEventReceiver] Info to [INTF-STATUS-UPDATE]
02-24 16:37:23.961  1718  1802 D LOWI-9.0.0.87.a: [LOWIController] updateIntfState: WIFI enabled 1 mNlWifiStatus 1 mWifiStateEnabled 1
02-24 16:37:23.961  1718  1802 D LOWI-9.0.0.87.a: [LOWIController] isWifiEnabled: mNlWifiStatus 1 mWifiStateEnabled 1
02-24 16:37:23.962  1770  2254 I EthernetTracker: interfaceLinkStateChanged, iface: wlan0, up: false
02-24 16:37:23.962  4360 32411 D NetlinkTracker/wlan0: interfaceLinkStateChanged: wlan0 down
02-24 16:37:23.963  1133 13159 I WifiHAL : send oem msg of len : 140 to apps
02-24 16:37:23.963  4360 30381 D NetlinkTracker/wlan0: interfaceLinkStateChanged: wlan0 up
02-24 16:37:23.963  1718 17236 D LOWI-9.0.0.87.a: [LOWI-ROME-RTT] event_handler: Valid data with length 108
02-24 16:37:23.963  1718 17236 D LOWI-9.0.0.87.a: [LOWI-HELIUM-RTT] RomeNLRecvMessage: The Received RomeMsgType: ROME_P2P_PEER_EVENT_MSG
02-24 16:37:23.963  1718 17236 D LOWI-9.0.0.87.a: [LOWIRangingFSM] FSM: Received Event EVENT_P2P_STATUS_UPDATE, Current state: STATE_READY_AND_IDLE
02-24 16:37:23.963  1718 17236 D LOWI-9.0.0.87.a: [LOWI-ROME-RTT]  RomeExtractP2PInfo - P2P EVENT Received!
02-24 16:37:23.963  1718 17236 D LOWI-9.0.0.87.a: [LOWI-ROME-RTT]  ExtractNLP2PInfo: Entered
02-24 16:37:23.963  1718 17236 D LOWI-9.0.0.87.a: [LOWI-P2P-RTT] p2pStoreStatusInfo: Peer status = PEER_STATUS_CONNECTED Mac:e4:bf:fa:3e:3a:08
02-24 16:37:23.963  1718 17236 D LOWI-9.0.0.87.a: [LOWIRangingFSM] FSM: New FSM state: STATE_READY_AND_IDLE
02-24 16:37:23.963  1718 17236 D LOWI-9.0.0.87.a: [LOWI-ROME-RTT] RomeWaitOnActivityOnSocketOrPipe: issue blocking select 
02-24 16:37:23.963  1770  2254 I EthernetTracker: interfaceLinkStateChanged, iface: wlan0, up: true
02-24 16:37:23.970 13163 13163 I wpa_supplicant: wlan0: Associated with e4:bf:fa:3e:3a:08
02-24 16:37:23.970   597   597 I hwservicemanager: getTransport: Cannot find entry android.hardware.wifi.supplicant@1.4::ISupplicant/default in either framework or device VINTF manifest.
02-24 16:37:23.974 13163 13163 I wpa_supplicant: wlan0: CTRL-EVENT-SUBNET-STATUS-UPDATE status=0
02-24 16:37:23.986  5394  5451 D OsAgent : [wifi_supplicant_status_update][3202] [HC] =>> [HS]
02-24 16:37:23.986  1121  1121 V LocSvc_HIDL_IzatSubscription: [wifiSupplicantStatusUpdate][682] [HS] <<<<= [HC]
02-24 16:37:23.986 13163 13163 I wpa_supplicant: wlan0: WPA: RX message 1 of 4-Way Handshake from e4:bf:fa:3e:3a:08 (ver=2)
02-24 16:37:23.987 13163 13163 I wpa_supplicant: wlan0: WPA: Sending EAPOL-Key 2/4
02-24 16:37:23.991  4407  5459 D QCNEJ/WlanStaInfoRelay: Received action: android.net.wifi.STATE_CHANGE
02-24 16:37:23.992 13198 13198 D BluetoothAdapterService: android.net.wifi.STATE_CHANGE
02-24 16:37:23.994  5394  5451 D OsAgent : [wifi_supplicant_status_update][3202] [HC] =>> [HS]
02-24 16:37:23.994  1121  1121 V LocSvc_HIDL_IzatSubscription: [wifiSupplicantStatusUpdate][682] [HS] <<<<= [HC]
02-24 16:37:23.995 13163 13163 I wpa_supplicant: wlan0: WPA: RX message 3 of 4-Way Handshake from e4:bf:fa:3e:3a:08 (ver=2)
02-24 16:37:23.995 13163 13163 I wpa_supplicant: wlan0: WPA: Sending EAPOL-Key 4/4
02-24 16:37:23.995 26054 26186 I NearbyDiscovery: FastPairHandler: Received action android.net.wifi.STATE_CHANGE [CONTEXT service_id=265 ]
02-24 16:37:23.998  1718 17235 D LOWI-9.0.0.87.a: [LOWI-Scan] wait_event:Wait done with Cmd 103
02-24 16:37:23.998  1718 17235 D LOWI-9.0.0.87.a: [LOWI-Scan] do_listen_events: Rcvd valid Netlink Cmd 0 Err 0
02-24 16:37:23.998 13198 13198 W BluetoothAdapterService: fetchWifiState - isWifiConnected =false
02-24 16:37:23.998 13198 13198 D BluetoothVendorService: setWifiState to: false
02-24 16:37:23.999 13198 13198 I BluetoothVendorJni: setWifiStateNative
02-24 16:37:23.999 13198 13198 I bt_btif_vendor: setWifiState :0
02-24 16:37:23.999  1133 13159 I WifiHAL : event received NL80211_CMD_VENDOR, vendor_id = 0x1374, subcmd = 0xa5
02-24 16:37:23.999  1651  1651 I cnss-daemon: nl80211 response handler invoked
02-24 16:37:23.999  1651  1651 I cnss-daemon: nl80211_response_handler: cmd 103, vendorID 4980, subcmd 165  received
02-24 16:37:24.004  5394  5451 D OsAgent : [wifi_supplicant_status_update][3202] [HC] =>> [HS]
02-24 16:37:24.005  1121  1121 V LocSvc_HIDL_IzatSubscription: [wifiSupplicantStatusUpdate][682] [HS] <<<<= [HC]
02-24 16:37:24.010 13163 13163 I wpa_supplicant: wlan0: WPA: Key negotiation completed with e4:bf:fa:3e:3a:08 [PTK=CCMP GTK=CCMP]
02-24 16:37:24.010 13163 13163 I wpa_supplicant: wlan0: CTRL-EVENT-CONNECTED - Connection to e4:bf:fa:3e:3a:08 completed [id=0 id_str=%7B%22configKey%22%3A%22%5C%22Nordic+Lodge+5ghz%5C%22WPA_PSK%22%2C%22creatorUid%22%3A%221000%22%7D]
02-24 16:37:24.010  1718  1798 D LOWI-9.0.0.87.a: [LOWINetlinkSocketReceiver] unpackRTMLinkMessage: RTM_NEWLINK - ifname wlan0, flags 0x11043 ([UP][RUNNING])
02-24 16:37:24.010  1718  1798 D LOWI-9.0.0.87.a: [LOWINetlinkSocketReceiver] processNetlinkPacket: ifname(wlan0) status(2)
02-24 16:37:24.010  1718  1798 D LOWI-9.0.0.87.a: [LOWIController] intfStateReceived: ifname(wlan0) state(2)
02-24 16:37:24.010  1718  1802 D LOWI-9.0.0.87.a: [LOWIEventReceiver] handleEvent:FROM:NA, TO:NA, REQ:NA, IREQ:NA, REQ_ID:0, RESP:NA, INFO:INTF-STATUS-UPDATE
02-24 16:37:24.010  1718  1802 D LOWI-9.0.0.87.a: [LOWIEventReceiver] Info to [INTF-STATUS-UPDATE]
02-24 16:37:24.010  1718  1802 D LOWI-9.0.0.87.a: [LOWIController] updateIntfState: WIFI enabled 2 mNlWifiStatus 1 mWifiStateEnabled 1
02-24 16:37:24.010  1718  1802 D LOWI-9.0.0.87.a: [LOWIController] isWifiEnabled: mNlWifiStatus 2 mWifiStateEnabled 1
02-24 16:37:24.010  1718  1802 D LOWI-9.0.0.87.a: [LOWIController] notifyWlanInterfaceStatusChange: Send Interface state request LOWIController_1739
02-24 16:37:24.011  1718  1802 D LOWI-9.0.0.87.a: [LOWIController] isWifiEnabled: mNlWifiStatus 2 mWifiStateEnabled 1
02-24 16:37:24.011  1718  1802 D LOWI-9.0.0.87.a: [LOWIController] requestMeasurements: Internal Message 2 sent to driver
02-24 16:37:24.011  1718  1802 D LOWI-9.0.0.87.a: [LOWIController] issueRequest: LOWIController_1739 sent to driver request - SUCCESS
02-24 16:37:24.011  1718 17235 D LOWI-9.0.0.87.a: [LOWI-Scan] wips_wait_on_nl_socket: read returned 6, Received string: Close 
02-24 16:37:24.011  1718 17235 D LOWI-9.0.0.87.a: [LOWI-Scan] do_listen_events: Select Error return - -301
02-24 16:37:24.011  1718 17235 D LOWI-9.0.0.87.a: [LOWI-Scan] No dump done. Error -301
02-24 16:37:24.011  1718 17235 D LOWI-9.0.0.87.a: [LOWI-Scan] WipsScanUsingNL: passive scan cached 0, took 88 ms, err -301
02-24 16:37:24.011  1718 17235 D LOWI-9.0.0.87.a: [LOWI-Scan] lowi_proc_req_passive_scan_with_live_meas - No WLAN Frames to be parsed
02-24 16:37:24.011  1718 17235 D LOWI-9.0.0.87.a: [LOWIWifiDriverInterface] Scan terminated for passive listening request
02-24 16:37:24.011  1718 17235 D LOWI-9.0.0.87.a: [LOWIScanResultReceiver] run:Execute new request LOWIController_1739
02-24 16:37:24.011  1770  2254 I EthernetTracker: interfaceLinkStateChanged, iface: wlan0, up: true
02-24 16:37:24.012  4360 32411 D NetlinkTracker/wlan0: interfaceLinkStateChanged: wlan0 up
02-24 16:37:24.012  1718 17235 I LOWI-9.0.0.87.a: [LOWI-Scan] get_intf_mode: WLAN interface type 2, err 0
02-24 16:37:24.013  1133 13159 E WifiHAL :  register_monitor_sock :Action frame already registered for this client 
02-24 16:37:24.013  1718 17235 D LOWI-9.0.0.87.a: [LOWIScanResultReceiver] Send scan meas to listener
02-24 16:37:24.013  1718 17235 D LOWI-9.0.0.87.a: [LOWIScanResultReceiver] Enter passive listening mode
02-24 16:37:24.013  1718 17235 D LOWI-9.0.0.87.a: [LOWIWifiDriverInterface] getMeasurements - Passive listening mode
02-24 16:37:24.013  1718 17235 D LOWI-9.0.0.87.a: [LOWI-Scan] WipsScanUsingNL:wait -1 sec for netlink message
02-24 16:37:24.013  1718  1802 D LOWI-9.0.0.87.a: [LOWIEventReceiver] handleEvent:FROM:NA, TO:NA, REQ:NA, IREQ:NA, REQ_ID:0, RESP:NA, INFO:NA
02-24 16:37:24.013  1718  1802 D LOWI-9.0.0.87.a: [LOWIBackgroundScanMgr] isRspForBgScanMgr: req(LOWI_INTERNAL_MESSAGE) -- not handled
02-24 16:37:24.013  1718  1802 D LOWI-9.0.0.87.a: [LOWIController] Measurements received
02-24 16:37:24.019 13198 13198 D BluetoothAdapterService: android.net.wifi.STATE_CHANGE
02-24 16:37:24.020  4407  5459 D QCNEJ/WlanStaInfoRelay: Received action: android.net.wifi.STATE_CHANGE
02-24 16:37:24.021 26054 26186 I NearbyDiscovery: FastPairHandler: Received action android.net.wifi.STATE_CHANGE [CONTEXT service_id=265 ]
02-24 16:37:24.025  1770  4096 D ConnectivityService: registerNetworkAgent NetworkAgentInfo{network{704}  handle{3027062673421}  ni{WIFI CONNECTING extra: } created=2023-02-25T00:37:24.024Z Score(Policies : IS_UNMETERED ; KeepConnected : 0)   lp{{InterfaceName: wlan0 LinkAddresses: [ ] DnsAddresses: [ ] Domains: null MTU: 0 Routes: [ ]}}  nc{[ Transports: WIFI Capabilities: NOT_METERED&INTERNET&NOT_RESTRICTED&TRUSTED&NOT_VPN&NOT_ROAMING&NOT_CONGESTED&NOT_SUSPENDED&NOT_VCN_MANAGED LinkUpBandwidth>=433000Kbps LinkDnBandwidth>=433000Kbps Specifier: <WifiNetworkAgentSpecifier [WifiConfiguration=, SSID="Nordic Lodge 5ghz", BSSID=e4:bf:fa:3e:3a:08, band=2, mMatchLocalOnlySpecifiers=false]> TransportInfo: <SSID: "Nordic Lodge 5ghz", BSSID: e4:bf:fa:3e:3a:08, MAC: 1a:e5:93:ee:5a:db, Security type: 2, Supplicant state: GROUP_HANDSHAKE, HE Eight Max VHT Spatial Streams Supported AP: false, Eight Max VHT Spatial streams support: false, Wi-Fi standard: 5, RSSI: -127, Link speed: -1Mbps, Tx Link speed: -1Mbps, Max Supported Tx Link speed: 433Mbps, Rx Link speed: -1Mbps, Max Supported Rx Link speed: 433Mbps, Frequency: 5240MHz, Net ID: 48, Metered hint: false, score: 0, CarrierMerged: false, SubscriptionId: -1, IsPrimary: 1> OwnerUid: 1000 AdminUids: [1000] SSID: "Nordic Lodge 5ghz" UnderlyingNetworks: Null]}  factorySerialNumber=7}
02-24 16:37:24.028  1770  4096 D SoftApManager[unknown]: onL2Connected called
02-24 16:37:24.033 26054 26186 I NearbyDiscovery: FastPairHandler: Received action android.net.wifi.STATE_CHANGE [CONTEXT service_id=265 ]
02-24 16:37:24.046  1770  4104 D ConnectivityService: [704 WIFI] EVENT_NETWORK_INFO_CHANGED, going from CONNECTING to CONNECTING
02-24 16:37:24.051  4360 17237 D NetworkMonitor/704: checkAndRenewResourceConfig: update captive portal https urls to [https://www.google.com/generate_204]
02-24 16:37:24.051  4360 17237 D NetworkMonitor/704: checkAndRenewResourceConfig: update captive portal http urls to [http://connectivitycheck.gstatic.com/generate_204]
02-24 16:37:24.052  4360 17237 D NetworkMonitor/704: checkAndRenewResourceConfig: update captive portal fallback urls to[http://www.google.com/gen_204, http://play.googleapis.com/generate_204]
02-24 16:37:24.052  4360 17237 D NetworkMonitor: Starting on network 704 with capport HTTPS URL [https://www.google.com/generate_204] and HTTP URL [http://connectivitycheck.gstatic.com/generate_204]
02-24 16:37:24.060  4407  5459 D QCNEJ/WlanStaInfoRelay: Received action: android.net.wifi.STATE_CHANGE
02-24 16:37:24.069 13198 13198 W BluetoothAdapterService: fetchWifiState - isWifiConnected =true
02-24 16:37:24.069 13198 13198 D BluetoothVendorService: setWifiState to: true
02-24 16:37:24.069 13198 13198 I BluetoothVendorJni: setWifiStateNative
02-24 16:37:24.069 13198 13198 I bt_btif_vendor: setWifiState :1
02-24 16:37:24.069  4360 17238 D ApfFilter: (wlan0): begin monitoring
02-24 16:37:24.069 13198 13326 W bt_btm  : btm_cb.is_wifi_connected = 1 
02-24 16:37:24.069 13198 13326 W bt_l2cap: L2CA_SetDesireRole() new:x1, disallow_switch:0
02-24 16:37:24.069 13198 13198 D BluetoothAdapterService: android.net.wifi.STATE_CHANGE
02-24 16:37:24.069  5394  5451 D OsAgent : [wifi_supplicant_status_update][3202] [HC] =>> [HS]
02-24 16:37:24.070  1121  1121 V LocSvc_HIDL_IzatSubscription: [wifiSupplicantStatusUpdate][682] [HS] <<<<= [HC]
02-24 16:37:24.071 13198 13198 W BluetoothAdapterService: fetchWifiState - isWifiConnected =true
02-24 16:37:24.071 13198 13198 D BluetoothVendorService: setWifiState to: true
02-24 16:37:24.071 13198 13198 I BluetoothVendorJni: setWifiStateNative
02-24 16:37:24.071 13198 13198 I bt_btif_vendor: setWifiState :1
02-24 16:37:24.072  1770  4104 D ConnectivityService: NetReassign [no changes] [c 0] [a 0] [i 5]
02-24 16:37:24.074  1651  1651 I cnss-daemon: Ready to update GW parameters
02-24 16:37:24.074  1651  1651 E cnss-daemon: Invalid mac address
02-24 16:37:24.074  1651  1651 E cnss-daemon: failed to update gateway
02-24 16:37:24.076  1770  4104 D ConnectivityService: NetReassign [no changes] [c 0] [a 0] [i 3]
02-24 16:37:24.076  4360 30381 D NetlinkTracker/wlan0: routeUpdated: fe80::/64 -> :: wlan0 mtu 0
02-24 16:37:24.079  4360 30381 D NetlinkTracker/wlan0: addressUpdated: fe80::18e5:93ff:feee:5adb/64 on wlan0 flags 196 scope 253
02-24 16:37:24.083   973  5843 E Netd    : no such netId 704
02-24 16:37:24.103  4360 13170 D DhcpClient: l2key: W7c3ba6fdd8df7a5d lease address: /10.0.0.145 lease expiry: 1677457161708 current time: 1677285444103
02-24 16:37:24.105  4360 13170 D DhcpClient: Broadcasting DHCPREQUEST ciaddr=0.0.0.0 request=10.0.0.145 serverid=null
02-24 16:37:24.115  1770 14592 D CompatibilityInfo: mCompatibilityFlags - 0
02-24 16:37:24.115  1770 14592 D CompatibilityInfo: applicationDensity - 400
02-24 16:37:24.115  1770 14592 D CompatibilityInfo: applicationScale - 1.0
02-24 16:37:24.125  3079 17239 I GmscoreIpa: Starting mediastore instant index [CONTEXT service_id=255 ]
02-24 16:37:24.846  4360 30381 D NetlinkTracker/wlan0: addressUpdated: fe80::18e5:93ff:feee:5adb/64 on wlan0 flags 128 scope 253
02-24 16:37:24.982  4360 32411 D NetlinkTracker/wlan0: routeUpdated: ::/0 -> fe80::e6bf:faff:fe3e:39ff wlan0 mtu 0
02-24 16:37:24.983  4360 17238 D ApfFilter: (wlan0): Adding RA fe80::e6bf:faff:fe3e:39ff -> ff02::1 180s 2604:3d08:797b:ae00::/64 300s/300s DNS 180s 2001:4e8:0:4009::13 2001:4e8:0:4007::17 RIO 180s ::/0 
02-24 16:37:24.983  4360 32411 D NetlinkTracker/wlan0: routeUpdated: 2604:3d08:797b:ae00::/64 -> :: wlan0 mtu 0
02-24 16:37:24.991   973  1076 E Netd    : no such netId 704
02-24 16:37:24.992  4360 32411 D NetlinkTracker/wlan0: interfaceDnsServerInfo: [2001:4e8:0:4009::13, 2001:4e8:0:4007::17]
02-24 16:37:24.996  4360  4381 D NetlinkTracker/wlan0: addressUpdated: 2604:3d08:797b:ae00:18e5:93ff:feee:5adb/64 on wlan0 flags 324 scope 0
02-24 16:37:24.997  4360 32411 D NetlinkTracker/wlan0: addressUpdated: 2604:3d08:797b:ae00:18c4:3:900:6b4d/64 on wlan0 flags 69 scope 0
02-24 16:37:25.005  4407  4994 W IWlanNetworkService: 30079 > Response Processed
02-24 16:37:25.005   973  1076 E Netd    : no such netId 704
02-24 16:37:25.011 13198 13198 D BluetoothAdapterService: android.net.wifi.STATE_CHANGE
02-24 16:37:25.011  4407  5459 D QCNEJ/WlanStaInfoRelay: Received action: android.net.wifi.STATE_CHANGE
02-24 16:37:25.020  1770  4104 D ConnectivityService: Setting DNS servers for network 704 to [/2001:4e8:0:4009::13, /2001:4e8:0:4007::17]
02-24 16:37:25.027  4547  4547 D CarrierConfigLoader: getConfigForSubIdWithFeature subid: 3 phoneid: 1 callingPackage: com.android.phone
02-24 16:37:25.036  4547  4547 D CarrierConfigLoader: getConfigForSubIdWithFeature subid: 3 phoneid: 1 callingPackage: com.android.phone
02-24 16:37:25.040  4547  4547 D CarrierConfigLoader: getConfigForSubIdWithFeature subid: 3 phoneid: 1 callingPackage: com.android.phone
02-24 16:37:25.041  1770  4096 W WifiScoreReport: Cannot start external scoring netId=704 currentNetId=704 currentNetCapabilities=[ Transports: WIFI Capabilities: NOT_METERED&INTERNET&NOT_RESTRICTED&TRUSTED&NOT_VPN&NOT_ROAMING&NOT_CONGESTED&NOT_SUSPENDED&NOT_VCN_MANAGED LinkUpBandwidth>=433000Kbps LinkDnBandwidth>=433000Kbps Specifier: <WifiNetworkAgentSpecifier [WifiConfiguration=, SSID="Nordic Lodge 5ghz", BSSID=e4:bf:fa:3e:3a:08, band=2, mMatchLocalOnlySpecifiers=false]> TransportInfo: <SSID: "Nordic Lodge 5ghz", BSSID: e4:bf:fa:3e:3a:08, MAC: 1a:e5:93:ee:5a:db, Security type: 2, Supplicant state: COMPLETED, HE Eight Max VHT Spatial Streams Supported AP: false, Eight Max VHT Spatial streams support: false, Wi-Fi standard: 5, RSSI: -127, Link speed: -1Mbps, Tx Link speed: -1Mbps, Max Supported Tx Link speed: 433Mbps, Rx Link speed: -1Mbps, Max Supported Rx Link speed: 433Mbps, Frequency: 5240MHz, Net ID: 48, Metered hint: false, score: 0, CarrierMerged: false, SubscriptionId: -1, IsPrimary: 1> OwnerUid: 1000 AdminUids: [1000] SSID: "Nordic Lodge 5ghz" UnderlyingNetworks: Null] sessionId=7047
02-24 16:37:25.044  4547  4547 D CarrierConfigLoader: getConfigForSubIdWithFeature subid: 3 phoneid: 1 callingPackage: com.android.phone
02-24 16:37:25.050  4547  4547 D CarrierConfigLoader: getConfigForSubIdWithFeature subid: 3 phoneid: 1 callingPackage: com.android.phone
02-24 16:37:25.050  1770  4104 D ConnectivityService: [704 WIFI] EVENT_NETWORK_INFO_CHANGED, going from CONNECTING to CONNECTED
02-24 16:37:25.051  1770 14592 D WifiMemoryStoreImpl: Set cluster G3eb6a913f5a5d781 for W7c3ba6fdd8df7a5d: SUCCESS
02-24 16:37:25.052  1770  4104 D DnsManager: sendDnsConfigurationForNetwork(704, [2001:4e8:0:4009::13, 2001:4e8:0:4007::17], [], 1800, 25, 8, 64, 0, 0, , [])
02-24 16:37:25.053  1770  4104 W DnsManager: updatePrivateDns(704, PrivateDnsConfig{true:/[]})
02-24 16:37:25.053  1770  4104 D ConnectivityService: Setting DNS servers for network 704 to [/2001:4e8:0:4009::13, /2001:4e8:0:4007::17]
02-24 16:37:25.054  1770  4104 D DnsManager: sendDnsConfigurationForNetwork(704, [2001:4e8:0:4009::13, 2001:4e8:0:4007::17], [], 1800, 25, 8, 64, 0, 0, , [2001:4e8:0:4009::13, 2001:4e8:0:4007::17])
02-24 16:37:25.054  4360 13170 D DhcpClient: Broadcasting DHCPREQUEST ciaddr=0.0.0.0 request=10.0.0.145 serverid=null
02-24 16:37:25.055  4407  5459 D QCNEJ/WlanStaInfoRelay: Received action: android.net.wifi.LINK_CONFIGURATION_CHANGED
02-24 16:37:25.055  4407  5459 E QCNEJ/WlanStaInfoRelay: update link properties given null lp
02-24 16:37:25.057 13198 13198 W BluetoothAdapterService: fetchWifiState - isWifiConnected =true
02-24 16:37:25.057 13198 13198 D BluetoothVendorService: setWifiState to: true
02-24 16:37:25.057 13198 13198 I BluetoothVendorJni: setWifiStateNative
02-24 16:37:25.057 13198 13198 I bt_btif_vendor: setWifiState :1
02-24 16:37:25.058   973 17244 W resolv  : Validating DnsTlsServer 2001:4e8:0:4007::17 with mark 0xf02c0
02-24 16:37:25.058   973 17245 W resolv  : Validating DnsTlsServer 2001:4e8:0:4009::13 with mark 0xf02c0
02-24 16:37:25.062  1770  4104 D ConnectivityService: Adding iface wlan0 to network 704
02-24 16:37:25.064  1770  7438 D WifiMemoryStoreImpl: Set cluster G3eb6a913f5a5d781 for W3eb6a913f5a5d781: SUCCESS
02-24 16:37:25.066   973  1076 E netd    : Error adding route ::/0 -> fe80::e6bf:faff:fe3e:39ff wlan0 to table 1020: File exists
02-24 16:37:25.066  1770  4104 D ConnectivityService: Setting DNS servers for network 704 to [/2001:4e8:0:4009::13, /2001:4e8:0:4007::17]
02-24 16:37:25.067  1770  4104 D DnsManager: sendDnsConfigurationForNetwork(704, [2001:4e8:0:4009::13, 2001:4e8:0:4007::17], [], 1800, 25, 8, 64, 0, 0, , [2001:4e8:0:4009::13, 2001:4e8:0:4007::17])
02-24 16:37:25.069   973 17246 W resolv  : (704, 8) Detecting NAT64 prefix from DNS...
02-24 16:37:25.072 26054 26186 I NearbyDiscovery: FastPairHandler: Received action android.net.wifi.STATE_CHANGE [CONTEXT service_id=265 ]
02-24 16:37:25.072   807   807 D GlobalActionsDialogLite: Service changed before actions created
