02-24 16:37:14.190 17079 17127 D UE4     : [2023.02.25-00.37.14:190][  0]LogAndroid: Display: Detected thermal sensor `battery` at /sys/devices/virtual/thermal/thermal_zone94/temp
02-24 16:37:14.190 17079 17127 D UE4     : [2023.02.25-00.37.14:190][  0]LogAndroid: Display: Detected thermal sensor `bms` at /sys/devices/virtual/thermal/thermal_zone95/temp
02-24 16:37:14.191 17079 17127 D UE4     : [2023.02.25-00.37.14:191][  0]LogAndroid: Display: Selecting thermal sensor located at `/sys/devices/virtual/thermal/thermal_zone1/temp`
02-24 16:37:14.191 17079 17127 D UE4     : [2023.02.25-00.37.14:191][  0]LogInit:  - This binary is optimized with LTO: no, PGO: no, instrumented for PGO data collection: no
02-24 16:37:14.191 17079 17127 D UE4     : [2023.02.25-00.37.14:191][  0]LogInit: Memory total: Physical=7503.62MB (8GB approx) Available=3884.48MB PageSize=4.0KB
02-24 16:37:14.191 17079 17127 D UE4     : [2023.02.25-00.37.14:191][  0]LogInit: Physics initialised using underlying interface: PhysX
02-24 16:37:14.193 17079 17127 D UE4     : [2023.02.25-00.37.14:193][  0]LogInit: Using OS detected language (en-GB).
02-24 16:37:14.193 17079 17127 D UE4     : [2023.02.25-00.37.14:193][  0]LogInit: Using OS detected locale (en-GB).
02-24 16:37:14.197 17079 17127 D UE4     : [2023.02.25-00.37.14:197][  0]LogTextLocalizationManager: No specific localization for 'en-GB' exists, so the 'en' localization will be used.
02-24 16:37:14.262 17079 17127 D UE4     : [2023.02.25-00.37.14:262][  0]LogSlate: New Slate User Created.  User Index 0, Is Virtual User: 0
02-24 16:37:14.262 17079 17127 D UE4     : [2023.02.25-00.37.14:262][  0]LogSlate: Slate User Registered.  User Index 0, Is Virtual User: 0
02-24 16:37:14.267 17079 17127 D UE4     : [2023.02.25-00.37.14:267][  0]LogAndroid: VulkanRHI will NOT be used:
02-24 16:37:14.267 17079 17127 D UE4     : [2023.02.25-00.37.14:267][  0]LogAndroid:  ** Vulkan support is not available (Driver, RHI or shaders are missing, or disabled by cmdline, see above logging for details)
02-24 16:37:14.267 17079 17127 D UE4     : [2023.02.25-00.37.14:267][  0]LogAndroid:  ** Vulkan is disabled via console variable.
02-24 16:37:14.267 17079 17127 D UE4     : [2023.02.25-00.37.14:267][  0]LogAndroid: OpenGL ES will be used.
02-24 16:37:14.267 17079 17127 D UE4     : [2023.02.25-00.37.14:267][  0]LogAndroid: Vulkan SM5 is available but disabled for this device.
02-24 16:37:14.267 17079 17127 D UE4     : [2023.02.25-00.37.14:267][  0]LogRHI: App is packaged for OpenGL ES 3.1 and an ES 3.2-capable device was detected.
02-24 16:37:14.267 17079 17127 D UE4     : Device supports the following refresh rates 60 
02-24 16:37:14.267 17079 17127 D UE4     : FPlatformOpenGLDevice:Init
02-24 16:37:14.267 17079 17127 D UE4     : AndroidEGL::InitRenderSurface 0, 1
02-24 16:37:14.267 17079 17127 D UE4     : AndroidEGL::InitRenderSurface, Using width: 1504, height 720 
02-24 16:37:14.267 17079 17127 D UE4     : [GameActivity] [JAVA] - SetDesiredViewSize width=1504 and height=720
02-24 16:37:14.267 17079 17127 D UE4     : AndroidEGL::InitRenderSurface, wnd: 0xef194788, width: 1504, height 720 
02-24 16:37:14.267 17079 17127 D UE4     : AndroidEGL::CreateEGLRenderSurface() Already initialized: 0xf4d1c160
02-24 16:37:14.267 17079 17127 D UE4     : AndroidEGL::InitSharedSurface 0
02-24 16:37:14.267 17079 17127 D UE4     : AndroidEGL::InitSharedSurface, Using width: 1504, height 720 
02-24 16:37:14.267 17079 17127 D UE4     : AndroidEGL::InitSharedSurface, width: 1504, height 720 
02-24 16:37:14.267 17079 17127 D UE4     : AndroidEGL::CreateEGLSharedSurface() Already initialized: 0xf4d1bc20
02-24 16:37:14.268 17079 17127 D UE4     : [2023.02.25-00.37.14:268][  0]LogRHI: Extension eglPresentationTimeANDROID Present
02-24 16:37:14.268 17079 17127 D UE4     : [2023.02.25-00.37.14:268][  0]LogRHI: Extension eglGetNextFrameIdANDROID Present
02-24 16:37:14.268 17079 17127 D UE4     : [2023.02.25-00.37.14:268][  0]LogRHI: Extension eglGetCompositorTimingANDROID Present
02-24 16:37:14.268 17079 17127 D UE4     : [2023.02.25-00.37.14:268][  0]LogRHI: Extension eglGetFrameTimestampsANDROID Present
02-24 16:37:14.268 17079 17127 D UE4     : [2023.02.25-00.37.14:268][  0]LogRHI: Extension eglQueryTimestampSupportedANDROID NOT Available
02-24 16:37:14.268 17079 17127 D UE4     : [2023.02.25-00.37.14:268][  0]LogRHI: Extension eglGetCompositorTimingSupportedANDROID Present
02-24 16:37:14.268 17079 17127 D UE4     : [2023.02.25-00.37.14:268][  0]LogRHI: Extension eglGetFrameTimestampsSupportedANDROID NOT Available
02-24 16:37:14.270 17079 17127 D UE4     : [2023.02.25-00.37.14:270][  0]LogRHI: Initializing OpenGL RHI
02-24 16:37:14.270 17079 17127 D UE4     : [2023.02.25-00.37.14:270][  0]LogRHI:   GL_VENDOR: Qualcomm
02-24 16:37:14.270 17079 17127 D UE4     : [2023.02.25-00.37.14:270][  0]LogRHI:   GL_RENDERER: Adreno (TM) 619
02-24 16:37:14.270 17079 17127 D UE4     : [2023.02.25-00.37.14:270][  0]LogRHI:   GL_VERSION: OpenGL ES 3.2 V@0502.0 (GIT@5ac347592d, I5b26abddf4, 1640333948) (Date:12/24/21)
02-24 16:37:14.270 17079 17127 D UE4     : [2023.02.25-00.37.14:270][  0]LogRHI:   GL_SHADING_LANGUAGE_VERSION: OpenGL ES GLSL ES 3.20
02-24 16:37:14.270 17079 17127 D UE4     : [2023.02.25-00.37.14:270][  0]LogRHI: OpenGL Extensions:
02-24 16:37:14.270 17079 17127 D UE4     : [2023.02.25-00.37.14:270][  0]LogRHI:   GL_OES_EGL_image
02-24 16:37:14.270 17079 17127 D UE4     : [2023.02.25-00.37.14:270][  0]LogRHI:   GL_OES_EGL_image_external
02-24 16:37:14.270 17079 17127 D UE4     : [2023.02.25-00.37.14:270][  0]LogRHI:   GL_OES_EGL_sync
02-24 16:37:14.270 17079 17127 D UE4     : [2023.02.25-00.37.14:270][  0]LogRHI:   GL_OES_vertex_half_float
02-24 16:37:14.270 17079 17127 D UE4     : [2023.02.25-00.37.14:270][  0]LogRHI:   GL_OES_framebuffer_object
02-24 16:37:14.270 17079 17127 D UE4     : [2023.02.25-00.37.14:270][  0]LogRHI:   GL_OES_rgb8_rgba8
02-24 16:37:14.271 17079 17127 D UE4     : [2023.02.25-00.37.14:271][  0]LogRHI:   GL_OES_compressed_ETC1_RGB8_texture
02-24 16:37:14.271 17079 17127 D UE4     : [2023.02.25-00.37.14:271][  0]LogRHI:   GL_AMD_compressed_ATC_texture
02-24 16:37:14.271 17079 17127 D UE4     : [2023.02.25-00.37.14:271][  0]LogRHI:   GL_KHR_texture_compression_astc_ldr
02-24 16:37:14.271 17079 17127 D UE4     : [2023.02.25-00.37.14:271][  0]LogRHI:   GL_KHR_texture_compression_astc_hdr
02-24 16:37:14.271 17079 17127 D UE4     : [2023.02.25-00.37.14:271][  0]LogRHI:   GL_OES_texture_compression_astc
02-24 16:37:14.271 17079 17127 D UE4     : [2023.02.25-00.37.14:271][  0]LogRHI:   GL_OES_texture_npot
02-24 16:37:14.271 17079 17127 D UE4     : [2023.02.25-00.37.14:271][  0]LogRHI:   GL_EXT_texture_filter_anisotropic
02-24 16:37:14.271 17079 17127 D UE4     : [2023.02.25-00.37.14:271][  0]LogRHI:   GL_EXT_texture_format_BGRA8888
02-24 16:37:14.271 17079 17127 D UE4     : [2023.02.25-00.37.14:271][  0]LogRHI:   GL_EXT_read_format_bgra
02-24 16:37:14.271 17079 17127 D UE4     : [2023.02.25-00.37.14:271][  0]LogRHI:   GL_OES_texture_3D
02-24 16:37:14.271 17079 17127 D UE4     : [2023.02.25-00.37.14:271][  0]LogRHI:   GL_EXT_color_buffer_float
02-24 16:37:14.271 17079 17127 D UE4     : [2023.02.25-00.37.14:271][  0]LogRHI:   GL_EXT_color_buffer_half_float
02-24 16:37:14.271 17079 17127 D UE4     : [2023.02.25-00.37.14:271][  0]LogRHI:   GL_QCOM_alpha_test
02-24 16:37:14.271 17079 17127 D UE4     : [2023.02.25-00.37.14:271][  0]LogRHI:   GL_OES_depth24
02-24 16:37:14.271 17079 17127 D UE4     : [2023.02.25-00.37.14:271][  0]LogRHI:   GL_OES_packed_depth_stencil
02-24 16:37:14.271 17079 17127 D UE4     : [2023.02.25-00.37.14:271][  0]LogRHI:   GL_OES_depth_texture
02-24 16:37:14.271 17079 17127 D UE4     : [2023.02.25-00.37.14:271][  0]LogRHI:   GL_OES_depth_texture_cube_map
02-24 16:37:14.271 17079 17127 D UE4     : [2023.02.25-00.37.14:271][  0]LogRHI:   GL_EXT_sRGB
02-24 16:37:14.271 17079 17127 D UE4     : [2023.02.25-00.37.14:271][  0]LogRHI:   GL_OES_texture_float
02-24 16:37:14.271 17079 17127 D UE4     : [2023.02.25-00.37.14:271][  0]LogRHI:   GL_OES_texture_float_linear
02-24 16:37:14.271 17079 17127 D UE4     : [2023.02.25-00.37.14:271][  0]LogRHI:   GL_OES_texture_half_float
02-24 16:37:14.271 17079 17127 D UE4     : [2023.02.25-00.37.14:271][  0]LogRHI:   GL_OES_texture_half_float_linear
02-24 16:37:14.271 17079 17127 D UE4     : [2023.02.25-00.37.14:271][  0]LogRHI:   GL_EXT_texture_type_2_10_10_10_REV
02-24 16:37:14.271 17079 17127 D UE4     : [2023.02.25-00.37.14:271][  0]LogRHI:   GL_EXT_texture_sRGB_decode
02-24 16:37:14.272 17079 17127 D UE4     : [2023.02.25-00.37.14:272][  0]LogRHI:   GL_EXT_texture_format_sRGB_override
02-24 16:37:14.272 17079 17127 D UE4     : [2023.02.25-00.37.14:272][  0]LogRHI:   GL_OES_element_index_uint
02-24 16:37:14.272 17079 17127 D UE4     : [2023.02.25-00.37.14:272][  0]LogRHI:   GL_EXT_copy_image
02-24 16:37:14.272 17079 17127 D UE4     : [2023.02.25-00.37.14:272][  0]LogRHI:   GL_EXT_geometry_shader
02-24 16:37:14.272 17079 17127 D UE4     : [2023.02.25-00.37.14:272][  0]LogRHI:   GL_EXT_tessellation_shader
02-24 16:37:14.272 17079 17127 D UE4     : [2023.02.25-00.37.14:272][  0]LogRHI:   GL_OES_texture_stencil8
02-24 16:37:14.272 17079 17127 D UE4     : [2023.02.25-00.37.14:272][  0]LogRHI:   GL_EXT_shader_io_blocks
02-24 16:37:14.272 17079 17127 D UE4     : [2023.02.25-00.37.14:272][  0]LogRHI:   GL_OES_shader_image_atomic
02-24 16:37:14.272 17079 17127 D UE4     : [2023.02.25-00.37.14:272][  0]LogRHI:   GL_OES_sample_variables
02-24 16:37:14.272 17079 17127 D UE4     : [2023.02.25-00.37.14:272][  0]LogRHI:   GL_EXT_texture_border_clamp
02-24 16:37:14.272 17079 17127 D UE4     : [2023.02.25-00.37.14:272][  0]LogRHI:   GL_EXT_EGL_image_external_wrap_modes
02-24 16:37:14.272 17079 17127 D UE4     : [2023.02.25-00.37.14:272][  0]LogRHI:   GL_EXT_multisampled_render_to_texture
02-24 16:37:14.272 17079 17127 D UE4     : [2023.02.25-00.37.14:272][  0]LogRHI:   GL_EXT_multisampled_render_to_texture2
02-24 16:37:14.272 17079 17127 D UE4     : [2023.02.25-00.37.14:272][  0]LogRHI:   GL_OES_shader_multisample_interpolation
02-24 16:37:14.272 17079 17127 D UE4     : [2023.02.25-00.37.14:272][  0]LogRHI:   GL_EXT_texture_cube_map_array
02-24 16:37:14.272 17079 17127 D UE4     : [2023.02.25-00.37.14:272][  0]LogRHI:   GL_EXT_draw_buffers_indexed
02-24 16:37:14.272 17079 17127 D UE4     : [2023.02.25-00.37.14:272][  0]LogRHI:   GL_EXT_gpu_shader5
02-24 16:37:14.272 17079 17127 D UE4     : [2023.02.25-00.37.14:272][  0]LogRHI:   GL_EXT_robustness
02-24 16:37:14.272 17079 17127 D UE4     : [2023.02.25-00.37.14:272][  0]LogRHI:   GL_EXT_texture_buffer
02-24 16:37:14.272 17079 17127 D UE4     : [2023.02.25-00.37.14:272][  0]LogRHI:   GL_EXT_shader_framebuffer_fetch
02-24 16:37:14.272 17079 17127 D UE4     : [2023.02.25-00.37.14:272][  0]LogRHI:   GL_ARM_shader_framebuffer_fetch_depth_stencil
02-24 16:37:14.272 17079 17127 D UE4     : [2023.02.25-00.37.14:272][  0]LogRHI:   GL_OES_texture_storage_multisample_2d_array
02-24 16:37:14.272 17079 17127 D UE4     : [2023.02.25-00.37.14:272][  0]LogRHI:   GL_OES_sample_shading
02-24 16:37:14.273 17079 17127 D UE4     : [2023.02.25-00.37.14:273][  0]LogRHI:   GL_OES_get_program_binary
02-24 16:37:14.273 17079 17127 D UE4     : [2023.02.25-00.37.14:273][  0]LogRHI:   GL_EXT_debug_label
02-24 16:37:14.273 17079 17127 D UE4     : [2023.02.25-00.37.14:273][  0]LogRHI:   GL_KHR_blend_equation_advanced
02-24 16:37:14.273 17079 17127 D UE4     : [2023.02.25-00.37.14:273][  0]LogRHI:   GL_KHR_blend_equation_advanced_coherent
02-24 16:37:14.273 17079 17127 D UE4     : [2023.02.25-00.37.14:273][  0]LogRHI:   GL_QCOM_tiled_rendering
02-24 16:37:14.273 17079 17127 D UE4     : [2023.02.25-00.37.14:273][  0]LogRHI:   GL_ANDROID_extension_pack_es31a
02-24 16:37:14.273 17079 17127 D UE4     : [2023.02.25-00.37.14:273][  0]LogRHI:   GL_EXT_primitive_bounding_box
02-24 16:37:14.273 17079 17127 D UE4     : [2023.02.25-00.37.14:273][  0]LogRHI:   GL_OES_standard_derivatives
02-24 16:37:14.273 17079 17127 D UE4     : [2023.02.25-00.37.14:273][  0]LogRHI:   GL_OES_vertex_array_object
02-24 16:37:14.273 17079 17127 D UE4     : [2023.02.25-00.37.14:273][  0]LogRHI:   GL_EXT_disjoint_timer_query
02-24 16:37:14.273 17079 17127 D UE4     : [2023.02.25-00.37.14:273][  0]LogRHI:   GL_KHR_debug
02-24 16:37:14.273 17079 17127 D UE4     : [2023.02.25-00.37.14:273][  0]LogRHI:   GL_EXT_YUV_target
02-24 16:37:14.273 17079 17127 D UE4     : [2023.02.25-00.37.14:273][  0]LogRHI:   GL_EXT_sRGB_write_control
02-24 16:37:14.273 17079 17127 D UE4     : [2023.02.25-00.37.14:273][  0]LogRHI:   GL_EXT_texture_norm16
02-24 16:37:14.273 17079 17127 D UE4     : [2023.02.25-00.37.14:273][  0]LogRHI:   GL_EXT_discard_framebuffer
02-24 16:37:14.273 17079 17127 D UE4     : [2023.02.25-00.37.14:273][  0]LogRHI:   GL_OES_surfaceless_context
02-24 16:37:14.273 17079 17127 D UE4     : [2023.02.25-00.37.14:273][  0]LogRHI:   GL_OVR_multiview
02-24 16:37:14.273 17079 17127 D UE4     : [2023.02.25-00.37.14:273][  0]LogRHI:   GL_OVR_multiview2
02-24 16:37:14.273 17079 17127 D UE4     : [2023.02.25-00.37.14:273][  0]LogRHI:   GL_EXT_texture_sRGB_R8
02-24 16:37:14.273 17079 17127 D UE4     : [2023.02.25-00.37.14:273][  0]LogRHI:   GL_KHR_no_error
02-24 16:37:14.273 17079 17127 D UE4     : [2023.02.25-00.37.14:273][  0]LogRHI:   GL_EXT_debug_marker
02-24 16:37:14.273 17079 17127 D UE4     : [2023.02.25-00.37.14:273][  0]LogRHI:   GL_OES_EGL_image_external_essl3
02-24 16:37:14.273 17079 17127 D UE4     : [2023.02.25-00.37.14:273][  0]LogRHI:   GL_OVR_multiview_multisampled_render_to_texture
02-24 16:37:14.273 17079 17127 D UE4     : [2023.02.25-00.37.14:273][  0]LogRHI:   GL_EXT_buffer_storage
02-24 16:37:14.274 17079 17127 D UE4     : [2023.02.25-00.37.14:274][  0]LogRHI:   GL_EXT_external_buffer
02-24 16:37:14.274 17079 17127 D UE4     : [2023.02.25-00.37.14:274][  0]LogRHI:   GL_EXT_blit_framebuffer_params
02-24 16:37:14.274 17079 17127 D UE4     : [2023.02.25-00.37.14:274][  0]LogRHI:   GL_EXT_clip_cull_distance
02-24 16:37:14.274 17079 17127 D UE4     : [2023.02.25-00.37.14:274][  0]LogRHI:   GL_EXT_protected_textures
02-24 16:37:14.274 17079 17127 D UE4     : [2023.02.25-00.37.14:274][  0]LogRHI:   GL_EXT_shader_non_constant_global_initializers
02-24 16:37:14.274 17079 17127 D UE4     : [2023.02.25-00.37.14:274][  0]LogRHI:   GL_QCOM_texture_foveated
02-24 16:37:14.274 17079 17127 D UE4     : [2023.02.25-00.37.14:274][  0]LogRHI:   GL_QCOM_texture_foveated_subsampled_layout
02-24 16:37:14.274 17079 17127 D UE4     : [2023.02.25-00.37.14:274][  0]LogRHI:   GL_QCOM_shader_framebuffer_fetch_noncoherent
02-24 16:37:14.274 17079 17127 D UE4     : [2023.02.25-00.37.14:274][  0]LogRHI:   GL_QCOM_shader_framebuffer_fetch_rate
02-24 16:37:14.274 17079 17127 D UE4     : [2023.02.25-00.37.14:274][  0]LogRHI:   GL_EXT_memory_object
02-24 16:37:14.274 17079 17127 D UE4     : [2023.02.25-00.37.14:274][  0]LogRHI:   GL_EXT_memory_object_fd
02-24 16:37:14.274 17079 17127 D UE4     : [2023.02.25-00.37.14:274][  0]LogRHI:   GL_EXT_EGL_image_array
02-24 16:37:14.274 17079 17127 D UE4     : [2023.02.25-00.37.14:274][  0]LogRHI:   GL_NV_shader_noperspective_interpolation
02-24 16:37:14.274 17079 17127 D UE4     : [2023.02.25-00.37.14:274][  0]LogRHI:   GL_KHR_robust_buffer_access_behavior
02-24 16:37:14.274 17079 17127 D UE4     : [2023.02.25-00.37.14:274][  0]LogRHI:   GL_EXT_EGL_image_storage
02-24 16:37:14.274 17079 17127 D UE4     : [2023.02.25-00.37.14:274][  0]LogRHI:   GL_EXT_blend_func_extended
02-24 16:37:14.274 17079 17127 D UE4     : [2023.02.25-00.37.14:274][  0]LogRHI:   GL_EXT_clip_control
02-24 16:37:14.274 17079 17127 D UE4     : [2023.02.25-00.37.14:274][  0]LogRHI:   GL_OES_texture_view
02-24 16:37:14.274 17079 17127 D UE4     : [2023.02.25-00.37.14:274][  0]LogRHI:   GL_EXT_fragment_invocation_density
02-24 16:37:14.274 17079 17127 D UE4     : [2023.02.25-00.37.14:274][  0]LogRHI:   GL_QCOM_validate_shader_binary
02-24 16:37:14.274 17079 17127 D UE4     : [2023.02.25-00.37.14:274][  0]LogRHI:   GL_QCOM_YUV_texture_gather
02-24 16:37:14.274 17079 17127 D UE4     : [2023.02.25-00.37.14:274][  0]LogRHI:   GL_MAX_VERTEX_ATTRIBS: 32
02-24 16:37:14.274 17079 17127 D UE4     : [2023.02.25-00.37.14:274][  0]LogRHI:   GL_MAX_VARYING_VECTORS: 31
02-24 16:37:14.275 17079 17127 D UE4     : [2023.02.25-00.37.14:275][  0]LogRHI:   GL_MAX_VERTEX_UNIFORM_VECTORS: 256
02-24 16:37:14.275 17079 17127 D UE4     : [2023.02.25-00.37.14:275][  0]LogRHI:   GL_MAX_FRAGMENT_UNIFORM_VECTORS: 256
02-24 16:37:14.275 17079 17127 D UE4     : [2023.02.25-00.37.14:275][  0]LogRHI:   GL_TEXTURE_BUFFER_OFFSET_ALIGNMENT: 64
02-24 16:37:14.275 17079 17127 D UE4     : [2023.02.25-00.37.14:275][  0]LogRHI:   GL_MAX_COMBINED_IMAGE_UNIFORMS: 20
02-24 16:37:14.275 17079 17127 D UE4     : [2023.02.25-00.37.14:275][  0]LogRHI:   GL_MAX_COMPUTE_IMAGE_UNIFORMS: 8
02-24 16:37:14.275 17079 17127 D UE4     : [2023.02.25-00.37.14:275][  0]LogRHI:   GL_MAX_FRAGMENT_IMAGE_UNIFORMS: 4
02-24 16:37:14.275 17079 17127 D UE4     : [2023.02.25-00.37.14:275][  0]LogRHI: Fragment shader lowp precision: 10
02-24 16:37:14.275 17079 17127 D UE4     : [2023.02.25-00.37.14:275][  0]LogRHI: Fragment shader mediump precision: 10
02-24 16:37:14.275 17079 17127 D UE4     : [2023.02.25-00.37.14:275][  0]LogRHI: Fragment shader highp precision: 23
02-24 16:37:14.275 17079 17127 D UE4     : [2023.02.25-00.37.14:275][  0]LogRHI: Support for 4x MSAA detected
02-24 16:37:14.276 17079 17127 D UE4     : [2023.02.25-00.37.14:276][  0]LogRHI: Device supports mobile multi-view.
02-24 16:37:14.276 17079 17127 D UE4     : [2023.02.25-00.37.14:276][  0]LogRHI: Image external enabled: ImageExternalESSL300
02-24 16:37:14.276 17079 17127 D UE4     : [2023.02.25-00.37.14:276][  0]LogRHI: Using QCOM_shader_framebuffer_fetch_noncoherent
02-24 16:37:14.277 17079 17127 D UE4     : [2023.02.25-00.37.14:276][  0]LogRHI:   GL_MAX_TEXTURE_SIZE: 16384
02-24 16:37:14.277 17079 17127 D UE4     : [2023.02.25-00.37.14:277][  0]LogRHI:   GL_MAX_CUBE_MAP_TEXTURE_SIZE: 16384
02-24 16:37:14.277 17079 17127 D UE4     : [2023.02.25-00.37.14:277][  0]LogRHI:   GL_MAX_ARRAY_TEXTURE_LAYERS: 2048
02-24 16:37:14.277 17079 17127 D UE4     : [2023.02.25-00.37.14:277][  0]LogRHI:   GL_MAX_3D_TEXTURE_SIZE: 2048
02-24 16:37:14.277 17079 17127 D UE4     : [2023.02.25-00.37.14:277][  0]LogRHI:   GL_MAX_RENDERBUFFER_SIZE: 16384
02-24 16:37:14.277 17079 17127 D UE4     : [2023.02.25-00.37.14:277][  0]LogRHI:   GL_MAX_TEXTURE_IMAGE_UNITS: 16
02-24 16:37:14.277 17079 17127 D UE4     : [2023.02.25-00.37.14:277][  0]LogRHI:   GL_MAX_DRAW_BUFFERS: 8
02-24 16:37:14.277 17079 17127 D UE4     : [2023.02.25-00.37.14:277][  0]LogRHI:   GL_MAX_COLOR_ATTACHMENTS: 8
02-24 16:37:14.277 17079 17127 D UE4     : [2023.02.25-00.37.14:277][  0]LogRHI:   GL_MAX_SAMPLES: 4
02-24 16:37:14.277 17079 17127 D UE4     : [2023.02.25-00.37.14:277][  0]LogRHI:   GL_MAX_COLOR_TEXTURE_SAMPLES: 4
02-24 16:37:14.277 17079 17127 D UE4     : [2023.02.25-00.37.14:277][  0]LogRHI:   GL_MAX_DEPTH_TEXTURE_SAMPLES: 4
02-24 16:37:14.277 17079 17127 D UE4     : [2023.02.25-00.37.14:277][  0]LogRHI:   GL_MAX_INTEGER_SAMPLES: 1
02-24 16:37:14.277 17079 17127 D UE4     : [2023.02.25-00.37.14:277][  0]LogRHI:   GL_MAX_COMBINED_TEXTURE_IMAGE_UNITS: 96
02-24 16:37:14.277 17079 17127 D UE4     : [2023.02.25-00.37.14:277][  0]LogRHI:   GL_MAX_VERTEX_ATTRIBS: 32
02-24 16:37:14.277 17079 17127 D UE4     : [2023.02.25-00.37.14:277][  0]LogRHI:   GL_MAX_COMPUTE_WORK_GROUP_INVOCATIONS: 1024
02-24 16:37:14.277 17079 17127 D UE4     : [2023.02.25-00.37.14:277][  0]LogRHI:   GL_MAX_COMPUTE_SHARED_MEMORY_SIZE: 32768
02-24 16:37:14.277 17079 17127 D UE4     : [2023.02.25-00.37.14:277][  0]LogRHI:   GL_MAX_TEXTURE_MAX_ANISOTROPY_EXT: 16
02-24 16:37:14.277 17079 17127 D UE4     : [2023.02.25-00.37.14:277][  0]LogRHI: OpenGL MajorVersion = 3, MinorVersion = 1, ShaderPlatform = GLSL_ES3_1_ANDROID, FeatureLevel = ES3_1
02-24 16:37:14.278 17079 17127 D UE4     : [2023.02.25-00.37.14:278][  0]LogRHI: PLATFORM_ANDROID
02-24 16:37:14.278 17079 17127 D UE4     : [2023.02.25-00.37.14:278][  0]LogAndroid: Unlocking android HW window during preinit.
02-24 16:37:14.278 17079 17127 D UE4     : [2023.02.25-00.37.14:278][  0]LogRHI: Enabling program binary cache as /storage/emulated/0/Android/data/com.TwoBricksGamingCompany.HexAdventure/files/ProgramBinaryCache/GLSL_ES3_1_ANDROID_FF122369A84067D34075004612DC243F13F4E3FB
02-24 16:37:14.278 17079 17127 D UE4     : [2023.02.25-00.37.14:278][  0]LogRHI: FOpenGLProgramBinaryCache will be initialized when ShaderPipelineCache opens its file
02-24 16:37:14.278 17079 17127 D UE4     : [2023.02.25-00.37.14:278][  0]LogRHI: Texture pool is 800 MB (of 0 MB total graphics mem)
02-24 16:37:14.279 17079 17127 D UE4     : [2023.02.25-00.37.14:279][  0]LogRHI: OpenGL deferred texture creation, no config rule set: 0
02-24 16:37:14.284 17079 17127 D UE4     : [2023.02.25-00.37.14:284][  0]LogRendererCore: Ray tracing is disabled. Reason: r.RayTracing=0.
02-24 16:37:14.286 17079 17127 D UE4     : [2023.02.25-00.37.14:286][  0]LogShaderLibrary: Display: Using ../../../HexAdventure/Content/ShaderArchive-Global-GLSL_ES3_1_ANDROID.ushaderbytecode for material shader code. Total 564 unique shaders.
02-24 16:37:14.286 17079 17127 D UE4     : [2023.02.25-00.37.14:286][  0]LogShaderLibrary: Display: Cooked Context: Using Shared Shader Library Global
02-24 16:37:14.286 17079 17127 D UE4     : [2023.02.25-00.37.14:286][  0]LogShaderLibrary: Display: Logical shader library 'Global' has been created, components 1
02-24 16:37:14.286 17079 17127 D UE4     : [2023.02.25-00.37.14:286][  0]LogShaderLibrary: Display: Running without a pakfile and did not find a monolithic library 'Global_SC' - attempting disk search for its chunks
02-24 16:37:14.288 17079 17127 D UE4     : [2023.02.25-00.37.14:288][  0]LogShaderLibrary: Display:    ....  not found
02-24 16:37:14.288 17079 17127 D UE4     : [2023.02.25-00.37.14:288][  0]LogShaderLibrary: Display: Running without a pakfile and did not find a monolithic library 'Paper2D' - attempting disk search for its chunks
02-24 16:37:14.289 17079 17127 D UE4     : [2023.02.25-00.37.14:289][  0]LogShaderLibrary: Display:    ....  not found
02-24 16:37:14.290 17079 17127 D UE4     : [2023.02.25-00.37.14:290][  0]LogShaderLibrary: Display: Running without a pakfile and did not find a monolithic library 'Paper2D' - attempting disk search for its chunks
02-24 16:37:14.291 17079 17127 D UE4     : [2023.02.25-00.37.14:291][  0]LogShaderLibrary: Display:    ....  not found
02-24 16:37:14.291 17079 17127 D UE4     : [2023.02.25-00.37.14:291][  0]LogShaderLibrary: Display: Running without a pakfile and did not find a monolithic library 'AnimationSharing' - attempting disk search for its chunks
02-24 16:37:14.292 17079 17127 D UE4     : [2023.02.25-00.37.14:292][  0]LogShaderLibrary: Display:    ....  not found
02-24 16:37:14.293 17079 17127 D UE4     : [2023.02.25-00.37.14:292][  0]LogShaderLibrary: Display: Running without a pakfile and did not find a monolithic library 'AnimationSharing' - attempting disk search for its chunks
02-24 16:37:14.293 17079 17127 D UE4     : [2023.02.25-00.37.14:293][  0]LogShaderLibrary: Display:    ....  not found
02-24 16:37:14.293 17079 17127 D UE4     : [2023.02.25-00.37.14:293][  0]LogShaderLibrary: Display: Running without a pakfile and did not find a monolithic library 'DatasmithContent' - attempting disk search for its chunks
02-24 16:37:14.294 17079 17127 D UE4     : [2023.02.25-00.37.14:294][  0]LogShaderLibrary: Display:    ....  not found
02-24 16:37:14.294 17079 17127 D UE4     : [2023.02.25-00.37.14:294][  0]LogShaderLibrary: Display: Running without a pakfile and did not find a monolithic library 'DatasmithContent' - attempting disk search for its chunks
02-24 16:37:14.294 17079 17127 D UE4     : [2023.02.25-00.37.14:294][  0]LogShaderLibrary: Display:    ....  not found
02-24 16:37:14.295 17079 17127 D UE4     : [2023.02.25-00.37.14:294][  0]LogShaderLibrary: Display: Running without a pakfile and did not find a monolithic library 'Niagara' - attempting disk search for its chunks
02-24 16:37:14.295 17079 17127 D UE4     : [2023.02.25-00.37.14:295][  0]LogShaderLibrary: Display:    ....  not found
02-24 16:37:14.296 17079 17127 D UE4     : [2023.02.25-00.37.14:296][  0]LogShaderLibrary: Display: Running without a pakfile and did not find a monolithic library 'Niagara' - attempting disk search for its chunks
02-24 16:37:14.296 17079 17127 D UE4     : [2023.02.25-00.37.14:296][  0]LogShaderLibrary: Display:    ....  not found
02-24 16:37:14.297 17079 17127 D UE4     : [2023.02.25-00.37.14:297][  0]LogShaderLibrary: Display: Running without a pakfile and did not find a monolithic library 'GeometryMode' - attempting disk search for its chunks
02-24 16:37:14.297 17079 17127 D UE4     : [2023.02.25-00.37.14:297][  0]LogShaderLibrary: Display:    ....  not found
02-24 16:37:14.298 17079 17127 D UE4     : [2023.02.25-00.37.14:298][  0]LogShaderLibrary: Display: Running without a pakfile and did not find a monolithic library 'GeometryMode' - attempting disk search for its chunks
02-24 16:37:14.298 17079 17127 D UE4     : [2023.02.25-00.37.14:298][  0]LogShaderLibrary: Display:    ....  not found
02-24 16:37:14.298 17079 17127 D UE4     : [2023.02.25-00.37.14:298][  0]LogShaderLibrary: Display: Running without a pakfile and did not find a monolithic library 'SpeedTreeImporter' - attempting disk search for its chunks
02-24 16:37:14.299 17079 17127 D UE4     : [2023.02.25-00.37.14:299][  0]LogShaderLibrary: Display:    ....  not found
02-24 16:37:14.299 17079 17127 D UE4     : [2023.02.25-00.37.14:299][  0]LogShaderLibrary: Display: Running without a pakfile and did not find a monolithic library 'SpeedTreeImporter' - attempting disk search for its chunks
02-24 16:37:14.300 17079 17127 D UE4     : [2023.02.25-00.37.14:300][  0]LogShaderLibrary: Display:    ....  not found
02-24 16:37:14.300 17079 17127 D UE4     : [2023.02.25-00.37.14:300][  0]LogShaderLibrary: Display: Running without a pakfile and did not find a monolithic library 'MediaCompositing' - attempting disk search for its chunks
02-24 16:37:14.301 17079 17127 D UE4     : [2023.02.25-00.37.14:301][  0]LogShaderLibrary: Display:    ....  not found
02-24 16:37:14.301 17079 17127 D UE4     : [2023.02.25-00.37.14:301][  0]LogShaderLibrary: Display: Running without a pakfile and did not find a monolithic library 'MediaCompositing' - attempting disk search for its chunks
02-24 16:37:14.302 17079 17127 D UE4     : [2023.02.25-00.37.14:302][  0]LogShaderLibrary: Display:    ....  not found
02-24 16:37:14.302 17079 17127 D UE4     : [2023.02.25-00.37.14:302][  0]LogShaderLibrary: Display: Running without a pakfile and did not find a monolithic library 'Takes' - attempting disk search for its chunks
02-24 16:37:14.303 17079 17127 D UE4     : [2023.02.25-00.37.14:303][  0]LogShaderLibrary: Display:    ....  not found
02-24 16:37:14.303 17079 17127 D UE4     : [2023.02.25-00.37.14:303][  0]LogShaderLibrary: Display: Running without a pakfile and did not find a monolithic library 'Takes' - attempting disk search for its chunks
02-24 16:37:14.303 17079 17127 D UE4     : [2023.02.25-00.37.14:303][  0]LogShaderLibrary: Display:    ....  not found
02-24 16:37:14.304 17079 17127 D UE4     : [2023.02.25-00.37.14:304][  0]LogShaderLibrary: Display: Running without a pakfile and did not find a monolithic library 'ChaosClothEditor' - attempting disk search for its chunks
02-24 16:37:14.305 17079 17127 D UE4     : [2023.02.25-00.37.14:305][  0]LogShaderLibrary: Display:    ....  not found
02-24 16:37:14.305 17079 17127 D UE4     : [2023.02.25-00.37.14:305][  0]LogShaderLibrary: Display: Running without a pakfile and did not find a monolithic library 'ChaosClothEditor' - attempting disk search for its chunks
02-24 16:37:14.305 17079 17127 D UE4     : [2023.02.25-00.37.14:305][  0]LogShaderLibrary: Display:    ....  not found
02-24 16:37:14.305 17079 17127 D UE4     : [2023.02.25-00.37.14:305][  0]LogShaderLibrary: Display: Running without a pakfile and did not find a monolithic library 'ChaosNiagara' - attempting disk search for its chunks
02-24 16:37:14.306 17079 17127 D UE4     : [2023.02.25-00.37.14:306][  0]LogShaderLibrary: Display:    ....  not found
02-24 16:37:14.307 17079 17127 D UE4     : [2023.02.25-00.37.14:306][  0]LogShaderLibrary: Display: Running without a pakfile and did not find a monolithic library 'ChaosNiagara' - attempting disk search for its chunks
02-24 16:37:14.307 17079 17127 D UE4     : [2023.02.25-00.37.14:307][  0]LogShaderLibrary: Display:    ....  not found
02-24 16:37:14.307 17079 17127 D UE4     : [2023.02.25-00.37.14:307][  0]LogShaderLibrary: Display: Running without a pakfile and did not find a monolithic library 'ChaosSolverPlugin' - attempting disk search for its chunks
02-24 16:37:14.308 17079 17127 D UE4     : [2023.02.25-00.37.14:308][  0]LogShaderLibrary: Display:    ....  not found
02-24 16:37:14.308 17079 17127 D UE4     : [2023.02.25-00.37.14:308][  0]LogShaderLibrary: Display: Running without a pakfile and did not find a monolithic library 'ChaosSolverPlugin' - attempting disk search for its chunks
02-24 16:37:14.308 17079 17127 D UE4     : [2023.02.25-00.37.14:308][  0]LogShaderLibrary: Display:    ....  not found
02-24 16:37:14.309 17079 17127 D UE4     : [2023.02.25-00.37.14:309][  0]LogShaderLibrary: Display: Running without a pakfile and did not find a monolithic library 'GeometryCollectionPlugin' - attempting disk search for its chunks
02-24 16:37:14.310 17079 17127 D UE4     : [2023.02.25-00.37.14:310][  0]LogShaderLibrary: Display:    ....  not found
02-24 16:37:14.310 17079 17127 D UE4     : [2023.02.25-00.37.14:310][  0]LogShaderLibrary: Display: Running without a pakfile and did not find a monolithic library 'GeometryCollectionPlugin' - attempting disk search for its chunks
02-24 16:37:14.310 17079 17127 D UE4     : [2023.02.25-00.37.14:310][  0]LogShaderLibrary: Display:    ....  not found
02-24 16:37:14.310 17079 17127 D UE4     : [2023.02.25-00.37.14:310][  0]LogShaderLibrary: Display: Running without a pakfile and did not find a monolithic library 'GeometryProcessing' - attempting disk search for its chunks
02-24 16:37:14.311 17079 17127 D UE4     : [2023.02.25-00.37.14:311][  0]LogShaderLibrary: Display:    ....  not found
02-24 16:37:14.312 17079 17127 D UE4     : [2023.02.25-00.37.14:312][  0]LogShaderLibrary: Display: Running without a pakfile and did not find a monolithic library 'GeometryProcessing' - attempting disk search for its chunks
02-24 16:37:14.312 17079 17127 D UE4     : [2023.02.25-00.37.14:312][  0]LogShaderLibrary: Display:    ....  not found
02-24 16:37:14.312 17079 17127 D UE4     : [2023.02.25-00.37.14:312][  0]LogShaderLibrary: Display: Running without a pakfile and did not find a monolithic library 'PythonScriptPlugin' - attempting disk search for its chunks
02-24 16:37:14.313 17079 17127 D UE4     : [2023.02.25-00.37.14:313][  0]LogShaderLibrary: Display:    ....  not found
02-24 16:37:14.313 17079 17127 D UE4     : [2023.02.25-00.37.14:313][  0]LogShaderLibrary: Display: Running without a pakfile and did not find a monolithic library 'PythonScriptPlugin' - attempting disk search for its chunks
02-24 16:37:14.314 17079 17127 D UE4     : [2023.02.25-00.37.14:314][  0]LogShaderLibrary: Display:    ....  not found
02-24 16:37:14.314 17079 17127 D UE4     : [2023.02.25-00.37.14:314][  0]LogShaderLibrary: Display: Running without a pakfile and did not find a monolithic library 'MotoSynth' - attempting disk search for its chunks
02-24 16:37:14.315 17079 17127 D UE4     : [2023.02.25-00.37.14:315][  0]LogShaderLibrary: Display:    ....  not found
02-24 16:37:14.315 17079 17127 D UE4     : [2023.02.25-00.37.14:315][  0]LogShaderLibrary: Display: Running without a pakfile and did not find a monolithic library 'MotoSynth' - attempting disk search for its chunks
02-24 16:37:14.315 17079 17127 D UE4     : [2023.02.25-00.37.14:315][  0]LogShaderLibrary: Display:    ....  not found
02-24 16:37:14.316 17079 17127 D UE4     : [2023.02.25-00.37.14:316][  0]LogShaderLibrary: Display: Running without a pakfile and did not find a monolithic library 'AudioSynesthesia' - attempting disk search for its chunks
02-24 16:37:14.316 17079 17127 D UE4     : [2023.02.25-00.37.14:316][  0]LogShaderLibrary: Display:    ....  not found
02-24 16:37:14.317 17079 17127 D UE4     : [2023.02.25-00.37.14:317][  0]LogShaderLibrary: Display: Running without a pakfile and did not find a monolithic library 'AudioSynesthesia' - attempting disk search for its chunks
02-24 16:37:14.317 17079 17127 D UE4     : [2023.02.25-00.37.14:317][  0]LogShaderLibrary: Display:    ....  not found
02-24 16:37:14.317 17079 17127 D UE4     : [2023.02.25-00.37.14:317][  0]LogShaderLibrary: Display: Running without a pakfile and did not find a monolithic library 'OpenXR' - attempting disk search for its chunks
02-24 16:37:14.318 17079 17127 D UE4     : [2023.02.25-00.37.14:318][  0]LogShaderLibrary: Display:    ....  not found
02-24 16:37:14.318 17079 17127 D UE4     : [2023.02.25-00.37.14:318][  0]LogShaderLibrary: Display: Running without a pakfile and did not find a monolithic library 'OpenXR' - attempting disk search for its chunks
02-24 16:37:14.319 17079 17127 D UE4     : [2023.02.25-00.37.14:319][  0]LogShaderLibrary: Display:    ....  not found
02-24 16:37:14.319 17079 17127 D UE4     : [2023.02.25-00.37.14:319][  0]LogShaderLibrary: Display: Running without a pakfile and did not find a monolithic library 'OpenXRHandTracking' - attempting disk search for its chunks
02-24 16:37:14.320 17079 17127 D UE4     : [2023.02.25-00.37.14:320][  0]LogShaderLibrary: Display:    ....  not found
02-24 16:37:14.321 17079 17127 D UE4     : [2023.02.25-00.37.14:321][  0]LogShaderLibrary: Display: Running without a pakfile and did not find a monolithic library 'OpenXRHandTracking' - attempting disk search for its chunks
02-24 16:37:14.321 17079 17127 D UE4     : [2023.02.25-00.37.14:321][  0]LogShaderLibrary: Display:    ....  not found
02-24 16:37:14.321 17079 17127 D UE4     : [2023.02.25-00.37.14:321][  0]LogShaderLibrary: Display: Running without a pakfile and did not find a monolithic library 'OpenXREyeTracker' - attempting disk search for its chunks
02-24 16:37:14.322 17079 17127 D UE4     : [2023.02.25-00.37.14:322][  0]LogShaderLibrary: Display:    ....  not found
02-24 16:37:14.322 17079 17127 D UE4     : [2023.02.25-00.37.14:322][  0]LogShaderLibrary: Display: Running without a pakfile and did not find a monolithic library 'OpenXREyeTracker' - attempting disk search for its chunks
02-24 16:37:14.322 17079 17127 D UE4     : [2023.02.25-00.37.14:322][  0]LogShaderLibrary: Display:    ....  not found
02-24 16:37:14.323 17079 17127 D UE4     : [2023.02.25-00.37.14:323][  0]LogShaderLibrary: Display: Running without a pakfile and did not find a monolithic library 'Synthesis' - attempting disk search for its chunks
02-24 16:37:14.324 17079 17127 D UE4     : [2023.02.25-00.37.14:323][  0]LogShaderLibrary: Display:    ....  not found
02-24 16:37:14.324 17079 17127 D UE4     : [2023.02.25-00.37.14:324][  0]LogShaderLibrary: Display: Running without a pakfile and did not find a monolithic library 'Synthesis' - attempting disk search for its chunks
02-24 16:37:14.324 17079 17127 D UE4     : [2023.02.25-00.37.14:324][  0]LogShaderLibrary: Display:    ....  not found
02-24 16:37:14.324 17079 17127 D UE4     : [2023.02.25-00.37.14:324][  0]LogShaderLibrary: Display: Running without a pakfile and did not find a monolithic library 'OculusVR' - attempting disk search for its chunks
02-24 16:37:14.325 17079 17127 D UE4     : [2023.02.25-00.37.14:325][  0]LogShaderLibrary: Display:    ....  not found
02-24 16:37:14.326 17079 17127 D UE4     : [2023.02.25-00.37.14:326][  0]LogShaderLibrary: Display: Running without a pakfile and did not find a monolithic library 'OculusVR' - attempting disk search for its chunks
02-24 16:37:14.327 17079 17127 D UE4     : [2023.02.25-00.37.14:326][  0]LogShaderLibrary: Display:    ....  not found
02-24 16:37:14.327 17079 17127 D UE4     : [2023.02.25-00.37.14:327][  0]LogTemp: Warning: Clearing the OS Cache
02-24 16:37:14.327 17079 17127 D UE4     : [2023.02.25-00.37.14:327][  0]LogODSC: ODSC Thread active.
02-24 16:37:14.354 17079 17127 D UE4     : [2023.02.25-00.37.14:354][  0]LogSlate: Using FreeType 2.10.4
02-24 16:37:14.356 17079 17127 D UE4     : [2023.02.25-00.37.14:356][  0]LogSlate: SlateFontServices - WITH_FREETYPE: 1, WITH_HARFBUZZ: 1
02-24 16:37:14.357 17079 17127 D UE4     : [2023.02.25-00.37.14:357][  0]LogHMD: Failed to load openxr_loader.dll
02-24 16:37:14.357 17079 17127 D UE4     : [2023.02.25-00.37.14:357][  0]LogHMD: Failed to initialize core functions. Please check that you have a valid OpenXR runtime installed.
02-24 16:37:14.359 17079 17151 D UE4     : [2023.02.25-00.37.14:359][  0]LogImageWrapper: Warning: PNG Warning: iCCP: known incorrect sRGB profile
02-24 16:37:14.359 17079 17151 D UE4     : [2023.02.25-00.37.14:359][  0]LogImageWrapper: Warning: PNG Warning: iCCP: known incorrect sRGB profile
02-24 16:37:14.360 17079 17127 D UE4     : [2023.02.25-00.37.14:360][  0]LogImageWrapper: Warning: PNG Warning: iCCP: known incorrect sRGB profile
02-24 16:37:14.360 17079 17127 D UE4     : [2023.02.25-00.37.14:360][  0]LogImageWrapper: Warning: PNG Warning: iCCP: known incorrect sRGB profile
02-24 16:37:14.360 17079 17152 D UE4     : [2023.02.25-00.37.14:360][  0]LogImageWrapper: Warning: PNG Warning: iCCP: known incorrect sRGB profile
02-24 16:37:14.360 17079 17152 D UE4     : [2023.02.25-00.37.14:360][  0]LogImageWrapper: Warning: PNG Warning: iCCP: known incorrect sRGB profile
02-24 16:37:14.361 17079 17150 D UE4     : [2023.02.25-00.37.14:361][  0]LogImageWrapper: Warning: PNG Warning: iCCP: known incorrect sRGB profile
02-24 16:37:14.361 17079 17150 D UE4     : [2023.02.25-00.37.14:361][  0]LogImageWrapper: Warning: PNG Warning: iCCP: known incorrect sRGB profile
02-24 16:37:14.362 17079 17151 D UE4     : [2023.02.25-00.37.14:362][  0]LogImageWrapper: Warning: PNG Warning: iCCP: known incorrect sRGB profile
02-24 16:37:14.362 17079 17151 D UE4     : [2023.02.25-00.37.14:362][  0]LogImageWrapper: Warning: PNG Warning: iCCP: known incorrect sRGB profile
02-24 16:37:14.363 17079 17149 D UE4     : [2023.02.25-00.37.14:363][  0]LogImageWrapper: Warning: PNG Warning: iCCP: known incorrect sRGB profile
02-24 16:37:14.363 17079 17149 D UE4     : [2023.02.25-00.37.14:363][  0]LogImageWrapper: Warning: PNG Warning: iCCP: known incorrect sRGB profile
02-24 16:37:14.364 17079 17127 D UE4     : [2023.02.25-00.37.14:364][  0]LogImageWrapper: Warning: PNG Warning: iCCP: known incorrect sRGB profile
02-24 16:37:14.364 17079 17127 D UE4     : [2023.02.25-00.37.14:364][  0]LogImageWrapper: Warning: PNG Warning: iCCP: known incorrect sRGB profile
02-24 16:37:14.365 17079 17152 D UE4     : [2023.02.25-00.37.14:365][  0]LogImageWrapper: Warning: PNG Warning: iCCP: known incorrect sRGB profile
02-24 16:37:14.365 17079 17152 D UE4     : [2023.02.25-00.37.14:365][  0]LogImageWrapper: Warning: PNG Warning: iCCP: known incorrect sRGB profile
02-24 16:37:14.365 17079 17151 D UE4     : [2023.02.25-00.37.14:365][  0]LogImageWrapper: Warning: PNG Warning: iCCP: known incorrect sRGB profile
02-24 16:37:14.366 17079 17151 D UE4     : [2023.02.25-00.37.14:366][  0]LogImageWrapper: Warning: PNG Warning: iCCP: known incorrect sRGB profile
02-24 16:37:14.366 17079 17149 D UE4     : [2023.02.25-00.37.14:366][  0]LogImageWrapper: Warning: PNG Warning: iCCP: known incorrect sRGB profile
02-24 16:37:14.366 17079 17149 D UE4     : [2023.02.25-00.37.14:366][  0]LogImageWrapper: Warning: PNG Warning: iCCP: known incorrect sRGB profile
02-24 16:37:14.367 17079 17150 D UE4     : [2023.02.25-00.37.14:367][  0]LogImageWrapper: Warning: PNG Warning: iCCP: known incorrect sRGB profile
02-24 16:37:14.367 17079 17150 D UE4     : [2023.02.25-00.37.14:367][  0]LogImageWrapper: Warning: PNG Warning: iCCP: known incorrect sRGB profile
02-24 16:37:14.368 17079 17127 D UE4     : [2023.02.25-00.37.14:367][  0]LogImageWrapper: Warning: PNG Warning: iCCP: known incorrect sRGB profile
02-24 16:37:14.368 17079 17127 D UE4     : [2023.02.25-00.37.14:368][  0]LogImageWrapper: Warning: PNG Warning: iCCP: known incorrect sRGB profile
02-24 16:37:14.370 17079 17152 D UE4     : [2023.02.25-00.37.14:370][  0]LogImageWrapper: Warning: PNG Warning: iCCP: known incorrect sRGB profile
02-24 16:37:14.370 17079 17152 D UE4     : [2023.02.25-00.37.14:370][  0]LogImageWrapper: Warning: PNG Warning: iCCP: known incorrect sRGB profile
02-24 16:37:14.370 17079 17127 D UE4     : [2023.02.25-00.37.14:370][  0]LogImageWrapper: Warning: PNG Warning: iCCP: known incorrect sRGB profile
02-24 16:37:14.370 17079 17127 D UE4     : [2023.02.25-00.37.14:370][  0]LogImageWrapper: Warning: PNG Warning: iCCP: known incorrect sRGB profile
02-24 16:37:14.371 17079 17149 D UE4     : [2023.02.25-00.37.14:371][  0]LogImageWrapper: Warning: PNG Warning: iCCP: known incorrect sRGB profile
02-24 16:37:14.371 17079 17149 D UE4     : [2023.02.25-00.37.14:371][  0]LogImageWrapper: Warning: PNG Warning: iCCP: known incorrect sRGB profile
02-24 16:37:14.371 17079 17150 D UE4     : [2023.02.25-00.37.14:371][  0]LogImageWrapper: Warning: PNG Warning: iCCP: known incorrect sRGB profile
02-24 16:37:14.371 17079 17150 D UE4     : [2023.02.25-00.37.14:371][  0]LogImageWrapper: Warning: PNG Warning: iCCP: known incorrect sRGB profile
02-24 16:37:14.372 17079 17152 D UE4     : [2023.02.25-00.37.14:372][  0]LogImageWrapper: Warning: PNG Warning: iCCP: known incorrect sRGB profile
02-24 16:37:14.372 17079 17152 D UE4     : [2023.02.25-00.37.14:372][  0]LogImageWrapper: Warning: PNG Warning: iCCP: known incorrect sRGB profile
02-24 16:37:14.372 17079 17151 D UE4     : [2023.02.25-00.37.14:372][  0]LogImageWrapper: Warning: PNG Warning: iCCP: known incorrect sRGB profile
02-24 16:37:14.372 17079 17151 D UE4     : [2023.02.25-00.37.14:372][  0]LogImageWrapper: Warning: PNG Warning: iCCP: known incorrect sRGB profile
02-24 16:37:14.372 17079 17127 D UE4     : [2023.02.25-00.37.14:372][  0]LogImageWrapper: Warning: PNG Warning: iCCP: known incorrect sRGB profile
02-24 16:37:14.373 17079 17127 D UE4     : [2023.02.25-00.37.14:373][  0]LogImageWrapper: Warning: PNG Warning: iCCP: known incorrect sRGB profile
02-24 16:37:14.373 17079 17150 D UE4     : [2023.02.25-00.37.14:373][  0]LogImageWrapper: Warning: PNG Warning: iCCP: known incorrect sRGB profile
02-24 16:37:14.374 17079 17150 D UE4     : [2023.02.25-00.37.14:373][  0]LogImageWrapper: Warning: PNG Warning: iCCP: known incorrect sRGB profile
02-24 16:37:14.374 17079 17152 D UE4     : [2023.02.25-00.37.14:374][  0]LogImageWrapper: Warning: PNG Warning: iCCP: known incorrect sRGB profile
02-24 16:37:14.374 17079 17152 D UE4     : [2023.02.25-00.37.14:374][  0]LogImageWrapper: Warning: PNG Warning: iCCP: known incorrect sRGB profile
02-24 16:37:14.375 17079 17151 D UE4     : [2023.02.25-00.37.14:375][  0]LogImageWrapper: Warning: PNG Warning: iCCP: known incorrect sRGB profile
02-24 16:37:14.375 17079 17151 D UE4     : [2023.02.25-00.37.14:375][  0]LogImageWrapper: Warning: PNG Warning: iCCP: known incorrect sRGB profile
02-24 16:37:14.375 17079 17149 D UE4     : [2023.02.25-00.37.14:375][  0]LogImageWrapper: Warning: PNG Warning: iCCP: known incorrect sRGB profile
02-24 16:37:14.375 17079 17149 D UE4     : [2023.02.25-00.37.14:375][  0]LogImageWrapper: Warning: PNG Warning: iCCP: known incorrect sRGB profile
02-24 16:37:14.376 17079 17151 D UE4     : [2023.02.25-00.37.14:376][  0]LogImageWrapper: Warning: PNG Warning: iCCP: known incorrect sRGB profile
02-24 16:37:14.376 17079 17151 D UE4     : [2023.02.25-00.37.14:376][  0]LogImageWrapper: Warning: PNG Warning: iCCP: known incorrect sRGB profile
02-24 16:37:14.377 17079 17152 D UE4     : [2023.02.25-00.37.14:377][  0]LogImageWrapper: Warning: PNG Warning: iCCP: known incorrect sRGB profile
02-24 16:37:14.377 17079 17152 D UE4     : [2023.02.25-00.37.14:377][  0]LogImageWrapper: Warning: PNG Warning: iCCP: known incorrect sRGB profile
02-24 16:37:14.377 17079 17127 D UE4     : [2023.02.25-00.37.14:377][  0]LogImageWrapper: Warning: PNG Warning: iCCP: known incorrect sRGB profile
02-24 16:37:14.378 17079 17127 D UE4     : [2023.02.25-00.37.14:378][  0]LogImageWrapper: Warning: PNG Warning: iCCP: known incorrect sRGB profile
02-24 16:37:14.378 17079 17149 D UE4     : [2023.02.25-00.37.14:378][  0]LogImageWrapper: Warning: PNG Warning: iCCP: known incorrect sRGB profile
02-24 16:37:14.378 17079 17149 D UE4     : [2023.02.25-00.37.14:378][  0]LogImageWrapper: Warning: PNG Warning: iCCP: known incorrect sRGB profile
02-24 16:37:14.379 17079 17151 D UE4     : [2023.02.25-00.37.14:379][  0]LogImageWrapper: Warning: PNG Warning: iCCP: known incorrect sRGB profile
02-24 16:37:14.379 17079 17151 D UE4     : [2023.02.25-00.37.14:379][  0]LogImageWrapper: Warning: PNG Warning: iCCP: known incorrect sRGB profile
02-24 16:37:14.380 17079 17127 D UE4     : [2023.02.25-00.37.14:380][  0]LogImageWrapper: Warning: PNG Warning: iCCP: known incorrect sRGB profile
02-24 16:37:14.380 17079 17127 D UE4     : [2023.02.25-00.37.14:380][  0]LogImageWrapper: Warning: PNG Warning: iCCP: known incorrect sRGB profile
02-24 16:37:14.380 17079 17152 D UE4     : [2023.02.25-00.37.14:380][  0]LogImageWrapper: Warning: PNG Warning: iCCP: known incorrect sRGB profile
02-24 16:37:14.380 17079 17152 D UE4     : [2023.02.25-00.37.14:380][  0]LogImageWrapper: Warning: PNG Warning: iCCP: known incorrect sRGB profile
02-24 16:37:14.381 17079 17150 D UE4     : [2023.02.25-00.37.14:381][  0]LogImageWrapper: Warning: PNG Warning: iCCP: known incorrect sRGB profile
02-24 16:37:14.381 17079 17150 D UE4     : [2023.02.25-00.37.14:381][  0]LogImageWrapper: Warning: PNG Warning: iCCP: known incorrect sRGB profile
02-24 16:37:14.382 17079 17127 D UE4     : [2023.02.25-00.37.14:382][  0]LogImageWrapper: Warning: PNG Warning: iCCP: known incorrect sRGB profile
02-24 16:37:14.382 17079 17127 D UE4     : [2023.02.25-00.37.14:382][  0]LogImageWrapper: Warning: PNG Warning: iCCP: known incorrect sRGB profile
02-24 16:37:14.383 17079 17149 D UE4     : [2023.02.25-00.37.14:383][  0]LogImageWrapper: Warning: PNG Warning: iCCP: known incorrect sRGB profile
02-24 16:37:14.383 17079 17149 D UE4     : [2023.02.25-00.37.14:383][  0]LogImageWrapper: Warning: PNG Warning: iCCP: known incorrect sRGB profile
02-24 16:37:14.383 17079 17150 D UE4     : [2023.02.25-00.37.14:383][  0]LogImageWrapper: Warning: PNG Warning: iCCP: known incorrect sRGB profile
02-24 16:37:14.383 17079 17150 D UE4     : [2023.02.25-00.37.14:383][  0]LogImageWrapper: Warning: PNG Warning: iCCP: known incorrect sRGB profile
02-24 16:37:14.383 17079 17151 D UE4     : [2023.02.25-00.37.14:383][  0]LogImageWrapper: Warning: PNG Warning: iCCP: known incorrect sRGB profile
02-24 16:37:14.383 17079 17151 D UE4     : [2023.02.25-00.37.14:383][  0]LogImageWrapper: Warning: PNG Warning: iCCP: cHRM chunk does not match sRGB
02-24 16:37:14.384 17079 17151 D UE4     : [2023.02.25-00.37.14:384][  0]LogImageWrapper: Warning: PNG Warning: iCCP: known incorrect sRGB profile
02-24 16:37:14.384 17079 17151 D UE4     : [2023.02.25-00.37.14:384][  0]LogImageWrapper: Warning: PNG Warning: iCCP: cHRM chunk does not match sRGB
02-24 16:37:14.384 17079 17152 D UE4     : [2023.02.25-00.37.14:384][  0]LogImageWrapper: Warning: PNG Warning: iCCP: known incorrect sRGB profile
02-24 16:37:14.384 17079 17152 D UE4     : [2023.02.25-00.37.14:384][  0]LogImageWrapper: Warning: PNG Warning: iCCP: known incorrect sRGB profile
02-24 16:37:14.385 17079 17150 D UE4     : [2023.02.25-00.37.14:385][  0]LogImageWrapper: Warning: PNG Warning: iCCP: known incorrect sRGB profile
02-24 16:37:14.385 17079 17150 D UE4     : [2023.02.25-00.37.14:385][  0]LogImageWrapper: Warning: PNG Warning: iCCP: known incorrect sRGB profile
02-24 16:37:14.393 17079 17152 D UE4     : [2023.02.25-00.37.14:393][  0]LogImageWrapper: Warning: PNG Warning: iCCP: known incorrect sRGB profile
02-24 16:37:14.393 17079 17152 D UE4     : [2023.02.25-00.37.14:393][  0]LogImageWrapper: Warning: PNG Warning: iCCP: known incorrect sRGB profile
02-24 16:37:14.393 17079 17150 D UE4     : [2023.02.25-00.37.14:393][  0]LogImageWrapper: Warning: PNG Warning: iCCP: known incorrect sRGB profile
02-24 16:37:14.394 17079 17150 D UE4     : [2023.02.25-00.37.14:394][  0]LogImageWrapper: Warning: PNG Warning: iCCP: known incorrect sRGB profile
02-24 16:37:14.395 17079 17152 D UE4     : [2023.02.25-00.37.14:395][  0]LogImageWrapper: Warning: PNG Warning: iCCP: known incorrect sRGB profile
02-24 16:37:14.396 17079 17152 D UE4     : [2023.02.25-00.37.14:396][  0]LogImageWrapper: Warning: PNG Warning: iCCP: known incorrect sRGB profile
02-24 16:37:14.396 17079 17150 D UE4     : [2023.02.25-00.37.14:396][  0]LogImageWrapper: Warning: PNG Warning: iCCP: known incorrect sRGB profile
02-24 16:37:14.396 17079 17150 D UE4     : [2023.02.25-00.37.14:396][  0]LogImageWrapper: Warning: PNG Warning: iCCP: known incorrect sRGB profile
02-24 16:37:14.396 17079 17151 D UE4     : [2023.02.25-00.37.14:396][  0]LogImageWrapper: Warning: PNG Warning: iCCP: known incorrect sRGB profile
02-24 16:37:14.396 17079 17151 D UE4     : [2023.02.25-00.37.14:396][  0]LogImageWrapper: Warning: PNG Warning: iCCP: known incorrect sRGB profile
02-24 16:37:14.397 17079 17149 D UE4     : [2023.02.25-00.37.14:397][  0]LogImageWrapper: Warning: PNG Warning: iCCP: known incorrect sRGB profile
02-24 16:37:14.397 17079 17149 D UE4     : [2023.02.25-00.37.14:397][  0]LogImageWrapper: Warning: PNG Warning: iCCP: known incorrect sRGB profile
